[ 2026-03-27 21:44:05 | node_8 | INFO ] 🧩 Model added for round 97 (6/9) from ['node_3']
[ 2026-03-27 21:44:06 | node_4 | INFO ] 🎉 Round 97 of 100 finished.
[ 2026-03-27 21:44:06 | node_4 | INFO ] 🗳️ [DETERMINISTIC] Train set assigned (No Voting). Size: 10
[ 2026-03-27 21:44:06 | node_4 | INFO ] ♻️ Proactively processing 7 early models for round 97.
[ 2026-03-27 21:44:06 | node_4 | INFO ] 🧩 Model added for round 97 (1/10) from ['node']
[ 2026-03-27 21:44:06 | node_4 | INFO ] 🧩 Model added for round 97 (2/10) from ['node_8']
[ 2026-03-27 21:44:06 | node_4 | INFO ] 🧩 Model added for round 97 (3/10) from ['node_1']
[ 2026-03-27 21:44:06 | node_4 | INFO ] 🧩 Model added for round 97 (4/10) from ['node_6']
[ 2026-03-27 21:44:06 | node_4 | INFO ] 🧩 Model added for round 97 (5/10) from ['node_3']
[ 2026-03-27 21:44:06 | node_4 | INFO ] 🧩 Model added for round 97 (6/10) from ['node_5']
[ 2026-03-27 21:44:06 | node_4 | INFO ] 🧩 Model added for round 97 (7/10) from ['node_2']
[ 2026-03-27 21:44:06 | node_4 | INFO ] 🏋️‍♀️ Preparing training...
[ 2026-03-27 21:44:06 | node_9 | INFO ] ⏹️  Gossiping exited for 10 equal rounds.
[ 2026-03-27 21:44:06 | node_9 | INFO ] 🔬 Evaluating...
[ 2026-03-27 21:44:06 | node_4 | INFO ] 🎓 Training step done.
[ 2026-03-27 21:44:06 | node_4 | INFO ] 🛠️ Calling force_add_local_model...
[ 2026-03-27 21:44:07 | node_4 | INFO ] ✅ [FORCE] Local model added for round 97. (8/10)
[ 2026-03-27 21:44:07 | node_9 | INFO ] 📈 Evaluated. Results: {'test_loss': 0.4567294418811798, 'test_acc': 0.9495267868041992, 'test_precision': 0.37486857175827026, 'test_recall': 0.3416330814361572, 'test_f1': 0.3538546562194824, 'communication_cost': 30107168}
[ 2026-03-27 21:44:07 | node_9 | INFO ] 📢 Broadcasting metrics.
[ 2026-03-27 21:44:07 | node_7 | INFO ] ⏹️  Gossiping exited for 10 equal rounds.
[ 2026-03-27 21:44:07 | node_7 | INFO ] 🔬 Evaluating...
[ 2026-03-27 21:44:07 | node_7 | INFO ] 📈 Evaluated. Results: {'test_loss': 0.695717453956604, 'test_acc': 0.9614984393119812, 'test_precision': 0.4854379892349243, 'test_recall': 0.47208109498023987, 'test_f1': 0.47853392362594604, 'communication_cost': 30107168}
[ 2026-03-27 21:44:07 | node_7 | INFO ] 📢 Broadcasting metrics.
[ 2026-03-27 21:44:07 | node_9 | INFO ] 🎉 Round 97 of 100 finished.
[ 2026-03-27 21:44:07 | node_9 | INFO ] 🗳️ [DETERMINISTIC] Train set assigned (No Voting). Size: 10
[ 2026-03-27 21:44:07 | node_9 | INFO ] ♻️ Proactively processing 6 early models for round 97.
[ 2026-03-27 21:44:07 | node_9 | INFO ] 🧩 Model added for round 97 (1/9) from ['node']
[ 2026-03-27 21:44:07 | node_9 | INFO ] 🧩 Model added for round 97 (2/9) from ['node_8']
[ 2026-03-27 21:44:07 | node_9 | INFO ] 🧩 Model added for round 97 (3/9) from ['node_1']
[ 2026-03-27 21:44:07 | node_9 | INFO ] 🧩 Model added for round 97 (4/9) from ['node_6']
[ 2026-03-27 21:44:07 | node_9 | INFO ] 🧩 Model added for round 97 (5/9) from ['node_3']
[ 2026-03-27 21:44:07 | node_9 | INFO ] 🧩 Model added for round 97 (6/9) from ['node_2']
[ 2026-03-27 21:44:07 | node_9 | INFO ] 🏋️‍♀️ Preparing training...
[ 2026-03-27 21:44:08 | node_7 | INFO ] 🎉 Round 97 of 100 finished.
[ 2026-03-27 21:44:08 | node_7 | INFO ] 🗳️ [DETERMINISTIC] Train set assigned (No Voting). Size: 10
[ 2026-03-27 21:44:08 | node_7 | INFO ] ♻️ Proactively processing 6 early models for round 97.
[ 2026-03-27 21:44:08 | node_7 | INFO ] 🧩 Model added for round 97 (1/9) from ['node']
[ 2026-03-27 21:44:08 | node_7 | INFO ] 🧩 Model added for round 97 (2/9) from ['node_1']
[ 2026-03-27 21:44:08 | node_7 | INFO ] 🧩 Model added for round 97 (3/9) from ['node_8']
[ 2026-03-27 21:44:08 | node_7 | INFO ] 🧩 Model added for round 97 (4/9) from ['node_3']
[ 2026-03-27 21:44:08 | node_7 | INFO ] 🧩 Model added for round 97 (5/9) from ['node_5']
[ 2026-03-27 21:44:08 | node_7 | INFO ] 🧩 Model added for round 97 (6/9) from ['node_2']
[ 2026-03-27 21:44:08 | node_7 | INFO ] 🏋️‍♀️ Preparing training...
[ 2026-03-27 21:44:09 | node_9 | INFO ] 🎓 Training step done.
[ 2026-03-27 21:44:09 | node_9 | INFO ] 🛠️ Calling force_add_local_model...
[ 2026-03-27 21:44:09 | node_9 | INFO ] ✅ [FORCE] Local model added for round 97. (7/9)
[ 2026-03-27 21:44:10 | node_7 | INFO ] 🎓 Training step done.
[ 2026-03-27 21:44:10 | node_7 | INFO ] 🛠️ Calling force_add_local_model...
[ 2026-03-27 21:44:11 | node_7 | INFO ] ✅ [FORCE] Local model added for round 97. (7/9)
[ 2026-03-27 21:44:12 | node_4 | INFO ] 📤 Sending model to 9 direct neighbors: ['node', 'node_1', 'node_2', 'node_3', 'node_5', 'node_6', 'node_7', 'node_8', 'node_9']
[ 2026-03-27 21:44:12 | node | INFO ] 🧩 Model added for round 97 (8/10) from ['node_4']
[ 2026-03-27 21:44:12 | node_1 | INFO ] 🧩 Model added for round 97 (6/8) from ['node_4']
[ 2026-03-27 21:44:12 | node_2 | INFO ] 🧩 Model added for round 97 (6/8) from ['node_4']
[ 2026-03-27 21:44:12 | node_3 | INFO ] 🧩 Model added for round 97 (8/10) from ['node_4']
[ 2026-03-27 21:44:13 | node_5 | INFO ] 🧩 Model added for round 97 (8/9) from ['node_4']
[ 2026-03-27 21:44:13 | node_6 | INFO ] 🧩 Model added for round 97 (7/8) from ['node_4']
[ 2026-03-27 21:44:13 | node_7 | INFO ] 🧩 Model added for round 97 (8/9) from ['node_4']
[ 2026-03-27 21:44:13 | node_8 | INFO ] 🧩 Model added for round 97 (7/9) from ['node_4']
[ 2026-03-27 21:44:14 | node_9 | INFO ] 🧩 Model added for round 97 (8/9) from ['node_4']
[ 2026-03-27 21:44:14 | node_9 | INFO ] 📤 Sending model to 8 direct neighbors: ['node', 'node_1', 'node_2', 'node_3', 'node_4', 'node_6', 'node_7', 'node_8']
[ 2026-03-27 21:44:14 | node | INFO ] 🧩 Model added for round 97 (9/10) from ['node_9']
[ 2026-03-27 21:44:14 | node_1 | INFO ] 🧩 Model added for round 97 (7/8) from ['node_9']
[ 2026-03-27 21:44:15 | node_2 | INFO ] 🧩 Model added for round 97 (7/8) from ['node_9']
[ 2026-03-27 21:44:15 | node_3 | INFO ] 🧩 Model added for round 97 (9/10) from ['node_9']
[ 2026-03-27 21:44:15 | node_4 | INFO ] 🧩 Model added for round 97 (9/10) from ['node_9']
[ 2026-03-27 21:44:15 | node_6 | INFO ] 🧩 Model added for round 97 (8/8) from ['node_9']
[ 2026-03-27 21:44:16 | node_7 | INFO ] 📤 Sending model to 8 direct neighbors: ['node', 'node_1', 'node_2', 'node_3', 'node_4', 'node_5', 'node_8', 'node_9']
[ 2026-03-27 21:44:16 | node_7 | INFO ] 🧩 Model added for round 97 (9/9) from ['node_9']
[ 2026-03-27 21:44:16 | node | INFO ] 🧩 Model added for round 97 (10/10) from ['node_7']
[ 2026-03-27 21:44:16 | node | INFO ] 🧠 Aggregation complete. Setting new model.
[ 2026-03-27 21:44:16 | node_6 | INFO ] 🧠 Aggregation complete. Setting new model.
[ 2026-03-27 21:44:16 | node_6 | INFO ] 🗣️ Gossiping aggregated model.
[ 2026-03-27 21:44:16 | node_8 | INFO ] 🧩 Model added for round 97 (8/9) from ['node_9']
[ 2026-03-27 21:44:16 | node | INFO ] 🗣️ Gossiping aggregated model.
[ 2026-03-27 21:44:16 | node_1 | INFO ] 🧩 Model added for round 97 (8/8) from ['node_7']
[ 2026-03-27 21:44:16 | node_2 | INFO ] 🧩 Model added for round 97 (8/8) from ['node_7']
[ 2026-03-27 21:44:17 | node_1 | INFO ] 🧠 Aggregation complete. Setting new model.
[ 2026-03-27 21:44:17 | node_2 | INFO ] 🧠 Aggregation complete. Setting new model.
[ 2026-03-27 21:44:17 | node_1 | INFO ] 🗣️ Gossiping aggregated model.
[ 2026-03-27 21:44:17 | node_2 | INFO ] 🗣️ Gossiping aggregated model.
[ 2026-03-27 21:44:17 | node_3 | INFO ] 🧩 Model added for round 97 (10/10) from ['node_7']
[ 2026-03-27 21:44:17 | node_4 | INFO ] 🧩 Model added for round 97 (10/10) from ['node_7']
[ 2026-03-27 21:44:17 | node_3 | INFO ] 🧠 Aggregation complete. Setting new model.
[ 2026-03-27 21:44:17 | node_4 | INFO ] 🧠 Aggregation complete. Setting new model.
[ 2026-03-27 21:44:18 | node_5 | INFO ] 🧩 Model added for round 97 (9/9) from ['node_7']
[ 2026-03-27 21:44:18 | node_5 | INFO ] 🧠 Aggregation complete. Setting new model.
[ 2026-03-27 21:44:18 | node_3 | INFO ] 🗣️ Gossiping aggregated model.
[ 2026-03-27 21:44:18 | node_4 | INFO ] 🗣️ Gossiping aggregated model.
[ 2026-03-27 21:44:18 | node_5 | INFO ] 🗣️ Gossiping aggregated model.
[ 2026-03-27 21:44:18 | node_8 | INFO ] 🧩 Model added for round 97 (9/9) from ['node_7']
[ 2026-03-27 21:44:18 | node_9 | INFO ] 🧩 Model added for round 97 (9/9) from ['node_7']
[ 2026-03-27 21:44:19 | node_8 | INFO ] 🧠 Aggregation complete. Setting new model.
[ 2026-03-27 21:44:19 | node_9 | INFO ] 🧠 Aggregation complete. Setting new model.
[ 2026-03-27 21:44:19 | node_7 | INFO ] 🧠 Aggregation complete. Setting new model.
[ 2026-03-27 21:44:19 | node_8 | INFO ] 🗣️ Gossiping aggregated model.
[ 2026-03-27 21:44:19 | node_7 | INFO ] 🗣️ Gossiping aggregated model.
[ 2026-03-27 21:44:19 | node_7 | INFO ] 🤫 Gossip finished.
[ 2026-03-27 21:44:19 | node_6 | INFO ] 🤫 Gossip finished.
[ 2026-03-27 21:44:19 | node_9 | INFO ] 🗣️ Gossiping aggregated model.
[ 2026-03-27 21:44:19 | node_7 | INFO ] 🔬 Evaluating...
[ 2026-03-27 21:44:19 | node_6 | INFO ] 🔬 Evaluating...
[ 2026-03-27 21:44:19 | node_7 | INFO ] 📈 Evaluated. Results: {'test_loss': 0.723793625831604, 'test_acc': 0.95005202293396, 'test_precision': 0.3560364842414856, 'test_recall': 0.3430432677268982, 'test_f1': 0.349311888217926, 'communication_cost': 30107168}
[ 2026-03-27 21:44:19 | node_7 | INFO ] 📢 Broadcasting metrics.
[ 2026-03-27 21:44:19 | node_6 | INFO ] 📈 Evaluated. Results: {'test_loss': 1.6172980070114136, 'test_acc': 0.782150387763977, 'test_precision': 0.42913952469825745, 'test_recall': 0.38516485691070557, 'test_f1': 0.40214791893959045, 'communication_cost': 26343772}
[ 2026-03-27 21:44:19 | node_6 | INFO ] 📢 Broadcasting metrics.
[ 2026-03-27 21:44:20 | node_6 | INFO ] 🎉 Round 98 of 100 finished.
[ 2026-03-27 21:44:20 | node_7 | INFO ] 🎉 Round 98 of 100 finished.
[ 2026-03-27 21:44:20 | node_7 | INFO ] 🗳️ [DETERMINISTIC] Train set assigned (No Voting). Size: 10
[ 2026-03-27 21:44:20 | node_6 | INFO ] 🗳️ [DETERMINISTIC] Train set assigned (No Voting). Size: 10
[ 2026-03-27 21:44:20 | node_7 | INFO ] 🏋️‍♀️ Preparing training...
[ 2026-03-27 21:44:20 | node_6 | INFO ] 🏋️‍♀️ Preparing training...
[ 2026-03-27 21:44:21 | node_6 | INFO ] 🎓 Training step done.
[ 2026-03-27 21:44:22 | node_6 | INFO ] 🛠️ Calling force_add_local_model...
[ 2026-03-27 21:44:22 | node_6 | INFO ] ✅ [FORCE] Local model added for round 98. (1/8)
[ 2026-03-27 21:44:23 | node_7 | INFO ] 🎓 Training step done.
[ 2026-03-27 21:44:23 | node_7 | INFO ] 🛠️ Calling force_add_local_model...
[ 2026-03-27 21:44:23 | node_7 | INFO ] ✅ [FORCE] Local model added for round 98. (1/9)
[ 2026-03-27 21:44:27 | node_6 | INFO ] 📤 Sending model to 7 direct neighbors: ['node', 'node_2', 'node_3', 'node_4', 'node_5', 'node_8', 'node_9']
[ 2026-03-27 21:44:28 | node_7 | INFO ] 📤 Sending model to 8 direct neighbors: ['node', 'node_1', 'node_2', 'node_3', 'node_4', 'node_5', 'node_8', 'node_9']
[ 2026-03-27 21:44:30 | node | INFO ] ⏹️  Gossiping exited for 10 equal rounds.
[ 2026-03-27 21:44:30 | node | INFO ] 🔬 Evaluating...
[ 2026-03-27 21:44:31 | node | INFO ] 📈 Evaluated. Results: {'test_loss': 1.7188489437103271, 'test_acc': 0.8501560688018799, 'test_precision': 0.34078192710876465, 'test_recall': 0.3032180368900299, 'test_f1': 0.3194010257720947, 'communication_cost': 33870564}
[ 2026-03-27 21:44:31 | node | INFO ] 📢 Broadcasting metrics.
[ 2026-03-27 21:44:31 | node | INFO ] 🎉 Round 98 of 100 finished.
[ 2026-03-27 21:44:31 | node | INFO ] 🗳️ [DETERMINISTIC] Train set assigned (No Voting). Size: 10
[ 2026-03-27 21:44:31 | node | INFO ] ♻️ Proactively processing 2 early models for round 98.
[ 2026-03-27 21:44:31 | node | INFO ] 🧩 Model added for round 98 (1/10) from ['node_6']
[ 2026-03-27 21:44:31 | node | INFO ] 🧩 Model added for round 98 (2/10) from ['node_7']
[ 2026-03-27 21:44:31 | node | INFO ] 🏋️‍♀️ Preparing training...
[ 2026-03-27 21:44:32 | node_3 | INFO ] ⏹️  Gossiping exited for 10 equal rounds.
[ 2026-03-27 21:44:32 | node | INFO ] 🎓 Training step done.
[ 2026-03-27 21:44:32 | node_2 | INFO ] ⏹️  Gossiping exited for 10 equal rounds.
[ 2026-03-27 21:44:32 | node_3 | INFO ] 🔬 Evaluating...
[ 2026-03-27 21:44:32 | node_2 | INFO ] 🔬 Evaluating...
[ 2026-03-27 21:44:32 | node | INFO ] 🛠️ Calling force_add_local_model...
[ 2026-03-27 21:44:32 | node | INFO ] ✅ [FORCE] Local model added for round 98. (3/10)
[ 2026-03-27 21:44:32 | node_3 | INFO ] 📈 Evaluated. Results: {'test_loss': 1.0877960920333862, 'test_acc': 0.8385518789291382, 'test_precision': 0.2223806381225586, 'test_recall': 0.18872691690921783, 'test_f1': 0.20371577143669128, 'communication_cost': 33870564}
[ 2026-03-27 21:44:32 | node_3 | INFO ] 📢 Broadcasting metrics.
[ 2026-03-27 21:44:32 | node_2 | INFO ] 📈 Evaluated. Results: {'test_loss': 1.0213253498077393, 'test_acc': 0.9324734210968018, 'test_precision': 0.4228624403476715, 'test_recall': 0.4072539210319519, 'test_f1': 0.4125523269176483, 'communication_cost': 26343772}
[ 2026-03-27 21:44:32 | node_2 | INFO ] 📢 Broadcasting metrics.
[ 2026-03-27 21:44:33 | node_9 | INFO ] ⏹️  Gossiping exited for 10 equal rounds.
[ 2026-03-27 21:44:33 | node_5 | INFO ] ⏹️  Gossiping exited for 10 equal rounds.
[ 2026-03-27 21:44:33 | node_5 | INFO ] 🔬 Evaluating...
[ 2026-03-27 21:44:33 | node_9 | INFO ] 🔬 Evaluating...
[ 2026-03-27 21:44:33 | node_3 | INFO ] 🎉 Round 98 of 100 finished.
[ 2026-03-27 21:44:33 | node_3 | INFO ] 🗳️ [DETERMINISTIC] Train set assigned (No Voting). Size: 10
[ 2026-03-27 21:44:33 | node_3 | INFO ] ♻️ Proactively processing 1 early models for round 98.
[ 2026-03-27 21:44:33 | node_3 | INFO ] 🧩 Model added for round 98 (1/10) from ['node_6']
[ 2026-03-27 21:44:33 | node_3 | INFO ] 🏋️‍♀️ Preparing training...
[ 2026-03-27 21:44:33 | node_4 | INFO ] ⏹️  Gossiping exited for 10 equal rounds.
[ 2026-03-27 21:44:33 | node_4 | INFO ] 🔬 Evaluating...
[ 2026-03-27 21:44:33 | node_8 | INFO ] ⏹️  Gossiping exited for 10 equal rounds.
[ 2026-03-27 21:44:33 | node_8 | INFO ] 🔬 Evaluating...
[ 2026-03-27 21:44:33 | node_9 | INFO ] 📈 Evaluated. Results: {'test_loss': 0.6319758892059326, 'test_acc': 0.9400631189346313, 'test_precision': 0.3712979555130005, 'test_recall': 0.3447551727294922, 'test_f1': 0.35606440901756287, 'communication_cost': 30107168}
[ 2026-03-27 21:44:33 | node_9 | INFO ] 📢 Broadcasting metrics.
[ 2026-03-27 21:44:33 | node_4 | INFO ] 📈 Evaluated. Results: {'test_loss': 1.6777859926223755, 'test_acc': 0.8484848737716675, 'test_precision': 0.5, 'test_recall': 0.452091783285141, 'test_f1': 0.47372549772262573, 'communication_cost': 33870564}
[ 2026-03-27 21:44:33 | node_4 | INFO ] 📢 Broadcasting metrics.
[ 2026-03-27 21:44:33 | node_5 | INFO ] 📈 Evaluated. Results: {'test_loss': 1.1878962516784668, 'test_acc': 0.8833792209625244, 'test_precision': 0.4540960490703583, 'test_recall': 0.4272215664386749, 'test_f1': 0.4381008446216583, 'communication_cost': 30107168}
[ 2026-03-27 21:44:33 | node_8 | INFO ] 📈 Evaluated. Results: {'test_loss': 1.1256028413772583, 'test_acc': 0.842900276184082, 'test_precision': 0.2866534888744354, 'test_recall': 0.22419406473636627, 'test_f1': 0.2490667700767517, 'communication_cost': 30107168}
[ 2026-03-27 21:44:33 | node_5 | INFO ] 📢 Broadcasting metrics.
[ 2026-03-27 21:44:33 | node_2 | INFO ] 🎉 Round 98 of 100 finished.
[ 2026-03-27 21:44:33 | node_8 | INFO ] 📢 Broadcasting metrics.
[ 2026-03-27 21:44:33 | node_2 | INFO ] 🗳️ [DETERMINISTIC] Train set assigned (No Voting). Size: 10
[ 2026-03-27 21:44:33 | node_2 | INFO ] ♻️ Proactively processing 1 early models for round 98.
[ 2026-03-27 21:44:33 | node_2 | INFO ] 🧩 Model added for round 98 (1/8) from ['node_6']
[ 2026-03-27 21:44:33 | node_2 | INFO ] 🏋️‍♀️ Preparing training...
[ 2026-03-27 21:44:34 | node_9 | INFO ] 🎉 Round 98 of 100 finished.
[ 2026-03-27 21:44:34 | node_9 | INFO ] 🗳️ [DETERMINISTIC] Train set assigned (No Voting). Size: 10
[ 2026-03-27 21:44:34 | node_9 | INFO ] ♻️ Proactively processing 1 early models for round 98.
[ 2026-03-27 21:44:34 | node_9 | INFO ] 🧩 Model added for round 98 (1/9) from ['node_6']
[ 2026-03-27 21:44:34 | node_9 | INFO ] 🏋️‍♀️ Preparing training...
[ 2026-03-27 21:44:34 | node_5 | INFO ] 🎉 Round 98 of 100 finished.
[ 2026-03-27 21:44:34 | node_5 | INFO ] 🗳️ [DETERMINISTIC] Train set assigned (No Voting). Size: 10
[ 2026-03-27 21:44:34 | node_5 | INFO ] ♻️ Proactively processing 1 early models for round 98.
[ 2026-03-27 21:44:34 | node_5 | INFO ] 🧩 Model added for round 98 (1/9) from ['node_6']
[ 2026-03-27 21:44:34 | node_8 | INFO ] 🎉 Round 98 of 100 finished.
[ 2026-03-27 21:44:34 | node_5 | INFO ] 🏋️‍♀️ Preparing training...
[ 2026-03-27 21:44:34 | node_4 | INFO ] 🎉 Round 98 of 100 finished.
[ 2026-03-27 21:44:34 | node_8 | INFO ] 🗳️ [DETERMINISTIC] Train set assigned (No Voting). Size: 10
[ 2026-03-27 21:44:34 | node_4 | INFO ] 🗳️ [DETERMINISTIC] Train set assigned (No Voting). Size: 10
[ 2026-03-27 21:44:34 | node_4 | INFO ] ♻️ Proactively processing 1 early models for round 98.
[ 2026-03-27 21:44:34 | node_8 | INFO ] ♻️ Proactively processing 1 early models for round 98.
[ 2026-03-27 21:44:34 | node_4 | INFO ] 🧩 Model added for round 98 (1/10) from ['node_6']
[ 2026-03-27 21:44:34 | node_4 | INFO ] 🏋️‍♀️ Preparing training...
[ 2026-03-27 21:44:34 | node_8 | INFO ] 🧩 Model added for round 98 (1/9) from ['node_6']
[ 2026-03-27 21:44:34 | node_8 | INFO ] 🏋️‍♀️ Preparing training...
[ 2026-03-27 21:44:34 | node_2 | INFO ] 🧩 Model added for round 98 (2/8) from ['node_7']
[ 2026-03-27 21:44:35 | node_3 | INFO ] 🧩 Model added for round 98 (2/10) from ['node_7']
[ 2026-03-27 21:44:35 | node_4 | INFO ] 🎓 Training step done.
[ 2026-03-27 21:44:35 | node_4 | INFO ] 🛠️ Calling force_add_local_model...
[ 2026-03-27 21:44:35 | node_4 | INFO ] ✅ [FORCE] Local model added for round 98. (2/10)
[ 2026-03-27 21:44:35 | node_4 | INFO ] 🧩 Model added for round 98 (3/10) from ['node_7']
[ 2026-03-27 21:44:35 | node_5 | INFO ] 🧩 Model added for round 98 (2/9) from ['node_7']
[ 2026-03-27 21:44:36 | node_3 | INFO ] 🎓 Training step done.
[ 2026-03-27 21:44:36 | node_3 | INFO ] 🛠️ Calling force_add_local_model...
[ 2026-03-27 21:44:36 | node_3 | INFO ] ✅ [FORCE] Local model added for round 98. (3/10)
[ 2026-03-27 21:44:36 | node_8 | INFO ] 🧩 Model added for round 98 (2/9) from ['node_7']
[ 2026-03-27 21:44:36 | node_9 | INFO ] 🎓 Training step done.
[ 2026-03-27 21:44:36 | node_9 | INFO ] 🛠️ Calling force_add_local_model...
[ 2026-03-27 21:44:36 | node_9 | INFO ] ✅ [FORCE] Local model added for round 98. (2/9)
[ 2026-03-27 21:44:36 | node_8 | INFO ] 🎓 Training step done.
[ 2026-03-27 21:44:36 | node_8 | INFO ] 🛠️ Calling force_add_local_model...
[ 2026-03-27 21:44:36 | node_8 | INFO ] ✅ [FORCE] Local model added for round 98. (3/9)
[ 2026-03-27 21:44:36 | node_9 | INFO ] 🧩 Model added for round 98 (3/9) from ['node_7']
[ 2026-03-27 21:44:37 | node_2 | INFO ] 🎓 Training step done.
[ 2026-03-27 21:44:37 | node_2 | INFO ] 🛠️ Calling force_add_local_model...
[ 2026-03-27 21:44:37 | node_2 | INFO ] ✅ [FORCE] Local model added for round 98. (3/8)
[ 2026-03-27 21:44:37 | node_5 | INFO ] 🎓 Training step done.
[ 2026-03-27 21:44:37 | node_5 | INFO ] 🛠️ Calling force_add_local_model...
[ 2026-03-27 21:44:37 | node_5 | INFO ] ✅ [FORCE] Local model added for round 98. (3/9)
[ 2026-03-27 21:44:37 | node | INFO ] 📤 Sending model to 9 direct neighbors: ['node_1', 'node_2', 'node_3', 'node_4', 'node_5', 'node_6', 'node_7', 'node_8', 'node_9']
[ 2026-03-27 21:44:37 | node_2 | INFO ] 🧩 Model added for round 98 (4/8) from ['node']
[ 2026-03-27 21:44:37 | node_3 | INFO ] 🧩 Model added for round 98 (4/10) from ['node']
[ 2026-03-27 21:44:38 | node_4 | INFO ] 🧩 Model added for round 98 (4/10) from ['node']
[ 2026-03-27 21:44:38 | node_5 | INFO ] 🧩 Model added for round 98 (4/9) from ['node']
[ 2026-03-27 21:44:38 | node_6 | INFO ] 🧩 Model added for round 98 (2/8) from ['node']
[ 2026-03-27 21:44:38 | node_7 | INFO ] 🧩 Model added for round 98 (2/9) from ['node']
[ 2026-03-27 21:44:39 | node_8 | INFO ] 🧩 Model added for round 98 (4/9) from ['node']
[ 2026-03-27 21:44:39 | node_9 | INFO ] 🧩 Model added for round 98 (4/9) from ['node']
[ 2026-03-27 21:44:40 | node_4 | INFO ] 📤 Sending model to 9 direct neighbors: ['node', 'node_1', 'node_2', 'node_3', 'node_5', 'node_6', 'node_7', 'node_8', 'node_9']
[ 2026-03-27 21:44:40 | node | INFO ] 🧩 Model added for round 98 (4/10) from ['node_4']
[ 2026-03-27 21:44:40 | node_2 | INFO ] 🧩 Model added for round 98 (5/8) from ['node_4']
[ 2026-03-27 21:44:41 | node_3 | INFO ] 📤 Sending model to 9 direct neighbors: ['node', 'node_1', 'node_2', 'node_4', 'node_5', 'node_6', 'node_7', 'node_8', 'node_9']
[ 2026-03-27 21:44:41 | node_3 | INFO ] 🧩 Model added for round 98 (5/10) from ['node_4']
[ 2026-03-27 21:44:41 | node | INFO ] 🧩 Model added for round 98 (5/10) from ['node_3']
[ 2026-03-27 21:44:41 | node_9 | INFO ] 📤 Sending model to 8 direct neighbors: ['node', 'node_1', 'node_2', 'node_3', 'node_4', 'node_6', 'node_7', 'node_8']
[ 2026-03-27 21:44:41 | node_8 | INFO ] 📤 Sending model to 8 direct neighbors: ['node', 'node_1', 'node_3', 'node_4', 'node_5', 'node_6', 'node_7', 'node_9']
[ 2026-03-27 21:44:41 | node | INFO ] 🧩 Model added for round 98 (6/10) from ['node_9']
[ 2026-03-27 21:44:41 | node | INFO ] 🧩 Model added for round 98 (7/10) from ['node_8']
[ 2026-03-27 21:44:41 | node_5 | INFO ] 🧩 Model added for round 98 (5/9) from ['node_4']
[ 2026-03-27 21:44:41 | node_2 | INFO ] 🧩 Model added for round 98 (6/8) from ['node_3']
[ 2026-03-27 21:44:41 | node_6 | INFO ] 🧩 Model added for round 98 (3/8) from ['node_4']
[ 2026-03-27 21:44:41 | node_3 | INFO ] 🧩 Model added for round 98 (6/10) from ['node_8']
[ 2026-03-27 21:44:42 | node_2 | INFO ] 📤 Sending model to 7 direct neighbors: ['node', 'node_3', 'node_4', 'node_5', 'node_6', 'node_7', 'node_9']
[ 2026-03-27 21:44:42 | node_2 | INFO ] 🧩 Model added for round 98 (7/8) from ['node_9']
[ 2026-03-27 21:44:42 | node_1 | INFO ] ⏹️  Gossiping exited for 10 equal rounds.
[ 2026-03-27 21:44:42 | node_5 | INFO ] 📤 Sending model to 8 direct neighbors: ['node', 'node_1', 'node_2', 'node_3', 'node_4', 'node_6', 'node_7', 'node_8']
[ 2026-03-27 21:44:42 | node_4 | INFO ] 🧩 Model added for round 98 (5/10) from ['node_3']
[ 2026-03-27 21:44:42 | node_1 | INFO ] 🔬 Evaluating...
[ 2026-03-27 21:44:42 | node_7 | INFO ] 🧩 Model added for round 98 (3/9) from ['node_4']
[ 2026-03-27 21:44:42 | node | INFO ] 🧩 Model added for round 98 (8/10) from ['node_2']
[ 2026-03-27 21:44:42 | node | INFO ] 🧩 Model added for round 98 (9/10) from ['node_5']
[ 2026-03-27 21:44:42 | node_4 | INFO ] 🧩 Model added for round 98 (6/10) from ['node_8']
[ 2026-03-27 21:44:42 | node_3 | INFO ] 🧩 Model added for round 98 (7/10) from ['node_9']
[ 2026-03-27 21:44:42 | node_1 | INFO ] 📈 Evaluated. Results: {'test_loss': 0.4173647463321686, 'test_acc': 0.9318681359291077, 'test_precision': 0.46667715907096863, 'test_recall': 0.4536207616329193, 'test_f1': 0.45506688952445984, 'communication_cost': 26343772}
[ 2026-03-27 21:44:42 | node_5 | INFO ] 🧩 Model added for round 98 (6/9) from ['node_3']
[ 2026-03-27 21:44:42 | node_1 | INFO ] 📢 Broadcasting metrics.
[ 2026-03-27 21:44:42 | node_8 | INFO ] 🧩 Model added for round 98 (5/9) from ['node_4']
[ 2026-03-27 21:44:42 | node_3 | INFO ] 🧩 Model added for round 98 (8/10) from ['node_2']
[ 2026-03-27 21:44:43 | node_4 | INFO ] 🧩 Model added for round 98 (7/10) from ['node_9']
[ 2026-03-27 21:44:43 | node_5 | INFO ] 🧩 Model added for round 98 (7/9) from ['node_8']
[ 2026-03-27 21:44:43 | node_2 | INFO ] 🧩 Model added for round 98 (8/8) from ['node_5']
[ 2026-03-27 21:44:43 | node_6 | INFO ] 🧩 Model added for round 98 (4/8) from ['node_3']
[ 2026-03-27 21:44:43 | node_9 | INFO ] 🧩 Model added for round 98 (5/9) from ['node_4']
[ 2026-03-27 21:44:43 | node_1 | INFO ] 🎉 Round 98 of 100 finished.
[ 2026-03-27 21:44:43 | node_4 | INFO ] 🧩 Model added for round 98 (8/10) from ['node_2']
[ 2026-03-27 21:44:43 | node_1 | INFO ] 🗳️ [DETERMINISTIC] Train set assigned (No Voting). Size: 10
[ 2026-03-27 21:44:43 | node_6 | INFO ] 🧩 Model added for round 98 (5/8) from ['node_8']
[ 2026-03-27 21:44:43 | node_1 | INFO ] ♻️ Proactively processing 7 early models for round 98.
[ 2026-03-27 21:44:43 | node_6 | INFO ] 🧩 Model added for round 98 (6/8) from ['node_9']
[ 2026-03-27 21:44:43 | node_1 | INFO ] 🧩 Model added for round 98 (1/8) from ['node_7']
[ 2026-03-27 21:44:43 | node_1 | INFO ] 🧩 Model added for round 98 (2/8) from ['node']
[ 2026-03-27 21:44:43 | node_3 | INFO ] 🧩 Model added for round 98 (9/10) from ['node_5']
[ 2026-03-27 21:44:43 | node_1 | INFO ] 🧩 Model added for round 98 (3/8) from ['node_4']
[ 2026-03-27 21:44:43 | node_1 | INFO ] 🧩 Model added for round 98 (4/8) from ['node_3']
[ 2026-03-27 21:44:43 | node_1 | INFO ] 🧩 Model added for round 98 (5/8) from ['node_8']
[ 2026-03-27 21:44:43 | node_1 | INFO ] 🧩 Model added for round 98 (6/8) from ['node_9']
[ 2026-03-27 21:44:43 | node_1 | INFO ] 🧩 Model added for round 98 (7/8) from ['node_5']
[ 2026-03-27 21:44:43 | node_1 | INFO ] 🏋️‍♀️ Preparing training...
[ 2026-03-27 21:44:43 | node_7 | INFO ] 🧩 Model added for round 98 (4/9) from ['node_3']
[ 2026-03-27 21:44:43 | node_7 | INFO ] 🧩 Model added for round 98 (5/9) from ['node_8']
[ 2026-03-27 21:44:43 | node_7 | INFO ] 🧩 Model added for round 98 (6/9) from ['node_9']
[ 2026-03-27 21:44:43 | node_5 | INFO ] 🧩 Model added for round 98 (8/9) from ['node_2']
[ 2026-03-27 21:44:43 | node_4 | INFO ] 🧩 Model added for round 98 (9/10) from ['node_5']
[ 2026-03-27 21:44:44 | node_8 | INFO ] 🧩 Model added for round 98 (6/9) from ['node_3']
[ 2026-03-27 21:44:44 | node_9 | INFO ] 🧩 Model added for round 98 (6/9) from ['node_8']
[ 2026-03-27 21:44:44 | node_8 | INFO ] 🧩 Model added for round 98 (7/9) from ['node_9']
[ 2026-03-27 21:44:44 | node_6 | INFO ] 🧩 Model added for round 98 (7/8) from ['node_2']
[ 2026-03-27 21:44:44 | node_6 | INFO ] 🧩 Model added for round 98 (8/8) from ['node_5']
[ 2026-03-27 21:44:44 | node_9 | INFO ] 🧩 Model added for round 98 (7/9) from ['node_3']
[ 2026-03-27 21:44:44 | node_7 | INFO ] 🧩 Model added for round 98 (7/9) from ['node_2']
[ 2026-03-27 21:44:44 | node_7 | INFO ] 🧩 Model added for round 98 (8/9) from ['node_5']
[ 2026-03-27 21:44:44 | node_6 | INFO ] 🧠 Aggregation complete. Setting new model.
[ 2026-03-27 21:44:44 | node_9 | INFO ] 🧩 Model added for round 98 (8/9) from ['node_2']
[ 2026-03-27 21:44:45 | node_6 | INFO ] 🗣️ Gossiping aggregated model.
[ 2026-03-27 21:44:45 | node_8 | INFO ] 🧩 Model added for round 98 (8/9) from ['node_5']
[ 2026-03-27 21:44:45 | node_2 | INFO ] 🧠 Aggregation complete. Setting new model.
[ 2026-03-27 21:44:45 | node_2 | INFO ] 🗣️ Gossiping aggregated model.
[ 2026-03-27 21:44:45 | node_1 | INFO ] 🎓 Training step done.
[ 2026-03-27 21:44:45 | node_1 | INFO ] 🛠️ Calling force_add_local_model...
[ 2026-03-27 21:44:45 | node_1 | INFO ] ✅ [FORCE] Local model added for round 98. (8/8)
[ 2026-03-27 21:44:50 | node_1 | INFO ] 📤 Sending model to 7 direct neighbors: ['node', 'node_3', 'node_4', 'node_5', 'node_7', 'node_8', 'node_9']
[ 2026-03-27 21:44:50 | node | INFO ] 🧩 Model added for round 98 (10/10) from ['node_1']
[ 2026-03-27 21:44:51 | node_3 | INFO ] 🧩 Model added for round 98 (10/10) from ['node_1']
[ 2026-03-27 21:44:51 | node | INFO ] 🧠 Aggregation complete. Setting new model.
[ 2026-03-27 21:44:51 | node_3 | INFO ] 🧠 Aggregation complete. Setting new model.
[ 2026-03-27 21:44:51 | node_3 | INFO ] 🗣️ Gossiping aggregated model.
[ 2026-03-27 21:44:51 | node | INFO ] 🗣️ Gossiping aggregated model.
[ 2026-03-27 21:44:51 | node_4 | INFO ] 🧩 Model added for round 98 (10/10) from ['node_1']
[ 2026-03-27 21:44:52 | node_5 | INFO ] 🧩 Model added for round 98 (9/9) from ['node_1']
[ 2026-03-27 21:44:52 | node_5 | INFO ] 🧠 Aggregation complete. Setting new model.
[ 2026-03-27 21:44:52 | node_4 | INFO ] 🧠 Aggregation complete. Setting new model.
[ 2026-03-27 21:44:52 | node_7 | INFO ] 🧩 Model added for round 98 (9/9) from ['node_1']
[ 2026-03-27 21:44:52 | node_4 | INFO ] 🗣️ Gossiping aggregated model.
[ 2026-03-27 21:44:52 | node_5 | INFO ] 🗣️ Gossiping aggregated model.
[ 2026-03-27 21:44:52 | node_8 | INFO ] 🧩 Model added for round 98 (9/9) from ['node_1']
[ 2026-03-27 21:44:52 | node_7 | INFO ] 🧠 Aggregation complete. Setting new model.
[ 2026-03-27 21:44:52 | node_8 | INFO ] 🧠 Aggregation complete. Setting new model.
[ 2026-03-27 21:44:52 | node_7 | INFO ] 🗣️ Gossiping aggregated model.
[ 2026-03-27 21:44:52 | node_8 | INFO ] 🗣️ Gossiping aggregated model.
[ 2026-03-27 21:44:52 | node_9 | INFO ] 🧩 Model added for round 98 (9/9) from ['node_1']
[ 2026-03-27 21:44:53 | node_9 | INFO ] 🧠 Aggregation complete. Setting new model.
[ 2026-03-27 21:44:53 | node_1 | INFO ] 🧠 Aggregation complete. Setting new model.
[ 2026-03-27 21:44:53 | node_9 | INFO ] 🗣️ Gossiping aggregated model.
[ 2026-03-27 21:44:53 | node_1 | INFO ] 🗣️ Gossiping aggregated model.
[ 2026-03-27 21:44:58 | node_6 | INFO ] ⏹️  Gossiping exited for 10 equal rounds.
[ 2026-03-27 21:44:58 | node_6 | INFO ] 🔬 Evaluating...
[ 2026-03-27 21:44:58 | node_6 | INFO ] 📈 Evaluated. Results: {'test_loss': 1.2427706718444824, 'test_acc': 0.8200984001159668, 'test_precision': 0.387104868888855, 'test_recall': 0.3498806357383728, 'test_f1': 0.36539608240127563, 'communication_cost': 26343772}
[ 2026-03-27 21:44:58 | node_6 | INFO ] 📢 Broadcasting metrics.
[ 2026-03-27 21:44:58 | node_2 | INFO ] ⏹️  Gossiping exited for 10 equal rounds.
[ 2026-03-27 21:44:59 | node_2 | INFO ] 🔬 Evaluating...
[ 2026-03-27 21:44:59 | node_6 | INFO ] 🎉 Round 99 of 100 finished.
[ 2026-03-27 21:44:59 | node_6 | INFO ] 🗳️ [DETERMINISTIC] Train set assigned (No Voting). Size: 10
[ 2026-03-27 21:44:59 | node_6 | INFO ] 🏋️‍♀️ Preparing training...
[ 2026-03-27 21:44:59 | node_2 | INFO ] 📈 Evaluated. Results: {'test_loss': 0.8222683072090149, 'test_acc': 0.9389225840568542, 'test_precision': 0.4182552993297577, 'test_recall': 0.4039275050163269, 'test_f1': 0.40767163038253784, 'communication_cost': 26343772}
[ 2026-03-27 21:44:59 | node_2 | INFO ] 📢 Broadcasting metrics.
[ 2026-03-27 21:45:00 | node_2 | INFO ] 🎉 Round 99 of 100 finished.
[ 2026-03-27 21:45:00 | node_2 | INFO ] 🗳️ [DETERMINISTIC] Train set assigned (No Voting). Size: 10
[ 2026-03-27 21:45:00 | node_2 | INFO ] 🏋️‍♀️ Preparing training...
[ 2026-03-27 21:45:00 | node_6 | INFO ] 🎓 Training step done.
[ 2026-03-27 21:45:00 | node_6 | INFO ] 🛠️ Calling force_add_local_model...
[ 2026-03-27 21:45:00 | node_6 | INFO ] ✅ [FORCE] Local model added for round 99. (1/8)
[ 2026-03-27 21:45:03 | node_2 | INFO ] 🎓 Training step done.
[ 2026-03-27 21:45:03 | node_2 | INFO ] 🛠️ Calling force_add_local_model...
[ 2026-03-27 21:45:03 | node_2 | INFO ] ✅ [FORCE] Local model added for round 99. (1/8)
[ 2026-03-27 21:45:05 | node | INFO ] ⏹️  Gossiping exited for 10 equal rounds.
[ 2026-03-27 21:45:05 | node | INFO ] 🔬 Evaluating...
[ 2026-03-27 21:45:05 | node_3 | INFO ] ⏹️  Gossiping exited for 10 equal rounds.
[ 2026-03-27 21:45:05 | node_3 | INFO ] 🔬 Evaluating...
[ 2026-03-27 21:45:05 | node_4 | INFO ] ⏹️  Gossiping exited for 10 equal rounds.
[ 2026-03-27 21:45:05 | node_6 | INFO ] 📤 Sending model to 7 direct neighbors: ['node', 'node_2', 'node_3', 'node_4', 'node_5', 'node_8', 'node_9']
[ 2026-03-27 21:45:05 | node_4 | INFO ] 🔬 Evaluating...
[ 2026-03-27 21:45:06 | node | INFO ] 📈 Evaluated. Results: {'test_loss': 1.3027167320251465, 'test_acc': 0.8563995957374573, 'test_precision': 0.34474605321884155, 'test_recall': 0.3111002445220947, 'test_f1': 0.3255079388618469, 'communication_cost': 33870564}
[ 2026-03-27 21:45:06 | node | INFO ] 📢 Broadcasting metrics.
[ 2026-03-27 21:45:06 | node_5 | INFO ] ⏹️  Gossiping exited for 10 equal rounds.
[ 2026-03-27 21:45:06 | node_5 | INFO ] 🔬 Evaluating...
[ 2026-03-27 21:45:06 | node_4 | INFO ] 📈 Evaluated. Results: {'test_loss': 1.038978934288025, 'test_acc': 0.8484848737716675, 'test_precision': 0.5, 'test_recall': 0.44804319739341736, 'test_f1': 0.47182542085647583, 'communication_cost': 33870564}
[ 2026-03-27 21:45:06 | node_4 | INFO ] 📢 Broadcasting metrics.
[ 2026-03-27 21:45:06 | node_3 | INFO ] 📈 Evaluated. Results: {'test_loss': 0.8602188229560852, 'test_acc': 0.8268101811408997, 'test_precision': 0.21535563468933105, 'test_recall': 0.18412426114082336, 'test_f1': 0.19770734012126923, 'communication_cost': 33870564}
[ 2026-03-27 21:45:06 | node_3 | INFO ] 📢 Broadcasting metrics.
[ 2026-03-27 21:45:06 | node_2 | INFO ] 🧩 Model added for round 99 (2/8) from ['node_6']
[ 2026-03-27 21:45:06 | node_8 | INFO ] ⏹️  Gossiping exited for 10 equal rounds.
[ 2026-03-27 21:45:06 | node_8 | INFO ] 🔬 Evaluating...
[ 2026-03-27 21:45:06 | node_5 | INFO ] 📈 Evaluated. Results: {'test_loss': 0.6553152799606323, 'test_acc': 0.9164370894432068, 'test_precision': 0.46148058772087097, 'test_recall': 0.4455370008945465, 'test_f1': 0.45187950134277344, 'communication_cost': 30107168}
[ 2026-03-27 21:45:06 | node_5 | INFO ] 📢 Broadcasting metrics.
[ 2026-03-27 21:45:06 | node_8 | INFO ] 📈 Evaluated. Results: {'test_loss': 0.9285342693328857, 'test_acc': 0.8308157324790955, 'test_precision': 0.2756619453430176, 'test_recall': 0.22094085812568665, 'test_f1': 0.2430041879415512, 'communication_cost': 30107168}
[ 2026-03-27 21:45:06 | node_8 | INFO ] 📢 Broadcasting metrics.
[ 2026-03-27 21:45:06 | node_7 | INFO ] ⏹️  Gossiping exited for 10 equal rounds.
[ 2026-03-27 21:45:06 | node_7 | INFO ] 🔬 Evaluating...
[ 2026-03-27 21:45:06 | node_1 | INFO ] ⏹️  Gossiping exited for 10 equal rounds.
[ 2026-03-27 21:45:06 | node_1 | INFO ] 🔬 Evaluating...
[ 2026-03-27 21:45:06 | node | INFO ] 🎉 Round 99 of 100 finished.
[ 2026-03-27 21:45:06 | node | INFO ] 🗳️ [DETERMINISTIC] Train set assigned (No Voting). Size: 10
[ 2026-03-27 21:45:06 | node | INFO ] ♻️ Proactively processing 1 early models for round 99.
[ 2026-03-27 21:45:06 | node | INFO ] 🧩 Model added for round 99 (1/10) from ['node_6']
[ 2026-03-27 21:45:06 | node | INFO ] 🏋️‍♀️ Preparing training...
[ 2026-03-27 21:45:06 | node_4 | INFO ] 🎉 Round 99 of 100 finished.
[ 2026-03-27 21:45:06 | node_4 | INFO ] 🗳️ [DETERMINISTIC] Train set assigned (No Voting). Size: 10
[ 2026-03-27 21:45:07 | node_4 | INFO ] ♻️ Proactively processing 1 early models for round 99.
[ 2026-03-27 21:45:07 | node_4 | INFO ] 🧩 Model added for round 99 (1/10) from ['node_6']
[ 2026-03-27 21:45:07 | node_4 | INFO ] 🏋️‍♀️ Preparing training...
[ 2026-03-27 21:45:07 | node_3 | INFO ] 🎉 Round 99 of 100 finished.
[ 2026-03-27 21:45:07 | node | INFO ] 🎓 Training step done.
[ 2026-03-27 21:45:07 | node_3 | INFO ] 🗳️ [DETERMINISTIC] Train set assigned (No Voting). Size: 10
[ 2026-03-27 21:45:07 | node | INFO ] 🛠️ Calling force_add_local_model...
[ 2026-03-27 21:45:07 | node_9 | INFO ] ⏹️  Gossiping exited for 10 equal rounds.
[ 2026-03-27 21:45:07 | node_3 | INFO ] ♻️ Proactively processing 1 early models for round 99.
[ 2026-03-27 21:45:07 | node_9 | INFO ] 🔬 Evaluating...
[ 2026-03-27 21:45:07 | node | INFO ] ✅ [FORCE] Local model added for round 99. (2/10)
[ 2026-03-27 21:45:07 | node_3 | INFO ] 🧩 Model added for round 99 (1/10) from ['node_6']
[ 2026-03-27 21:45:07 | node_3 | INFO ] 🏋️‍♀️ Preparing training...
[ 2026-03-27 21:45:07 | node_7 | INFO ] 📈 Evaluated. Results: {'test_loss': 0.6602475643157959, 'test_acc': 0.9604578614234924, 'test_precision': 0.43757933378219604, 'test_recall': 0.42564427852630615, 'test_f1': 0.43143442273139954, 'communication_cost': 30107168}
[ 2026-03-27 21:45:07 | node_1 | INFO ] 📈 Evaluated. Results: {'test_loss': 0.6664942502975464, 'test_acc': 0.9175823926925659, 'test_precision': 0.4033803939819336, 'test_recall': 0.38673704862594604, 'test_f1': 0.3898485600948334, 'communication_cost': 26343772}
[ 2026-03-27 21:45:07 | node_7 | INFO ] 📢 Broadcasting metrics.
[ 2026-03-27 21:45:07 | node_5 | INFO ] 🎉 Round 99 of 100 finished.
[ 2026-03-27 21:45:07 | node_1 | INFO ] 📢 Broadcasting metrics.
[ 2026-03-27 21:45:07 | node_5 | INFO ] 🗳️ [DETERMINISTIC] Train set assigned (No Voting). Size: 10
[ 2026-03-27 21:45:07 | node_5 | INFO ] ♻️ Proactively processing 1 early models for round 99.
[ 2026-03-27 21:45:07 | node_5 | INFO ] 🧩 Model added for round 99 (1/9) from ['node_6']
[ 2026-03-27 21:45:07 | node_5 | INFO ] 🏋️‍♀️ Preparing training...
[ 2026-03-27 21:45:07 | node_9 | INFO ] 📈 Evaluated. Results: {'test_loss': 0.6042429208755493, 'test_acc': 0.9479495286941528, 'test_precision': 0.4403986930847168, 'test_recall': 0.40872499346733093, 'test_f1': 0.4221079647541046, 'communication_cost': 30107168}
[ 2026-03-27 21:45:07 | node_8 | INFO ] 🎉 Round 99 of 100 finished.
[ 2026-03-27 21:45:07 | node_8 | INFO ] 🗳️ [DETERMINISTIC] Train set assigned (No Voting). Size: 10
[ 2026-03-27 21:45:07 | node_9 | INFO ] 📢 Broadcasting metrics.
[ 2026-03-27 21:45:07 | node_8 | INFO ] ♻️ Proactively processing 1 early models for round 99.
[ 2026-03-27 21:45:07 | node_8 | INFO ] 🧩 Model added for round 99 (1/9) from ['node_6']
[ 2026-03-27 21:45:07 | node_8 | INFO ] 🏋️‍♀️ Preparing training...
[ 2026-03-27 21:45:07 | node_4 | INFO ] 🎓 Training step done.
[ 2026-03-27 21:45:07 | node_4 | INFO ] 🛠️ Calling force_add_local_model...
[ 2026-03-27 21:45:07 | node_4 | INFO ] ✅ [FORCE] Local model added for round 99. (2/10)
[ 2026-03-27 21:45:07 | node_1 | INFO ] 🎉 Round 99 of 100 finished.
[ 2026-03-27 21:45:08 | node_1 | INFO ] 🗳️ [DETERMINISTIC] Train set assigned (No Voting). Size: 10
[ 2026-03-27 21:45:08 | node_1 | INFO ] 🏋️‍♀️ Preparing training...
[ 2026-03-27 21:45:08 | node_7 | INFO ] 🎉 Round 99 of 100 finished.
[ 2026-03-27 21:45:08 | node_7 | INFO ] 🗳️ [DETERMINISTIC] Train set assigned (No Voting). Size: 10
[ 2026-03-27 21:45:08 | node_7 | INFO ] 🏋️‍♀️ Preparing training...
[ 2026-03-27 21:45:08 | node_2 | INFO ] 📤 Sending model to 7 direct neighbors: ['node', 'node_3', 'node_4', 'node_5', 'node_6', 'node_7', 'node_9']
[ 2026-03-27 21:45:08 | node | INFO ] 🧩 Model added for round 99 (3/10) from ['node_2']
[ 2026-03-27 21:45:08 | node_9 | INFO ] 🎉 Round 99 of 100 finished.
[ 2026-03-27 21:45:08 | node_9 | INFO ] 🗳️ [DETERMINISTIC] Train set assigned (No Voting). Size: 10
[ 2026-03-27 21:45:08 | node_9 | INFO ] ♻️ Proactively processing 1 early models for round 99.
[ 2026-03-27 21:45:08 | node_9 | INFO ] 🧩 Model added for round 99 (1/9) from ['node_6']
[ 2026-03-27 21:45:08 | node_9 | INFO ] 🏋️‍♀️ Preparing training...
[ 2026-03-27 21:45:08 | node_3 | INFO ] 🧩 Model added for round 99 (2/10) from ['node_2']
[ 2026-03-27 21:45:08 | node_4 | INFO ] 🧩 Model added for round 99 (3/10) from ['node_2']
[ 2026-03-27 21:45:09 | node_5 | INFO ] 🧩 Model added for round 99 (2/9) from ['node_2']
[ 2026-03-27 21:45:09 | node_6 | INFO ] 🧩 Model added for round 99 (2/8) from ['node_2']
[ 2026-03-27 21:45:09 | node_7 | INFO ] 🧩 Model added for round 99 (1/9) from ['node_2']
[ 2026-03-27 21:45:09 | node_8 | INFO ] 🎓 Training step done.
[ 2026-03-27 21:45:09 | node_8 | INFO ] 🛠️ Calling force_add_local_model...
[ 2026-03-27 21:45:09 | node_8 | INFO ] ✅ [FORCE] Local model added for round 99. (2/9)
[ 2026-03-27 21:45:09 | node_9 | INFO ] 🧩 Model added for round 99 (2/9) from ['node_2']
[ 2026-03-27 21:45:10 | node_3 | INFO ] 🎓 Training step done.
[ 2026-03-27 21:45:10 | node_3 | INFO ] 🛠️ Calling force_add_local_model...
[ 2026-03-27 21:45:10 | node_3 | INFO ] ✅ [FORCE] Local model added for round 99. (3/10)
[ 2026-03-27 21:45:10 | node_9 | INFO ] 🎓 Training step done.
[ 2026-03-27 21:45:10 | node_9 | INFO ] 🛠️ Calling force_add_local_model...
[ 2026-03-27 21:45:10 | node_9 | INFO ] ✅ [FORCE] Local model added for round 99. (3/9)
[ 2026-03-27 21:45:10 | node_5 | INFO ] 🎓 Training step done.
[ 2026-03-27 21:45:10 | node_5 | INFO ] 🛠️ Calling force_add_local_model...
[ 2026-03-27 21:45:10 | node_5 | INFO ] ✅ [FORCE] Local model added for round 99. (3/9)
[ 2026-03-27 21:45:10 | node_1 | INFO ] 🎓 Training step done.
[ 2026-03-27 21:45:10 | node_1 | INFO ] 🛠️ Calling force_add_local_model...
[ 2026-03-27 21:45:10 | node_1 | INFO ] ✅ [FORCE] Local model added for round 99. (1/8)
[ 2026-03-27 21:45:11 | node_7 | INFO ] 🎓 Training step done.
[ 2026-03-27 21:45:11 | node_7 | INFO ] 🛠️ Calling force_add_local_model...
[ 2026-03-27 21:45:11 | node_7 | INFO ] ✅ [FORCE] Local model added for round 99. (2/9)
[ 2026-03-27 21:45:12 | node | INFO ] 📤 Sending model to 9 direct neighbors: ['node_1', 'node_2', 'node_3', 'node_4', 'node_5', 'node_6', 'node_7', 'node_8', 'node_9']
[ 2026-03-27 21:45:12 | node_1 | INFO ] 🧩 Model added for round 99 (2/8) from ['node']
[ 2026-03-27 21:45:12 | node_2 | INFO ] 🧩 Model added for round 99 (3/8) from ['node']
[ 2026-03-27 21:45:12 | node_4 | INFO ] 📤 Sending model to 9 direct neighbors: ['node', 'node_1', 'node_2', 'node_3', 'node_5', 'node_6', 'node_7', 'node_8', 'node_9']
[ 2026-03-27 21:45:12 | node | INFO ] 🧩 Model added for round 99 (4/10) from ['node_4']
[ 2026-03-27 21:45:12 | node_3 | INFO ] 🧩 Model added for round 99 (4/10) from ['node']
[ 2026-03-27 21:45:13 | node_1 | INFO ] 🧩 Model added for round 99 (3/8) from ['node_4']
[ 2026-03-27 21:45:13 | node_4 | INFO ] 🧩 Model added for round 99 (4/10) from ['node']
[ 2026-03-27 21:45:13 | node_2 | INFO ] 🧩 Model added for round 99 (4/8) from ['node_4']
[ 2026-03-27 21:45:13 | node_5 | INFO ] 🧩 Model added for round 99 (4/9) from ['node']
[ 2026-03-27 21:45:14 | node_3 | INFO ] 🧩 Model added for round 99 (5/10) from ['node_4']
[ 2026-03-27 21:45:14 | node_6 | INFO ] 🧩 Model added for round 99 (3/8) from ['node']
[ 2026-03-27 21:45:14 | node_5 | INFO ] 🧩 Model added for round 99 (5/9) from ['node_4']
[ 2026-03-27 21:45:14 | node_7 | INFO ] 🧩 Model added for round 99 (3/9) from ['node']
[ 2026-03-27 21:45:14 | node_6 | INFO ] 🧩 Model added for round 99 (4/8) from ['node_4']
[ 2026-03-27 21:45:14 | node_8 | INFO ] 🧩 Model added for round 99 (3/9) from ['node']
[ 2026-03-27 21:45:14 | node_8 | INFO ] 📤 Sending model to 8 direct neighbors: ['node', 'node_1', 'node_3', 'node_4', 'node_5', 'node_6', 'node_7', 'node_9']
[ 2026-03-27 21:45:14 | node | INFO ] 🧩 Model added for round 99 (5/10) from ['node_8']
[ 2026-03-27 21:45:14 | node_7 | INFO ] 🧩 Model added for round 99 (4/9) from ['node_4']
[ 2026-03-27 21:45:14 | node_9 | INFO ] 🧩 Model added for round 99 (4/9) from ['node']
[ 2026-03-27 21:45:15 | node_3 | INFO ] 📤 Sending model to 9 direct neighbors: ['node', 'node_1', 'node_2', 'node_4', 'node_5', 'node_6', 'node_7', 'node_8', 'node_9']
[ 2026-03-27 21:45:15 | node_1 | INFO ] 🧩 Model added for round 99 (4/8) from ['node_8']
[ 2026-03-27 21:45:15 | node | INFO ] 🧩 Model added for round 99 (6/10) from ['node_3']
[ 2026-03-27 21:45:15 | node_8 | INFO ] 🧩 Model added for round 99 (4/9) from ['node_4']
[ 2026-03-27 21:45:15 | node_9 | INFO ] 📤 Sending model to 8 direct neighbors: ['node', 'node_1', 'node_2', 'node_3', 'node_4', 'node_6', 'node_7', 'node_8']
[ 2026-03-27 21:45:15 | node_5 | INFO ] 📤 Sending model to 8 direct neighbors: ['node', 'node_1', 'node_2', 'node_3', 'node_4', 'node_6', 'node_7', 'node_8']
[ 2026-03-27 21:45:15 | node_1 | INFO ] 📤 Sending model to 7 direct neighbors: ['node', 'node_3', 'node_4', 'node_5', 'node_7', 'node_8', 'node_9']
[ 2026-03-27 21:45:15 | node_3 | INFO ] 🧩 Model added for round 99 (6/10) from ['node_8']
[ 2026-03-27 21:45:15 | node | INFO ] 🧩 Model added for round 99 (7/10) from ['node_9']
[ 2026-03-27 21:45:15 | node | INFO ] 🧩 Model added for round 99 (8/10) from ['node_5']
[ 2026-03-27 21:45:15 | node_9 | INFO ] 🧩 Model added for round 99 (5/9) from ['node_4']
[ 2026-03-27 21:45:15 | node | INFO ] 🧩 Model added for round 99 (9/10) from ['node_1']
[ 2026-03-27 21:45:15 | node_1 | INFO ] 🧩 Model added for round 99 (5/8) from ['node_3']
[ 2026-03-27 21:45:16 | node_4 | INFO ] 🧩 Model added for round 99 (5/10) from ['node_8']
[ 2026-03-27 21:45:16 | node_1 | INFO ] 🧩 Model added for round 99 (6/8) from ['node_5']
[ 2026-03-27 21:45:16 | node_7 | INFO ] 📤 Sending model to 8 direct neighbors: ['node', 'node_1', 'node_2', 'node_3', 'node_4', 'node_5', 'node_8', 'node_9']
[ 2026-03-27 21:45:16 | node_2 | INFO ] 🧩 Model added for round 99 (5/8) from ['node_3']
[ 2026-03-27 21:45:16 | node_1 | INFO ] 🧩 Model added for round 99 (7/8) from ['node_9']
[ 2026-03-27 21:45:16 | node | INFO ] 🧩 Model added for round 99 (10/10) from ['node_7']
[ 2026-03-27 21:45:16 | node_3 | INFO ] 🧩 Model added for round 99 (7/10) from ['node_1']
[ 2026-03-27 21:45:16 | node_2 | INFO ] 🧩 Model added for round 99 (6/8) from ['node_9']
[ 2026-03-27 21:45:16 | node_5 | INFO ] 🧩 Model added for round 99 (6/9) from ['node_8']
[ 2026-03-27 21:45:16 | node_2 | INFO ] 🧩 Model added for round 99 (7/8) from ['node_5']
[ 2026-03-27 21:45:16 | node_4 | INFO ] 🧩 Model added for round 99 (6/10) from ['node_3']
[ 2026-03-27 21:45:16 | node_4 | INFO ] 🧩 Model added for round 99 (7/10) from ['node_1']
[ 2026-03-27 21:45:16 | node_1 | INFO ] 🧩 Model added for round 99 (8/8) from ['node_7']
[ 2026-03-27 21:45:17 | node_3 | INFO ] 🧩 Model added for round 99 (8/10) from ['node_9']
[ 2026-03-27 21:45:17 | node_6 | INFO ] 🧩 Model added for round 99 (5/8) from ['node_8']
[ 2026-03-27 21:45:17 | node_3 | INFO ] 🧩 Model added for round 99 (9/10) from ['node_5']
[ 2026-03-27 21:45:17 | node_5 | INFO ] 🧩 Model added for round 99 (7/9) from ['node_3']
[ 2026-03-27 21:45:17 | node | INFO ] 🧠 Aggregation complete. Setting new model.
[ 2026-03-27 21:45:17 | node_5 | INFO ] 🧩 Model added for round 99 (8/9) from ['node_1']
[ 2026-03-27 21:45:17 | node_2 | INFO ] 🧩 Model added for round 99 (8/8) from ['node_7']
[ 2026-03-27 21:45:17 | node_7 | INFO ] 🧩 Model added for round 99 (5/9) from ['node_8']
[ 2026-03-27 21:45:17 | node | INFO ] 🗣️ Gossiping aggregated model.
[ 2026-03-27 21:45:17 | node_4 | INFO ] 🧩 Model added for round 99 (8/10) from ['node_9']
[ 2026-03-27 21:45:17 | node_6 | INFO ] 🧩 Model added for round 99 (6/8) from ['node_3']
[ 2026-03-27 21:45:17 | node_4 | INFO ] 🧩 Model added for round 99 (9/10) from ['node_5']
[ 2026-03-27 21:45:17 | node_7 | INFO ] 🧩 Model added for round 99 (6/9) from ['node_1']
[ 2026-03-27 21:45:17 | node_3 | INFO ] 🧩 Model added for round 99 (10/10) from ['node_7']
[ 2026-03-27 21:45:18 | node_7 | INFO ] 🧩 Model added for round 99 (7/9) from ['node_3']
[ 2026-03-27 21:45:18 | node_9 | INFO ] 🧩 Model added for round 99 (6/9) from ['node_8']
[ 2026-03-27 21:45:18 | node_6 | INFO ] 🧩 Model added for round 99 (7/8) from ['node_5']
[ 2026-03-27 21:45:18 | node_6 | INFO ] 🧩 Model added for round 99 (8/8) from ['node_9']
[ 2026-03-27 21:45:18 | node_2 | INFO ] 🧠 Aggregation complete. Setting new model.
[ 2026-03-27 21:45:18 | node_6 | INFO ] 🧠 Aggregation complete. Setting new model.
[ 2026-03-27 21:45:18 | node_8 | INFO ] 🧩 Model added for round 99 (5/9) from ['node_1']
[ 2026-03-27 21:45:18 | node_2 | INFO ] 🗣️ Gossiping aggregated model.
[ 2026-03-27 21:45:18 | node_6 | INFO ] 🗣️ Gossiping aggregated model.
[ 2026-03-27 21:45:18 | node_7 | INFO ] 🧩 Model added for round 99 (8/9) from ['node_5']
[ 2026-03-27 21:45:18 | node_7 | INFO ] 🧩 Model added for round 99 (9/9) from ['node_9']
[ 2026-03-27 21:45:18 | node_8 | INFO ] 🧩 Model added for round 99 (6/9) from ['node_3']
[ 2026-03-27 21:45:18 | node_4 | INFO ] 🧩 Model added for round 99 (10/10) from ['node_7']
[ 2026-03-27 21:45:18 | node_9 | INFO ] 🧩 Model added for round 99 (7/9) from ['node_1']
[ 2026-03-27 21:45:19 | node_8 | INFO ] 🧩 Model added for round 99 (7/9) from ['node_5']
[ 2026-03-27 21:45:19 | node_8 | INFO ] 🧩 Model added for round 99 (8/9) from ['node_9']
[ 2026-03-27 21:45:19 | node_9 | INFO ] 🧩 Model added for round 99 (8/9) from ['node_3']
[ 2026-03-27 21:45:19 | node_5 | INFO ] 🧩 Model added for round 99 (9/9) from ['node_7']
[ 2026-03-27 21:45:19 | node_8 | INFO ] 🧩 Model added for round 99 (9/9) from ['node_7']
[ 2026-03-27 21:45:19 | node_5 | INFO ] 🧠 Aggregation complete. Setting new model.
[ 2026-03-27 21:45:19 | node_1 | INFO ] 🧠 Aggregation complete. Setting new model.
[ 2026-03-27 21:45:19 | node_4 | INFO ] 🧠 Aggregation complete. Setting new model.
[ 2026-03-27 21:45:19 | node_3 | INFO ] 🧠 Aggregation complete. Setting new model.
[ 2026-03-27 21:45:19 | node_8 | INFO ] 🧠 Aggregation complete. Setting new model.
[ 2026-03-27 21:45:19 | node_1 | INFO ] 🗣️ Gossiping aggregated model.
[ 2026-03-27 21:45:19 | node_5 | INFO ] 🗣️ Gossiping aggregated model.
[ 2026-03-27 21:45:19 | node_3 | INFO ] 🗣️ Gossiping aggregated model.
[ 2026-03-27 21:45:19 | node_4 | INFO ] 🗣️ Gossiping aggregated model.
[ 2026-03-27 21:45:19 | node_8 | INFO ] 🗣️ Gossiping aggregated model.
[ 2026-03-27 21:45:20 | node_9 | INFO ] 🧩 Model added for round 99 (9/9) from ['node_7']
[ 2026-03-27 21:45:20 | node_9 | INFO ] 🧠 Aggregation complete. Setting new model.
[ 2026-03-27 21:45:20 | node_7 | INFO ] 🧠 Aggregation complete. Setting new model.
[ 2026-03-27 21:45:20 | node_9 | INFO ] 🗣️ Gossiping aggregated model.
[ 2026-03-27 21:45:20 | node_7 | INFO ] 🗣️ Gossiping aggregated model.
[ 2026-03-27 21:45:31 | node | INFO ] ⏹️  Gossiping exited for 10 equal rounds.
[ 2026-03-27 21:45:31 | node | INFO ] 🔬 Evaluating...
[ 2026-03-27 21:45:31 | node | INFO ] 📈 Evaluated. Results: {'test_loss': 1.3011492490768433, 'test_acc': 0.869927167892456, 'test_precision': 0.33303600549697876, 'test_recall': 0.3026457130908966, 'test_f1': 0.31572890281677246, 'communication_cost': 33870564}
[ 2026-03-27 21:45:31 | node | INFO ] 📢 Broadcasting metrics.
[ 2026-03-27 21:45:32 | node | INFO ] 🎉 Round 100 of 100 finished.
[ 2026-03-27 21:45:32 | node | INFO ] 😋 Training finished!!
[ 2026-03-27 21:45:32 | node_2 | INFO ] ⏹️  Gossiping exited for 10 equal rounds.
[ 2026-03-27 21:45:32 | node_2 | INFO ] 🔬 Evaluating...
[ 2026-03-27 21:45:32 | node_6 | INFO ] ⏹️  Gossiping exited for 10 equal rounds.
[ 2026-03-27 21:45:32 | node_6 | INFO ] 🔬 Evaluating...
[ 2026-03-27 21:45:32 | node_6 | INFO ] 📈 Evaluated. Results: {'test_loss': 1.0872044563293457, 'test_acc': 0.8503162264823914, 'test_precision': 0.4001418650150299, 'test_recall': 0.3706277310848236, 'test_f1': 0.3834258019924164, 'communication_cost': 26343772}
[ 2026-03-27 21:45:33 | node_2 | INFO ] 📈 Evaluated. Results: {'test_loss': 1.065454363822937, 'test_acc': 0.9283004403114319, 'test_precision': 0.3616279065608978, 'test_recall': 0.3449319303035736, 'test_f1': 0.3506069481372833, 'communication_cost': 26343772}
[ 2026-03-27 21:45:33 | node_2 | INFO ] 📢 Broadcasting metrics.
[ 2026-03-27 21:45:33 | node_6 | INFO ] 📢 Broadcasting metrics.
[ 2026-03-27 21:45:33 | node_2 | INFO ] 🎉 Round 100 of 100 finished.
[ 2026-03-27 21:45:33 | node_2 | INFO ] 😋 Training finished!!
[ 2026-03-27 21:45:33 | node_6 | INFO ] 🎉 Round 100 of 100 finished.
[ 2026-03-27 21:45:33 | node_6 | INFO ] 😋 Training finished!!
[ 2026-03-27 21:45:33 | node_4 | INFO ] ⏹️  Gossiping exited for 10 equal rounds.
[ 2026-03-27 21:45:34 | node_4 | INFO ] 🔬 Evaluating...
[ 2026-03-27 21:45:34 | node_5 | INFO ] ⏹️  Gossiping exited for 10 equal rounds.
[ 2026-03-27 21:45:34 | node_5 | INFO ] 🔬 Evaluating...
[ 2026-03-27 21:45:34 | node_4 | INFO ] 📈 Evaluated. Results: {'test_loss': 2.6254866123199463, 'test_acc': 0.8181818127632141, 'test_precision': 0.5, 'test_recall': 0.4392712712287903, 'test_f1': 0.4665032625198364, 'communication_cost': 33870564}
[ 2026-03-27 21:45:34 | node_4 | INFO ] 📢 Broadcasting metrics.
[ 2026-03-27 21:45:34 | node_8 | INFO ] ⏹️  Gossiping exited for 10 equal rounds.
[ 2026-03-27 21:45:34 | node_7 | INFO ] ⏹️  Gossiping exited for 10 equal rounds.
[ 2026-03-27 21:45:34 | node_8 | INFO ] 🔬 Evaluating...
[ 2026-03-27 21:45:34 | node_7 | INFO ] 🔬 Evaluating...
[ 2026-03-27 21:45:34 | node_3 | INFO ] ⏹️  Gossiping exited for 10 equal rounds.
[ 2026-03-27 21:45:34 | node_3 | INFO ] 🔬 Evaluating...
[ 2026-03-27 21:45:34 | node_1 | INFO ] ⏹️  Gossiping exited for 10 equal rounds.
[ 2026-03-27 21:45:34 | node_1 | INFO ] 🔬 Evaluating...
[ 2026-03-27 21:45:34 | node_9 | INFO ] ⏹️  Gossiping exited for 10 equal rounds.
[ 2026-03-27 21:45:34 | node_9 | INFO ] 🔬 Evaluating...
[ 2026-03-27 21:45:34 | node_8 | INFO ] 📈 Evaluated. Results: {'test_loss': 0.9242602586746216, 'test_acc': 0.8308157324790955, 'test_precision': 0.2969788610935211, 'test_recall': 0.23560114204883575, 'test_f1': 0.26111069321632385, 'communication_cost': 30107168}
[ 2026-03-27 21:45:34 | node_8 | INFO ] 📢 Broadcasting metrics.
[ 2026-03-27 21:45:34 | node_5 | INFO ] 📈 Evaluated. Results: {'test_loss': 1.025573968887329, 'test_acc': 0.9100092053413391, 'test_precision': 0.4076645076274872, 'test_recall': 0.3876871168613434, 'test_f1': 0.39612722396850586, 'communication_cost': 30107168}
[ 2026-03-27 21:45:34 | node_5 | INFO ] 📢 Broadcasting metrics.
[ 2026-03-27 21:45:34 | node_7 | INFO ] 📈 Evaluated. Results: {'test_loss': 0.6157320141792297, 'test_acc': 0.9604578614234924, 'test_precision': 0.46142932772636414, 'test_recall': 0.44936782121658325, 'test_f1': 0.4551973044872284, 'communication_cost': 30107168}
[ 2026-03-27 21:45:34 | node_7 | INFO ] 📢 Broadcasting metrics.
[ 2026-03-27 21:45:34 | node_9 | INFO ] 📈 Evaluated. Results: {'test_loss': 0.5341761112213135, 'test_acc': 0.9542586803436279, 'test_precision': 0.46324673295021057, 'test_recall': 0.44225066900253296, 'test_f1': 0.4520479738712311, 'communication_cost': 30107168}
[ 2026-03-27 21:45:34 | node_1 | INFO ] 📈 Evaluated. Results: {'test_loss': 0.6309582591056824, 'test_acc': 0.9098901152610779, 'test_precision': 0.43783146142959595, 'test_recall': 0.4162730574607849, 'test_f1': 0.42145875096321106, 'communication_cost': 26343772}
[ 2026-03-27 21:45:34 | node_9 | INFO ] 📢 Broadcasting metrics.
[ 2026-03-27 21:45:34 | node_3 | INFO ] 📈 Evaluated. Results: {'test_loss': 1.2487773895263672, 'test_acc': 0.7592955231666565, 'test_precision': 0.20442956686019897, 'test_recall': 0.16233685612678528, 'test_f1': 0.18027888238430023, 'communication_cost': 33870564}
[ 2026-03-27 21:45:34 | node_1 | INFO ] 📢 Broadcasting metrics.
[ 2026-03-27 21:45:34 | node_3 | INFO ] 📢 Broadcasting metrics.
[ 2026-03-27 21:45:34 | node_4 | INFO ] 🎉 Round 100 of 100 finished.
[ 2026-03-27 21:45:34 | node_4 | INFO ] 😋 Training finished!!
[ 2026-03-27 21:45:35 | node_8 | INFO ] 🎉 Round 100 of 100 finished.
[ 2026-03-27 21:45:35 | node_8 | INFO ] 😋 Training finished!!
[ 2026-03-27 21:45:35 | node_5 | INFO ] 🎉 Round 100 of 100 finished.
[ 2026-03-27 21:45:35 | node_5 | INFO ] 😋 Training finished!!
[ 2026-03-27 21:45:35 | node_7 | INFO ] 🎉 Round 100 of 100 finished.
[ 2026-03-27 21:45:35 | node_7 | INFO ] 😋 Training finished!!
[ 2026-03-27 21:45:35 | node_1 | INFO ] 🎉 Round 100 of 100 finished.
[ 2026-03-27 21:45:35 | node_1 | INFO ] 😋 Training finished!!
[ 2026-03-27 21:45:35 | node_9 | INFO ] 🎉 Round 100 of 100 finished.
[ 2026-03-27 21:45:35 | node_9 | INFO ] 😋 Training finished!!
[ 2026-03-27 21:45:35 | node_3 | INFO ] 🎉 Round 100 of 100 finished.
[ 2026-03-27 21:45:35 | node_3 | INFO ] 😋 Training finished!!
[ 2026-03-27 21:45:35 | None | INFO ] 🏁 All nodes finished training. Waiting 10s for final synchronization...
[ 2026-03-27 21:45:45 | node | INFO ] Stopping node...
[ 2026-03-27 21:45:45 | node | INFO ] 🛑 Stopping gossiper...
[ 2026-03-27 21:45:45 | node | INFO ] InMemoryServer stopped at node
[ 2026-03-27 21:45:45 | node_1 | INFO ] Stopping node...
[ 2026-03-27 21:45:45 | node_1 | INFO ] 🛑 Stopping gossiper...
[ 2026-03-27 21:45:45 | node_1 | INFO ] InMemoryServer stopped at node_1
[ 2026-03-27 21:45:45 | node_2 | INFO ] Stopping node...
[ 2026-03-27 21:45:45 | node_2 | INFO ] 🛑 Stopping gossiper...
[ 2026-03-27 21:45:45 | node_2 | INFO ] InMemoryServer stopped at node_2
[ 2026-03-27 21:45:45 | node_3 | INFO ] Stopping node...
[ 2026-03-27 21:45:45 | node_3 | INFO ] 🛑 Stopping gossiper...
[ 2026-03-27 21:45:45 | node_3 | INFO ] InMemoryServer stopped at node_3
[ 2026-03-27 21:45:45 | node_4 | INFO ] Stopping node...
[ 2026-03-27 21:45:45 | node_4 | INFO ] 🛑 Stopping gossiper...
[ 2026-03-27 21:45:46 | node_4 | INFO ] InMemoryServer stopped at node_4
[ 2026-03-27 21:45:46 | node_5 | INFO ] Stopping node...
[ 2026-03-27 21:45:46 | node_5 | INFO ] 🛑 Stopping gossiper...
[ 2026-03-27 21:45:46 | node_5 | INFO ] InMemoryServer stopped at node_5
[ 2026-03-27 21:45:46 | node_6 | INFO ] Stopping node...
[ 2026-03-27 21:45:46 | node_6 | INFO ] 🛑 Stopping gossiper...
[ 2026-03-27 21:45:46 | node_6 | INFO ] InMemoryServer stopped at node_6
[ 2026-03-27 21:45:46 | node_7 | INFO ] Stopping node...
[ 2026-03-27 21:45:46 | node_7 | INFO ] 🛑 Stopping gossiper...
[ 2026-03-27 21:45:46 | node_7 | INFO ] InMemoryServer stopped at node_7
[ 2026-03-27 21:45:46 | node_8 | INFO ] Stopping node...
[ 2026-03-27 21:45:46 | node_8 | INFO ] 🛑 Stopping gossiper...
[ 2026-03-27 21:45:46 | node_8 | INFO ] InMemoryServer stopped at node_8
[ 2026-03-27 21:45:46 | node_9 | INFO ] Stopping node...
[ 2026-03-27 21:45:46 | node_9 | INFO ] 🛑 Stopping gossiper...
[ 2026-03-27 21:45:47 | node_9 | INFO ] InMemoryServer stopped at node_9
