[ 2026-03-27 20:48:12 | node_4 | INFO ] ⏹️  Gossiping exited for 10 equal rounds.
[ 2026-03-27 20:48:12 | node_4 | INFO ] 🔬 Evaluating...
[ 2026-03-27 20:48:12 | node_3 | INFO ] 📈 Evaluated. Results: {'test_loss': 6.6164984703063965, 'test_acc': 0.5596790313720703, 'test_precision': 0.2939017117023468, 'test_recall': 0.22121654450893402, 'test_f1': 0.22521992027759552, 'communication_cost': 33870564}
[ 2026-03-27 20:48:12 | node_3 | INFO ] 📢 Broadcasting metrics.
[ 2026-03-27 20:48:12 | node_5 | INFO ] ⏹️  Gossiping exited for 10 equal rounds.
[ 2026-03-27 20:48:12 | node_5 | INFO ] 🔬 Evaluating...
[ 2026-03-27 20:48:12 | node_6 | INFO ] ⏹️  Gossiping exited for 10 equal rounds.
[ 2026-03-27 20:48:12 | node_6 | INFO ] 🔬 Evaluating...
[ 2026-03-27 20:48:12 | node_6 | INFO ] 📈 Evaluated. Results: {'test_loss': 3.605724573135376, 'test_acc': 0.7329545617103577, 'test_precision': 0.19524569809436798, 'test_recall': 0.17979134619235992, 'test_f1': 0.17619068920612335, 'communication_cost': 30107168}
[ 2026-03-27 20:48:12 | node_3 | INFO ] 🎉 Round 97 of 100 finished.
[ 2026-03-27 20:48:12 | node_6 | INFO ] 📢 Broadcasting metrics.
[ 2026-03-27 20:48:12 | node_3 | INFO ] 🗳️ [DETERMINISTIC] Train set assigned (No Voting). Size: 10
[ 2026-03-27 20:48:12 | node_7 | INFO ] ⏹️  Gossiping exited for 10 equal rounds.
[ 2026-03-27 20:48:12 | node_3 | INFO ] 🏋️‍♀️ Preparing training...
[ 2026-03-27 20:48:12 | node_7 | INFO ] 🔬 Evaluating...
[ 2026-03-27 20:48:12 | node_4 | INFO ] 📈 Evaluated. Results: {'test_loss': 2.9091951847076416, 'test_acc': 0.6809006333351135, 'test_precision': 0.20879146456718445, 'test_recall': 0.161002054810524, 'test_f1': 0.17408378422260284, 'communication_cost': 33870564}
[ 2026-03-27 20:48:12 | node_4 | INFO ] 📢 Broadcasting metrics.
[ 2026-03-27 20:48:12 | node_5 | INFO ] 📈 Evaluated. Results: {'test_loss': 0.7969261407852173, 'test_acc': 0.9310612082481384, 'test_precision': 0.4406358599662781, 'test_recall': 0.4180152714252472, 'test_f1': 0.4278140962123871, 'communication_cost': 33870564}
[ 2026-03-27 20:48:12 | node_5 | INFO ] 📢 Broadcasting metrics.
[ 2026-03-27 20:48:12 | node_8 | INFO ] ⏹️  Gossiping exited for 10 equal rounds.
[ 2026-03-27 20:48:12 | node_8 | INFO ] 🔬 Evaluating...
[ 2026-03-27 20:48:13 | node_6 | INFO ] 🎉 Round 97 of 100 finished.
[ 2026-03-27 20:48:13 | node_6 | INFO ] 🗳️ [DETERMINISTIC] Train set assigned (No Voting). Size: 10
[ 2026-03-27 20:48:13 | node_6 | INFO ] 🏋️‍♀️ Preparing training...
[ 2026-03-27 20:48:13 | node_8 | INFO ] 📈 Evaluated. Results: {'test_loss': 3.5155587196350098, 'test_acc': 0.708737850189209, 'test_precision': 0.29727232456207275, 'test_recall': 0.33122649788856506, 'test_f1': 0.2937566936016083, 'communication_cost': 30107168}
[ 2026-03-27 20:48:13 | node_8 | INFO ] 📢 Broadcasting metrics.
[ 2026-03-27 20:48:13 | node_4 | INFO ] 🎉 Round 97 of 100 finished.
[ 2026-03-27 20:48:13 | node_4 | INFO ] 🗳️ [DETERMINISTIC] Train set assigned (No Voting). Size: 10
[ 2026-03-27 20:48:13 | node_5 | INFO ] 🎉 Round 97 of 100 finished.
[ 2026-03-27 20:48:13 | node_4 | INFO ] 🏋️‍♀️ Preparing training...
[ 2026-03-27 20:48:13 | node_5 | INFO ] 🗳️ [DETERMINISTIC] Train set assigned (No Voting). Size: 10
[ 2026-03-27 20:48:13 | node_5 | INFO ] 🏋️‍♀️ Preparing training...
[ 2026-03-27 20:48:13 | node_2 | INFO ] 🎓 Training step done.
[ 2026-03-27 20:48:13 | node_2 | INFO ] 🛠️ Calling force_add_local_model...
[ 2026-03-27 20:48:13 | node_2 | INFO ] ✅ [FORCE] Local model added for round 97. (1/9)
[ 2026-03-27 20:48:13 | node_7 | INFO ] 📈 Evaluated. Results: {'test_loss': 0.6297955513000488, 'test_acc': 0.9682772159576416, 'test_precision': 0.5259150862693787, 'test_recall': 0.5162574648857117, 'test_f1': 0.5208401679992676, 'communication_cost': 26343772}
[ 2026-03-27 20:48:13 | node_7 | INFO ] 📢 Broadcasting metrics.
[ 2026-03-27 20:48:13 | node_8 | INFO ] 🎉 Round 97 of 100 finished.
[ 2026-03-27 20:48:13 | node_3 | INFO ] 🎓 Training step done.
[ 2026-03-27 20:48:13 | node_8 | INFO ] 🗳️ [DETERMINISTIC] Train set assigned (No Voting). Size: 10
[ 2026-03-27 20:48:13 | node_3 | INFO ] 🛠️ Calling force_add_local_model...
[ 2026-03-27 20:48:13 | node_3 | INFO ] ✅ [FORCE] Local model added for round 97. (1/10)
[ 2026-03-27 20:48:13 | node_8 | INFO ] 🏋️‍♀️ Preparing training...
[ 2026-03-27 20:48:13 | node_7 | INFO ] 🎉 Round 97 of 100 finished.
[ 2026-03-27 20:48:13 | node_7 | INFO ] 🗳️ [DETERMINISTIC] Train set assigned (No Voting). Size: 10
[ 2026-03-27 20:48:13 | node_7 | INFO ] 🏋️‍♀️ Preparing training...
[ 2026-03-27 20:48:14 | node | INFO ] 🎓 Training step done.
[ 2026-03-27 20:48:14 | node | INFO ] 🛠️ Calling force_add_local_model...
[ 2026-03-27 20:48:14 | node | INFO ] ✅ [FORCE] Local model added for round 97. (1/9)
[ 2026-03-27 20:48:14 | node_1 | INFO ] 📤 Sending model to 7 direct neighbors: ['node', 'node_2', 'node_3', 'node_4', 'node_5', 'node_6', 'node_9']
[ 2026-03-27 20:48:14 | node | INFO ] 🧩 Model added for round 97 (2/9) from ['node_1']
[ 2026-03-27 20:48:14 | node_2 | INFO ] 🧩 Model added for round 97 (2/9) from ['node_1']
[ 2026-03-27 20:48:14 | node_3 | INFO ] 🧩 Model added for round 97 (2/10) from ['node_1']
[ 2026-03-27 20:48:14 | node_5 | INFO ] 🎓 Training step done.
[ 2026-03-27 20:48:14 | node_5 | INFO ] 🛠️ Calling force_add_local_model...
[ 2026-03-27 20:48:14 | node_5 | INFO ] ✅ [FORCE] Local model added for round 97. (1/10)
[ 2026-03-27 20:48:15 | node_4 | INFO ] 🧩 Model added for round 97 (1/10) from ['node_1']
[ 2026-03-27 20:48:15 | node_5 | INFO ] 🧩 Model added for round 97 (2/10) from ['node_1']
[ 2026-03-27 20:48:15 | node_8 | INFO ] 🎓 Training step done.
[ 2026-03-27 20:48:15 | node_8 | INFO ] 🛠️ Calling force_add_local_model...
[ 2026-03-27 20:48:15 | node_8 | INFO ] ✅ [FORCE] Local model added for round 97. (1/9)
[ 2026-03-27 20:48:15 | node_4 | INFO ] 🎓 Training step done.
[ 2026-03-27 20:48:15 | node_4 | INFO ] 🛠️ Calling force_add_local_model...
[ 2026-03-27 20:48:15 | node_6 | INFO ] 🧩 Model added for round 97 (1/9) from ['node_1']
[ 2026-03-27 20:48:15 | node_4 | INFO ] ✅ [FORCE] Local model added for round 97. (2/10)
[ 2026-03-27 20:48:15 | node_9 | INFO ] 🧩 Model added for round 97 (2/8) from ['node_1']
[ 2026-03-27 20:48:15 | node_6 | INFO ] 🎓 Training step done.
[ 2026-03-27 20:48:15 | node_6 | INFO ] 🛠️ Calling force_add_local_model...
[ 2026-03-27 20:48:15 | node_6 | INFO ] ✅ [FORCE] Local model added for round 97. (2/9)
[ 2026-03-27 20:48:16 | node_9 | INFO ] 📤 Sending model to 7 direct neighbors: ['node_1', 'node_2', 'node_3', 'node_4', 'node_5', 'node_6', 'node_8']
[ 2026-03-27 20:48:16 | node_1 | INFO ] 🧩 Model added for round 97 (2/8) from ['node_9']
[ 2026-03-27 20:48:16 | node_2 | INFO ] 🧩 Model added for round 97 (3/9) from ['node_9']
[ 2026-03-27 20:48:16 | node_3 | INFO ] 🧩 Model added for round 97 (3/10) from ['node_9']
[ 2026-03-27 20:48:17 | node_4 | INFO ] 🧩 Model added for round 97 (3/10) from ['node_9']
[ 2026-03-27 20:48:17 | node_5 | INFO ] 🧩 Model added for round 97 (3/10) from ['node_9']
[ 2026-03-27 20:48:17 | node_6 | INFO ] 🧩 Model added for round 97 (3/9) from ['node_9']
[ 2026-03-27 20:48:17 | node_8 | INFO ] 🧩 Model added for round 97 (2/9) from ['node_9']
[ 2026-03-27 20:48:18 | node_2 | INFO ] 📤 Sending model to 8 direct neighbors: ['node', 'node_1', 'node_3', 'node_4', 'node_5', 'node_7', 'node_8', 'node_9']
[ 2026-03-27 20:48:18 | node | INFO ] 🧩 Model added for round 97 (3/9) from ['node_2']
[ 2026-03-27 20:48:18 | node_3 | INFO ] 📤 Sending model to 9 direct neighbors: ['node', 'node_1', 'node_2', 'node_4', 'node_5', 'node_6', 'node_7', 'node_8', 'node_9']
[ 2026-03-27 20:48:18 | node_1 | INFO ] 🧩 Model added for round 97 (3/8) from ['node_2']
[ 2026-03-27 20:48:18 | node | INFO ] 🧩 Model added for round 97 (4/9) from ['node_3']
[ 2026-03-27 20:48:18 | node_7 | INFO ] 🎓 Training step done.
[ 2026-03-27 20:48:18 | node_7 | INFO ] 🛠️ Calling force_add_local_model...
[ 2026-03-27 20:48:18 | node_7 | INFO ] ✅ [FORCE] Local model added for round 97. (1/8)
[ 2026-03-27 20:48:18 | node_3 | INFO ] 🧩 Model added for round 97 (4/10) from ['node_2']
[ 2026-03-27 20:48:18 | node_1 | INFO ] 🧩 Model added for round 97 (4/8) from ['node_3']
[ 2026-03-27 20:48:19 | node_2 | INFO ] 🧩 Model added for round 97 (4/9) from ['node_3']
[ 2026-03-27 20:48:19 | node_4 | INFO ] 🧩 Model added for round 97 (4/10) from ['node_2']
[ 2026-03-27 20:48:19 | node_4 | INFO ] 🧩 Model added for round 97 (5/10) from ['node_3']
[ 2026-03-27 20:48:19 | node_5 | INFO ] 🧩 Model added for round 97 (4/10) from ['node_2']
[ 2026-03-27 20:48:19 | node | INFO ] 📤 Sending model to 8 direct neighbors: ['node_1', 'node_2', 'node_3', 'node_4', 'node_5', 'node_6', 'node_7', 'node_8']
[ 2026-03-27 20:48:19 | node_1 | INFO ] 🧩 Model added for round 97 (5/8) from ['node']
[ 2026-03-27 20:48:19 | node_7 | INFO ] 🧩 Model added for round 97 (2/8) from ['node_2']
[ 2026-03-27 20:48:19 | node_5 | INFO ] 🧩 Model added for round 97 (5/10) from ['node_3']
[ 2026-03-27 20:48:19 | node_2 | INFO ] 🧩 Model added for round 97 (5/9) from ['node']
[ 2026-03-27 20:48:19 | node_8 | INFO ] 🧩 Model added for round 97 (3/9) from ['node_2']
[ 2026-03-27 20:48:19 | node_6 | INFO ] 🧩 Model added for round 97 (4/9) from ['node_3']
[ 2026-03-27 20:48:19 | node_5 | INFO ] 📤 Sending model to 9 direct neighbors: ['node', 'node_1', 'node_2', 'node_3', 'node_4', 'node_6', 'node_7', 'node_8', 'node_9']
[ 2026-03-27 20:48:20 | node_9 | INFO ] 🧩 Model added for round 97 (3/8) from ['node_2']
[ 2026-03-27 20:48:20 | node_3 | INFO ] 🧩 Model added for round 97 (5/10) from ['node']
[ 2026-03-27 20:48:20 | node | INFO ] 🧩 Model added for round 97 (5/9) from ['node_5']
[ 2026-03-27 20:48:20 | node_7 | INFO ] 🧩 Model added for round 97 (3/8) from ['node_3']
[ 2026-03-27 20:48:20 | node_8 | INFO ] 📤 Sending model to 8 direct neighbors: ['node', 'node_2', 'node_3', 'node_4', 'node_5', 'node_6', 'node_7', 'node_9']
[ 2026-03-27 20:48:20 | node_1 | INFO ] 🧩 Model added for round 97 (6/8) from ['node_5']
[ 2026-03-27 20:48:20 | node_4 | INFO ] 🧩 Model added for round 97 (6/10) from ['node']
[ 2026-03-27 20:48:20 | node | INFO ] 🧩 Model added for round 97 (6/9) from ['node_8']
[ 2026-03-27 20:48:20 | node_4 | INFO ] 📤 Sending model to 9 direct neighbors: ['node', 'node_1', 'node_2', 'node_3', 'node_5', 'node_6', 'node_7', 'node_8', 'node_9']
[ 2026-03-27 20:48:20 | node_8 | INFO ] 🧩 Model added for round 97 (4/9) from ['node_3']
[ 2026-03-27 20:48:20 | node_2 | INFO ] 🧩 Model added for round 97 (6/9) from ['node_5']
[ 2026-03-27 20:48:20 | node_5 | INFO ] 🧩 Model added for round 97 (6/10) from ['node']
[ 2026-03-27 20:48:20 | node | INFO ] 🧩 Model added for round 97 (7/9) from ['node_4']
[ 2026-03-27 20:48:20 | node_2 | INFO ] 🧩 Model added for round 97 (7/9) from ['node_8']
[ 2026-03-27 20:48:20 | node_6 | INFO ] 📤 Sending model to 8 direct neighbors: ['node', 'node_1', 'node_3', 'node_4', 'node_5', 'node_7', 'node_8', 'node_9']
[ 2026-03-27 20:48:20 | node_9 | INFO ] 🧩 Model added for round 97 (4/8) from ['node_3']
[ 2026-03-27 20:48:20 | node | INFO ] 🧩 Model added for round 97 (8/9) from ['node_6']
[ 2026-03-27 20:48:21 | node_3 | INFO ] 🧩 Model added for round 97 (6/10) from ['node_5']
[ 2026-03-27 20:48:21 | node_3 | INFO ] 🧩 Model added for round 97 (7/10) from ['node_8']
[ 2026-03-27 20:48:21 | node_1 | INFO ] 🧩 Model added for round 97 (7/8) from ['node_4']
[ 2026-03-27 20:48:21 | node_6 | INFO ] 🧩 Model added for round 97 (5/9) from ['node']
[ 2026-03-27 20:48:21 | node_1 | INFO ] 🧩 Model added for round 97 (8/8) from ['node_6']
[ 2026-03-27 20:48:21 | node_2 | INFO ] 🧩 Model added for round 97 (8/9) from ['node_4']
[ 2026-03-27 20:48:21 | node_4 | INFO ] 🧩 Model added for round 97 (7/10) from ['node_8']
[ 2026-03-27 20:48:21 | node_4 | INFO ] 🧩 Model added for round 97 (8/10) from ['node_5']
[ 2026-03-27 20:48:21 | node_7 | INFO ] 🧩 Model added for round 97 (4/8) from ['node']
[ 2026-03-27 20:48:21 | node_3 | INFO ] 🧩 Model added for round 97 (8/10) from ['node_6']
[ 2026-03-27 20:48:21 | node_3 | INFO ] 🧩 Model added for round 97 (9/10) from ['node_4']
[ 2026-03-27 20:48:21 | node_5 | INFO ] 🧩 Model added for round 97 (7/10) from ['node_8']
[ 2026-03-27 20:48:21 | node_6 | INFO ] 🧩 Model added for round 97 (6/9) from ['node_5']
[ 2026-03-27 20:48:21 | node_8 | INFO ] 🧩 Model added for round 97 (5/9) from ['node']
[ 2026-03-27 20:48:22 | node_4 | INFO ] 🧩 Model added for round 97 (9/10) from ['node_6']
[ 2026-03-27 20:48:22 | node_1 | INFO ] 🧠 Aggregation complete. Setting new model.
[ 2026-03-27 20:48:22 | node_5 | INFO ] 🧩 Model added for round 97 (8/10) from ['node_4']
[ 2026-03-27 20:48:22 | node_6 | INFO ] 🧩 Model added for round 97 (7/9) from ['node_8']
[ 2026-03-27 20:48:22 | node_7 | INFO ] 🧩 Model added for round 97 (5/8) from ['node_5']
[ 2026-03-27 20:48:22 | node_1 | INFO ] 🗣️ Gossiping aggregated model.
[ 2026-03-27 20:48:22 | node_5 | INFO ] 🧩 Model added for round 97 (9/10) from ['node_6']
[ 2026-03-27 20:48:22 | node_6 | INFO ] 🧩 Model added for round 97 (8/9) from ['node_4']
[ 2026-03-27 20:48:22 | node_7 | INFO ] 🧩 Model added for round 97 (6/8) from ['node_8']
[ 2026-03-27 20:48:22 | node_8 | INFO ] 🧩 Model added for round 97 (6/9) from ['node_5']
[ 2026-03-27 20:48:22 | node_7 | INFO ] 🧩 Model added for round 97 (7/8) from ['node_6']
[ 2026-03-27 20:48:22 | node_7 | INFO ] 🧩 Model added for round 97 (8/8) from ['node_4']
[ 2026-03-27 20:48:22 | node_9 | INFO ] 🧩 Model added for round 97 (5/8) from ['node_8']
[ 2026-03-27 20:48:22 | node_9 | INFO ] 🧩 Model added for round 97 (6/8) from ['node_5']
[ 2026-03-27 20:48:22 | node_8 | INFO ] 🧩 Model added for round 97 (7/9) from ['node_6']
[ 2026-03-27 20:48:22 | node_8 | INFO ] 🧩 Model added for round 97 (8/9) from ['node_4']
[ 2026-03-27 20:48:23 | node_9 | INFO ] 🧩 Model added for round 97 (7/8) from ['node_6']
[ 2026-03-27 20:48:23 | node_9 | INFO ] 🧩 Model added for round 97 (8/8) from ['node_4']
[ 2026-03-27 20:48:23 | node_9 | INFO ] 🧠 Aggregation complete. Setting new model.
[ 2026-03-27 20:48:23 | node_9 | INFO ] 🗣️ Gossiping aggregated model.
[ 2026-03-27 20:48:23 | node_7 | INFO ] 📤 Sending model to 7 direct neighbors: ['node', 'node_2', 'node_3', 'node_4', 'node_5', 'node_6', 'node_8']
[ 2026-03-27 20:48:24 | node | INFO ] 🧩 Model added for round 97 (9/9) from ['node_7']
[ 2026-03-27 20:48:24 | node_2 | INFO ] 🧩 Model added for round 97 (9/9) from ['node_7']
[ 2026-03-27 20:48:24 | node_3 | INFO ] 🧩 Model added for round 97 (10/10) from ['node_7']
[ 2026-03-27 20:48:24 | node | INFO ] 🧠 Aggregation complete. Setting new model.
[ 2026-03-27 20:48:24 | node | INFO ] 🗣️ Gossiping aggregated model.
[ 2026-03-27 20:48:24 | node_4 | INFO ] 🧩 Model added for round 97 (10/10) from ['node_7']
[ 2026-03-27 20:48:24 | node_2 | INFO ] 🧠 Aggregation complete. Setting new model.
[ 2026-03-27 20:48:24 | node_2 | INFO ] 🗣️ Gossiping aggregated model.
[ 2026-03-27 20:48:24 | node_5 | INFO ] 🧩 Model added for round 97 (10/10) from ['node_7']
[ 2026-03-27 20:48:25 | node_3 | INFO ] 🧠 Aggregation complete. Setting new model.
[ 2026-03-27 20:48:25 | node_6 | INFO ] 🧩 Model added for round 97 (9/9) from ['node_7']
[ 2026-03-27 20:48:25 | node_4 | INFO ] 🧠 Aggregation complete. Setting new model.
[ 2026-03-27 20:48:25 | node_3 | INFO ] 🗣️ Gossiping aggregated model.
[ 2026-03-27 20:48:25 | node_8 | INFO ] 🧩 Model added for round 97 (9/9) from ['node_7']
[ 2026-03-27 20:48:25 | node_4 | INFO ] 🗣️ Gossiping aggregated model.
[ 2026-03-27 20:48:25 | node_5 | INFO ] 🧠 Aggregation complete. Setting new model.
[ 2026-03-27 20:48:25 | node_5 | INFO ] 🗣️ Gossiping aggregated model.
[ 2026-03-27 20:48:25 | node_6 | INFO ] 🧠 Aggregation complete. Setting new model.
[ 2026-03-27 20:48:25 | node_6 | INFO ] 🗣️ Gossiping aggregated model.
[ 2026-03-27 20:48:25 | node_8 | INFO ] 🧠 Aggregation complete. Setting new model.
[ 2026-03-27 20:48:25 | node_7 | INFO ] 🧠 Aggregation complete. Setting new model.
[ 2026-03-27 20:48:25 | node_8 | INFO ] 🗣️ Gossiping aggregated model.
[ 2026-03-27 20:48:26 | node_7 | INFO ] 🗣️ Gossiping aggregated model.
[ 2026-03-27 20:48:26 | node_7 | INFO ] 🤫 Gossip finished.
[ 2026-03-27 20:48:26 | node_7 | INFO ] 🔬 Evaluating...
[ 2026-03-27 20:48:26 | node_9 | INFO ] 🤫 Gossip finished.
[ 2026-03-27 20:48:26 | node_9 | INFO ] 🔬 Evaluating...
[ 2026-03-27 20:48:26 | node_2 | INFO ] 🤫 Gossip finished.
[ 2026-03-27 20:48:26 | node_2 | INFO ] 🔬 Evaluating...
[ 2026-03-27 20:48:26 | node_9 | INFO ] 📈 Evaluated. Results: {'test_loss': 2.3415322303771973, 'test_acc': 0.8143053650856018, 'test_precision': 0.40137553215026855, 'test_recall': 0.3312391936779022, 'test_f1': 0.3583144545555115, 'communication_cost': 26343772}
[ 2026-03-27 20:48:26 | node_9 | INFO ] 📢 Broadcasting metrics.
[ 2026-03-27 20:48:26 | node_3 | INFO ] 🤫 Gossip finished.
[ 2026-03-27 20:48:26 | node_3 | INFO ] 🔬 Evaluating...
[ 2026-03-27 20:48:26 | node_4 | INFO ] 🤫 Gossip finished.
[ 2026-03-27 20:48:26 | node_4 | INFO ] 🔬 Evaluating...
[ 2026-03-27 20:48:26 | node_9 | INFO ] 🎉 Round 98 of 100 finished.
[ 2026-03-27 20:48:26 | node_9 | INFO ] 🗳️ [DETERMINISTIC] Train set assigned (No Voting). Size: 10
[ 2026-03-27 20:48:26 | node_9 | INFO ] 🏋️‍♀️ Preparing training...
[ 2026-03-27 20:48:26 | node_7 | INFO ] 📈 Evaluated. Results: {'test_loss': 0.9379496574401855, 'test_acc': 0.95656418800354, 'test_precision': 0.4201156497001648, 'test_recall': 0.4081641137599945, 'test_f1': 0.41367995738983154, 'communication_cost': 26343772}
[ 2026-03-27 20:48:26 | node_2 | INFO ] 📈 Evaluated. Results: {'test_loss': 3.4998631477355957, 'test_acc': 0.7046979665756226, 'test_precision': 0.32250654697418213, 'test_recall': 0.2590499222278595, 'test_f1': 0.28198355436325073, 'communication_cost': 30107168}
[ 2026-03-27 20:48:26 | node_7 | INFO ] 📢 Broadcasting metrics.
[ 2026-03-27 20:48:26 | node_2 | INFO ] 📢 Broadcasting metrics.
[ 2026-03-27 20:48:26 | node_5 | INFO ] 🤫 Gossip finished.
[ 2026-03-27 20:48:26 | node_5 | INFO ] 🔬 Evaluating...
[ 2026-03-27 20:48:26 | node_3 | INFO ] 📈 Evaluated. Results: {'test_loss': 3.849749803543091, 'test_acc': 0.6198595762252808, 'test_precision': 0.28041407465934753, 'test_recall': 0.2153213620185852, 'test_f1': 0.22903764247894287, 'communication_cost': 33870564}
[ 2026-03-27 20:48:26 | node_3 | INFO ] 📢 Broadcasting metrics.
[ 2026-03-27 20:48:26 | node | INFO ] 🤫 Gossip finished.
[ 2026-03-27 20:48:26 | node | INFO ] 🔬 Evaluating...
[ 2026-03-27 20:48:26 | node_4 | INFO ] 📈 Evaluated. Results: {'test_loss': 2.312493085861206, 'test_acc': 0.717391312122345, 'test_precision': 0.21486739814281464, 'test_recall': 0.17090564966201782, 'test_f1': 0.18466314673423767, 'communication_cost': 33870564}
[ 2026-03-27 20:48:27 | node_6 | INFO ] 🤫 Gossip finished.
[ 2026-03-27 20:48:27 | node_6 | INFO ] 🔬 Evaluating...
[ 2026-03-27 20:48:27 | node_4 | INFO ] 📢 Broadcasting metrics.
[ 2026-03-27 20:48:27 | node_7 | INFO ] 🎉 Round 98 of 100 finished.
[ 2026-03-27 20:48:27 | node_5 | INFO ] 📈 Evaluated. Results: {'test_loss': 0.8353099226951599, 'test_acc': 0.9240898489952087, 'test_precision': 0.41035106778144836, 'test_recall': 0.38567373156547546, 'test_f1': 0.39644670486450195, 'communication_cost': 33870564}
[ 2026-03-27 20:48:27 | node_7 | INFO ] 🗳️ [DETERMINISTIC] Train set assigned (No Voting). Size: 10
[ 2026-03-27 20:48:27 | node_5 | INFO ] 📢 Broadcasting metrics.
[ 2026-03-27 20:48:27 | node_2 | INFO ] 🎉 Round 98 of 100 finished.
[ 2026-03-27 20:48:27 | node | INFO ] 📈 Evaluated. Results: {'test_loss': 3.449923515319824, 'test_acc': 0.6537396311759949, 'test_precision': 0.19913598895072937, 'test_recall': 0.2137274295091629, 'test_f1': 0.17844536900520325, 'communication_cost': 30107168}
[ 2026-03-27 20:48:27 | node_7 | INFO ] 🏋️‍♀️ Preparing training...
[ 2026-03-27 20:48:27 | node_2 | INFO ] 🗳️ [DETERMINISTIC] Train set assigned (No Voting). Size: 10
[ 2026-03-27 20:48:27 | node | INFO ] 📢 Broadcasting metrics.
[ 2026-03-27 20:48:27 | node_6 | INFO ] 📈 Evaluated. Results: {'test_loss': 3.4262990951538086, 'test_acc': 0.7017045617103577, 'test_precision': 0.20093345642089844, 'test_recall': 0.17246805131435394, 'test_f1': 0.17637714743614197, 'communication_cost': 30107168}
[ 2026-03-27 20:48:27 | node_2 | INFO ] 🏋️‍♀️ Preparing training...
[ 2026-03-27 20:48:27 | node_6 | INFO ] 📢 Broadcasting metrics.
[ 2026-03-27 20:48:27 | node_3 | INFO ] 🎉 Round 98 of 100 finished.
[ 2026-03-27 20:48:27 | node_3 | INFO ] 🗳️ [DETERMINISTIC] Train set assigned (No Voting). Size: 10
[ 2026-03-27 20:48:27 | node_3 | INFO ] 🏋️‍♀️ Preparing training...
[ 2026-03-27 20:48:27 | node_9 | INFO ] 🎓 Training step done.
[ 2026-03-27 20:48:27 | node_9 | INFO ] 🛠️ Calling force_add_local_model...
[ 2026-03-27 20:48:27 | node_4 | INFO ] 🎉 Round 98 of 100 finished.
[ 2026-03-27 20:48:27 | node_4 | INFO ] 🗳️ [DETERMINISTIC] Train set assigned (No Voting). Size: 10
[ 2026-03-27 20:48:27 | node_9 | INFO ] ✅ [FORCE] Local model added for round 98. (1/8)
[ 2026-03-27 20:48:27 | node_4 | INFO ] 🏋️‍♀️ Preparing training...
[ 2026-03-27 20:48:27 | node_5 | INFO ] 🎉 Round 98 of 100 finished.
[ 2026-03-27 20:48:27 | node | INFO ] 🎉 Round 98 of 100 finished.
[ 2026-03-27 20:48:27 | node_6 | INFO ] 🎉 Round 98 of 100 finished.
[ 2026-03-27 20:48:27 | node_5 | INFO ] 🗳️ [DETERMINISTIC] Train set assigned (No Voting). Size: 10
[ 2026-03-27 20:48:27 | node | INFO ] 🗳️ [DETERMINISTIC] Train set assigned (No Voting). Size: 10
[ 2026-03-27 20:48:27 | node_6 | INFO ] 🗳️ [DETERMINISTIC] Train set assigned (No Voting). Size: 10
[ 2026-03-27 20:48:27 | node_5 | INFO ] 🏋️‍♀️ Preparing training...
[ 2026-03-27 20:48:27 | node | INFO ] 🏋️‍♀️ Preparing training...
[ 2026-03-27 20:48:27 | node_6 | INFO ] 🏋️‍♀️ Preparing training...
[ 2026-03-27 20:48:28 | node_3 | INFO ] 🎓 Training step done.
[ 2026-03-27 20:48:28 | node_3 | INFO ] 🛠️ Calling force_add_local_model...
[ 2026-03-27 20:48:28 | node_3 | INFO ] ✅ [FORCE] Local model added for round 98. (1/10)
[ 2026-03-27 20:48:28 | node_2 | INFO ] 🎓 Training step done.
[ 2026-03-27 20:48:28 | node_2 | INFO ] 🛠️ Calling force_add_local_model...
[ 2026-03-27 20:48:28 | node_2 | INFO ] ✅ [FORCE] Local model added for round 98. (1/9)
[ 2026-03-27 20:48:29 | node_5 | INFO ] 🎓 Training step done.
[ 2026-03-27 20:48:29 | node_5 | INFO ] 🛠️ Calling force_add_local_model...
[ 2026-03-27 20:48:29 | node_5 | INFO ] ✅ [FORCE] Local model added for round 98. (1/10)
[ 2026-03-27 20:48:30 | node_4 | INFO ] 🎓 Training step done.
[ 2026-03-27 20:48:30 | node_4 | INFO ] 🛠️ Calling force_add_local_model...
[ 2026-03-27 20:48:30 | node_4 | INFO ] ✅ [FORCE] Local model added for round 98. (1/10)
[ 2026-03-27 20:48:30 | node_6 | INFO ] 🎓 Training step done.
[ 2026-03-27 20:48:30 | node_6 | INFO ] 🛠️ Calling force_add_local_model...
[ 2026-03-27 20:48:30 | node_6 | INFO ] ✅ [FORCE] Local model added for round 98. (1/9)
[ 2026-03-27 20:48:30 | node | INFO ] 🎓 Training step done.
[ 2026-03-27 20:48:30 | node | INFO ] 🛠️ Calling force_add_local_model...
[ 2026-03-27 20:48:30 | node | INFO ] ✅ [FORCE] Local model added for round 98. (1/9)
[ 2026-03-27 20:48:32 | node_7 | INFO ] 🎓 Training step done.
[ 2026-03-27 20:48:32 | node_7 | INFO ] 🛠️ Calling force_add_local_model...
[ 2026-03-27 20:48:32 | node_7 | INFO ] ✅ [FORCE] Local model added for round 98. (1/8)
[ 2026-03-27 20:48:32 | node_9 | INFO ] 📤 Sending model to 7 direct neighbors: ['node_1', 'node_2', 'node_3', 'node_4', 'node_5', 'node_6', 'node_8']
[ 2026-03-27 20:48:32 | node_2 | INFO ] 🧩 Model added for round 98 (2/9) from ['node_9']
[ 2026-03-27 20:48:33 | node_3 | INFO ] 🧩 Model added for round 98 (2/10) from ['node_9']
[ 2026-03-27 20:48:33 | node_4 | INFO ] 🧩 Model added for round 98 (2/10) from ['node_9']
[ 2026-03-27 20:48:33 | node_3 | INFO ] 📤 Sending model to 9 direct neighbors: ['node', 'node_1', 'node_2', 'node_4', 'node_5', 'node_6', 'node_7', 'node_8', 'node_9']
[ 2026-03-27 20:48:33 | node_5 | INFO ] 🧩 Model added for round 98 (2/10) from ['node_9']
[ 2026-03-27 20:48:33 | node | INFO ] 🧩 Model added for round 98 (2/9) from ['node_3']
[ 2026-03-27 20:48:33 | node_2 | INFO ] 📤 Sending model to 8 direct neighbors: ['node', 'node_1', 'node_3', 'node_4', 'node_5', 'node_7', 'node_8', 'node_9']
[ 2026-03-27 20:48:33 | node_6 | INFO ] 🧩 Model added for round 98 (2/9) from ['node_9']
[ 2026-03-27 20:48:33 | node | INFO ] 🧩 Model added for round 98 (3/9) from ['node_2']
[ 2026-03-27 20:48:33 | node_2 | INFO ] 🧩 Model added for round 98 (3/9) from ['node_3']
[ 2026-03-27 20:48:34 | node_3 | INFO ] 🧩 Model added for round 98 (3/10) from ['node_2']
[ 2026-03-27 20:48:34 | node_4 | INFO ] 🧩 Model added for round 98 (3/10) from ['node_3']
[ 2026-03-27 20:48:34 | node_4 | INFO ] 🧩 Model added for round 98 (4/10) from ['node_2']
[ 2026-03-27 20:48:34 | node_5 | INFO ] 🧩 Model added for round 98 (3/10) from ['node_3']
[ 2026-03-27 20:48:34 | node_5 | INFO ] 🧩 Model added for round 98 (4/10) from ['node_2']
[ 2026-03-27 20:48:34 | node_6 | INFO ] 🧩 Model added for round 98 (3/9) from ['node_3']
[ 2026-03-27 20:48:34 | node_1 | INFO ] ⏹️  Gossiping exited for 10 equal rounds.
[ 2026-03-27 20:48:34 | node_1 | INFO ] 🔬 Evaluating...
[ 2026-03-27 20:48:34 | node_5 | INFO ] 📤 Sending model to 9 direct neighbors: ['node', 'node_1', 'node_2', 'node_3', 'node_4', 'node_6', 'node_7', 'node_8', 'node_9']
[ 2026-03-27 20:48:34 | node_7 | INFO ] 🧩 Model added for round 98 (2/8) from ['node_2']
[ 2026-03-27 20:48:34 | node_7 | INFO ] 🧩 Model added for round 98 (3/8) from ['node_3']
[ 2026-03-27 20:48:34 | node | INFO ] 🧩 Model added for round 98 (4/9) from ['node_5']
[ 2026-03-27 20:48:35 | node_1 | INFO ] 📈 Evaluated. Results: {'test_loss': 1.7919996976852417, 'test_acc': 0.7931034564971924, 'test_precision': 0.30357596278190613, 'test_recall': 0.25742337107658386, 'test_f1': 0.27391931414604187, 'communication_cost': 26343772}
[ 2026-03-27 20:48:35 | node_1 | INFO ] 📢 Broadcasting metrics.
[ 2026-03-27 20:48:35 | node_4 | INFO ] 📤 Sending model to 9 direct neighbors: ['node', 'node_1', 'node_2', 'node_3', 'node_5', 'node_6', 'node_7', 'node_8', 'node_9']
[ 2026-03-27 20:48:35 | node_9 | INFO ] 🧩 Model added for round 98 (2/8) from ['node_2']
[ 2026-03-27 20:48:35 | node_9 | INFO ] 🧩 Model added for round 98 (3/8) from ['node_3']
[ 2026-03-27 20:48:35 | node | INFO ] 🧩 Model added for round 98 (5/9) from ['node_4']
[ 2026-03-27 20:48:35 | node_2 | INFO ] 🧩 Model added for round 98 (4/9) from ['node_5']
[ 2026-03-27 20:48:35 | node_3 | INFO ] 🧩 Model added for round 98 (4/10) from ['node_5']
[ 2026-03-27 20:48:35 | node_6 | INFO ] 📤 Sending model to 8 direct neighbors: ['node', 'node_1', 'node_3', 'node_4', 'node_5', 'node_7', 'node_8', 'node_9']
[ 2026-03-27 20:48:35 | node_1 | INFO ] 🎉 Round 98 of 100 finished.
[ 2026-03-27 20:48:35 | node_1 | INFO ] 🗳️ [DETERMINISTIC] Train set assigned (No Voting). Size: 10
[ 2026-03-27 20:48:35 | node_1 | INFO ] ♻️ Proactively processing 5 early models for round 98.
[ 2026-03-27 20:48:35 | node_1 | INFO ] 🧩 Model added for round 98 (1/8) from ['node_9']
[ 2026-03-27 20:48:35 | node_1 | INFO ] 🧩 Model added for round 98 (2/8) from ['node_3']
[ 2026-03-27 20:48:35 | node_1 | INFO ] 🧩 Model added for round 98 (3/8) from ['node_2']
[ 2026-03-27 20:48:35 | node_1 | INFO ] 🧩 Model added for round 98 (4/8) from ['node_5']
[ 2026-03-27 20:48:35 | node_1 | INFO ] 🧩 Model added for round 98 (5/8) from ['node_4']
[ 2026-03-27 20:48:35 | node_1 | INFO ] 🏋️‍♀️ Preparing training...
[ 2026-03-27 20:48:35 | node_2 | INFO ] 🧩 Model added for round 98 (5/9) from ['node_4']
[ 2026-03-27 20:48:35 | node | INFO ] 🧩 Model added for round 98 (6/9) from ['node_6']
[ 2026-03-27 20:48:35 | node_4 | INFO ] 🧩 Model added for round 98 (5/10) from ['node_5']
[ 2026-03-27 20:48:35 | node_1 | INFO ] 🎓 Training step done.
[ 2026-03-27 20:48:35 | node_1 | INFO ] 🛠️ Calling force_add_local_model...
[ 2026-03-27 20:48:35 | node_1 | INFO ] ✅ [FORCE] Local model added for round 98. (6/8)
[ 2026-03-27 20:48:35 | node | INFO ] 📤 Sending model to 8 direct neighbors: ['node_1', 'node_2', 'node_3', 'node_4', 'node_5', 'node_6', 'node_7', 'node_8']
[ 2026-03-27 20:48:35 | node_3 | INFO ] 🧩 Model added for round 98 (5/10) from ['node_4']
[ 2026-03-27 20:48:35 | node_1 | INFO ] 🧩 Model added for round 98 (7/8) from ['node_6']
[ 2026-03-27 20:48:36 | node_6 | INFO ] 🧩 Model added for round 98 (4/9) from ['node_5']
[ 2026-03-27 20:48:36 | node_1 | INFO ] 🧩 Model added for round 98 (8/8) from ['node']
[ 2026-03-27 20:48:36 | node_3 | INFO ] 🧩 Model added for round 98 (6/10) from ['node_6']
[ 2026-03-27 20:48:36 | node_5 | INFO ] 🧩 Model added for round 98 (5/10) from ['node_4']
[ 2026-03-27 20:48:36 | node_7 | INFO ] 🧩 Model added for round 98 (4/8) from ['node_5']
[ 2026-03-27 20:48:36 | node_2 | INFO ] 🧩 Model added for round 98 (6/9) from ['node']
[ 2026-03-27 20:48:36 | node_4 | INFO ] 🧩 Model added for round 98 (6/10) from ['node_6']
[ 2026-03-27 20:48:36 | node_6 | INFO ] 🧩 Model added for round 98 (5/9) from ['node_4']
[ 2026-03-27 20:48:36 | node_3 | INFO ] 🧩 Model added for round 98 (7/10) from ['node']
[ 2026-03-27 20:48:36 | node_9 | INFO ] 🧩 Model added for round 98 (4/8) from ['node_5']
[ 2026-03-27 20:48:36 | node_5 | INFO ] 🧩 Model added for round 98 (6/10) from ['node_6']
[ 2026-03-27 20:48:36 | node_7 | INFO ] 🧩 Model added for round 98 (5/8) from ['node_4']
[ 2026-03-27 20:48:36 | node_4 | INFO ] 🧩 Model added for round 98 (7/10) from ['node']
[ 2026-03-27 20:48:37 | node_7 | INFO ] 🧩 Model added for round 98 (6/8) from ['node_6']
[ 2026-03-27 20:48:37 | node_9 | INFO ] 🧩 Model added for round 98 (5/8) from ['node_4']
[ 2026-03-27 20:48:37 | node_5 | INFO ] 🧩 Model added for round 98 (7/10) from ['node']
[ 2026-03-27 20:48:37 | node_9 | INFO ] 🧩 Model added for round 98 (6/8) from ['node_6']
[ 2026-03-27 20:48:37 | node_6 | INFO ] 🧩 Model added for round 98 (6/9) from ['node']
[ 2026-03-27 20:48:37 | node_7 | INFO ] 📤 Sending model to 7 direct neighbors: ['node', 'node_2', 'node_3', 'node_4', 'node_5', 'node_6', 'node_8']
[ 2026-03-27 20:48:37 | node | INFO ] 🧩 Model added for round 98 (7/9) from ['node_7']
[ 2026-03-27 20:48:37 | node_7 | INFO ] 🧩 Model added for round 98 (7/8) from ['node']
[ 2026-03-27 20:48:37 | node_2 | INFO ] 🧩 Model added for round 98 (7/9) from ['node_7']
[ 2026-03-27 20:48:37 | node_3 | INFO ] 🧩 Model added for round 98 (8/10) from ['node_7']
[ 2026-03-27 20:48:38 | node_4 | INFO ] 🧩 Model added for round 98 (8/10) from ['node_7']
[ 2026-03-27 20:48:38 | node_5 | INFO ] 🧩 Model added for round 98 (8/10) from ['node_7']
[ 2026-03-27 20:48:38 | node_6 | INFO ] 🧩 Model added for round 98 (7/9) from ['node_7']
[ 2026-03-27 20:48:38 | node_8 | INFO ] ⏹️  Gossiping exited for 10 equal rounds.
[ 2026-03-27 20:48:38 | node_8 | INFO ] 🔬 Evaluating...
[ 2026-03-27 20:48:38 | node_8 | INFO ] 📈 Evaluated. Results: {'test_loss': 3.409641981124878, 'test_acc': 0.8058252334594727, 'test_precision': 0.2929091453552246, 'test_recall': 0.31130969524383545, 'test_f1': 0.2933255434036255, 'communication_cost': 30107168}
[ 2026-03-27 20:48:38 | node_8 | INFO ] 📢 Broadcasting metrics.
[ 2026-03-27 20:48:39 | node_8 | INFO ] 🎉 Round 98 of 100 finished.
[ 2026-03-27 20:48:39 | node_8 | INFO ] 🗳️ [DETERMINISTIC] Train set assigned (No Voting). Size: 10
[ 2026-03-27 20:48:39 | node_8 | INFO ] ♻️ Proactively processing 8 early models for round 98.
[ 2026-03-27 20:48:39 | node_8 | INFO ] 🧩 Model added for round 98 (1/9) from ['node_9']
[ 2026-03-27 20:48:39 | node_8 | INFO ] 🧩 Model added for round 98 (2/9) from ['node_3']
[ 2026-03-27 20:48:39 | node_8 | INFO ] 🧩 Model added for round 98 (3/9) from ['node_2']
[ 2026-03-27 20:48:39 | node_8 | INFO ] 🧩 Model added for round 98 (4/9) from ['node_5']
[ 2026-03-27 20:48:39 | node_8 | INFO ] 🧩 Model added for round 98 (5/9) from ['node_4']
[ 2026-03-27 20:48:39 | node_8 | INFO ] 🧩 Model added for round 98 (6/9) from ['node_6']
[ 2026-03-27 20:48:39 | node_8 | INFO ] 🧩 Model added for round 98 (7/9) from ['node']
[ 2026-03-27 20:48:39 | node_8 | INFO ] 🧩 Model added for round 98 (8/9) from ['node_7']
[ 2026-03-27 20:48:39 | node_8 | INFO ] 🏋️‍♀️ Preparing training...
[ 2026-03-27 20:48:40 | node_8 | INFO ] 🎓 Training step done.
[ 2026-03-27 20:48:40 | node_8 | INFO ] 🛠️ Calling force_add_local_model...
[ 2026-03-27 20:48:40 | node_8 | INFO ] ✅ [FORCE] Local model added for round 98. (9/9)
[ 2026-03-27 20:48:40 | node_1 | INFO ] 📤 Sending model to 7 direct neighbors: ['node', 'node_2', 'node_3', 'node_4', 'node_5', 'node_6', 'node_9']
[ 2026-03-27 20:48:40 | node | INFO ] 🧩 Model added for round 98 (8/9) from ['node_1']
[ 2026-03-27 20:48:41 | node_2 | INFO ] 🧩 Model added for round 98 (8/9) from ['node_1']
[ 2026-03-27 20:48:41 | node_3 | INFO ] 🧩 Model added for round 98 (9/10) from ['node_1']
[ 2026-03-27 20:48:41 | node_4 | INFO ] 🧩 Model added for round 98 (9/10) from ['node_1']
[ 2026-03-27 20:48:41 | node_5 | INFO ] 🧩 Model added for round 98 (9/10) from ['node_1']
[ 2026-03-27 20:48:41 | node_6 | INFO ] 🧩 Model added for round 98 (8/9) from ['node_1']
[ 2026-03-27 20:48:41 | node_9 | INFO ] 🧩 Model added for round 98 (7/8) from ['node_1']
[ 2026-03-27 20:48:42 | node_1 | INFO ] 🧠 Aggregation complete. Setting new model.
[ 2026-03-27 20:48:42 | node_1 | INFO ] 🗣️ Gossiping aggregated model.
[ 2026-03-27 20:48:45 | node_8 | INFO ] 📤 Sending model to 8 direct neighbors: ['node', 'node_2', 'node_3', 'node_4', 'node_5', 'node_6', 'node_7', 'node_9']
[ 2026-03-27 20:48:45 | node | INFO ] 🧩 Model added for round 98 (9/9) from ['node_8']
[ 2026-03-27 20:48:45 | node_2 | INFO ] 🧩 Model added for round 98 (9/9) from ['node_8']
[ 2026-03-27 20:48:45 | node_3 | INFO ] 🧩 Model added for round 98 (10/10) from ['node_8']
[ 2026-03-27 20:48:46 | node | INFO ] 🧠 Aggregation complete. Setting new model.
[ 2026-03-27 20:48:46 | node_4 | INFO ] 🧩 Model added for round 98 (10/10) from ['node_8']
[ 2026-03-27 20:48:46 | node | INFO ] 🗣️ Gossiping aggregated model.
[ 2026-03-27 20:48:46 | node_2 | INFO ] 🧠 Aggregation complete. Setting new model.
[ 2026-03-27 20:48:46 | node_5 | INFO ] 🧩 Model added for round 98 (10/10) from ['node_8']
[ 2026-03-27 20:48:46 | node_2 | INFO ] 🗣️ Gossiping aggregated model.
[ 2026-03-27 20:48:46 | node_3 | INFO ] 🧠 Aggregation complete. Setting new model.
[ 2026-03-27 20:48:46 | node_6 | INFO ] 🧩 Model added for round 98 (9/9) from ['node_8']
[ 2026-03-27 20:48:46 | node_3 | INFO ] 🗣️ Gossiping aggregated model.
[ 2026-03-27 20:48:46 | node_4 | INFO ] 🧠 Aggregation complete. Setting new model.
[ 2026-03-27 20:48:46 | node_7 | INFO ] 🧩 Model added for round 98 (8/8) from ['node_8']
[ 2026-03-27 20:48:46 | node_5 | INFO ] 🧠 Aggregation complete. Setting new model.
[ 2026-03-27 20:48:47 | node_4 | INFO ] 🗣️ Gossiping aggregated model.
[ 2026-03-27 20:48:47 | node_5 | INFO ] 🗣️ Gossiping aggregated model.
[ 2026-03-27 20:48:47 | node_9 | INFO ] 🧩 Model added for round 98 (8/8) from ['node_8']
[ 2026-03-27 20:48:47 | node_6 | INFO ] 🧠 Aggregation complete. Setting new model.
[ 2026-03-27 20:48:47 | node_7 | INFO ] 🧠 Aggregation complete. Setting new model.
[ 2026-03-27 20:48:47 | node_6 | INFO ] 🗣️ Gossiping aggregated model.
[ 2026-03-27 20:48:47 | node_7 | INFO ] 🗣️ Gossiping aggregated model.
[ 2026-03-27 20:48:47 | node_9 | INFO ] 🧠 Aggregation complete. Setting new model.
[ 2026-03-27 20:48:47 | node_9 | INFO ] 🗣️ Gossiping aggregated model.
[ 2026-03-27 20:48:47 | node_8 | INFO ] 🧠 Aggregation complete. Setting new model.
[ 2026-03-27 20:48:48 | node_1 | INFO ] 🤫 Gossip finished.
[ 2026-03-27 20:48:48 | node_1 | INFO ] 🔬 Evaluating...
[ 2026-03-27 20:48:48 | node_8 | INFO ] 🗣️ Gossiping aggregated model.
[ 2026-03-27 20:48:48 | node_8 | INFO ] 🤫 Gossip finished.
[ 2026-03-27 20:48:48 | node_8 | INFO ] 🔬 Evaluating...
[ 2026-03-27 20:48:48 | node_8 | INFO ] 📈 Evaluated. Results: {'test_loss': 3.310962200164795, 'test_acc': 0.7572815418243408, 'test_precision': 0.2623670995235443, 'test_recall': 0.3082007169723511, 'test_f1': 0.26543065905570984, 'communication_cost': 30107168}
[ 2026-03-27 20:48:48 | node_8 | INFO ] 📢 Broadcasting metrics.
[ 2026-03-27 20:48:48 | node_1 | INFO ] 📈 Evaluated. Results: {'test_loss': 1.814003825187683, 'test_acc': 0.8103448152542114, 'test_precision': 0.28686001896858215, 'test_recall': 0.2412719577550888, 'test_f1': 0.2584127187728882, 'communication_cost': 26343772}
[ 2026-03-27 20:48:48 | node_1 | INFO ] 📢 Broadcasting metrics.
[ 2026-03-27 20:48:48 | node_7 | INFO ] 🤫 Gossip finished.
[ 2026-03-27 20:48:48 | node_7 | INFO ] 🔬 Evaluating...
[ 2026-03-27 20:48:48 | node_8 | INFO ] 🎉 Round 99 of 100 finished.
[ 2026-03-27 20:48:48 | node_8 | INFO ] 🗳️ [DETERMINISTIC] Train set assigned (No Voting). Size: 10
[ 2026-03-27 20:48:48 | node_8 | INFO ] 🏋️‍♀️ Preparing training...
[ 2026-03-27 20:48:48 | node_1 | INFO ] 🎉 Round 99 of 100 finished.
[ 2026-03-27 20:48:48 | node_1 | INFO ] 🗳️ [DETERMINISTIC] Train set assigned (No Voting). Size: 10
[ 2026-03-27 20:48:48 | node_1 | INFO ] 🏋️‍♀️ Preparing training...
[ 2026-03-27 20:48:48 | node_1 | INFO ] 🎓 Training step done.
[ 2026-03-27 20:48:48 | node_1 | INFO ] 🛠️ Calling force_add_local_model...
[ 2026-03-27 20:48:48 | node_1 | INFO ] ✅ [FORCE] Local model added for round 99. (1/8)
[ 2026-03-27 20:48:49 | node_7 | INFO ] 📈 Evaluated. Results: {'test_loss': 0.7693514227867126, 'test_acc': 0.95656418800354, 'test_precision': 0.4609912037849426, 'test_recall': 0.4512747824192047, 'test_f1': 0.4554280638694763, 'communication_cost': 26343772}
[ 2026-03-27 20:48:49 | node_7 | INFO ] 📢 Broadcasting metrics.
[ 2026-03-27 20:48:49 | node_7 | INFO ] 🎉 Round 99 of 100 finished.
[ 2026-03-27 20:48:49 | node_7 | INFO ] 🗳️ [DETERMINISTIC] Train set assigned (No Voting). Size: 10
[ 2026-03-27 20:48:49 | node_7 | INFO ] 🏋️‍♀️ Preparing training...
[ 2026-03-27 20:48:50 | node_8 | INFO ] 🎓 Training step done.
[ 2026-03-27 20:48:50 | node_8 | INFO ] 🛠️ Calling force_add_local_model...
[ 2026-03-27 20:48:50 | node_8 | INFO ] ✅ [FORCE] Local model added for round 99. (1/9)
[ 2026-03-27 20:48:53 | node_1 | INFO ] 📤 Sending model to 7 direct neighbors: ['node', 'node_2', 'node_3', 'node_4', 'node_5', 'node_6', 'node_9']
[ 2026-03-27 20:48:54 | node_7 | INFO ] 🎓 Training step done.
[ 2026-03-27 20:48:54 | node_7 | INFO ] 🛠️ Calling force_add_local_model...
[ 2026-03-27 20:48:54 | node_7 | INFO ] ✅ [FORCE] Local model added for round 99. (1/8)
[ 2026-03-27 20:48:55 | node_8 | INFO ] 📤 Sending model to 8 direct neighbors: ['node', 'node_2', 'node_3', 'node_4', 'node_5', 'node_6', 'node_7', 'node_9']
[ 2026-03-27 20:48:55 | node_7 | INFO ] 🧩 Model added for round 99 (2/8) from ['node_8']
[ 2026-03-27 20:48:58 | node | INFO ] ⏹️  Gossiping exited for 10 equal rounds.
[ 2026-03-27 20:48:58 | node_2 | INFO ] ⏹️  Gossiping exited for 10 equal rounds.
[ 2026-03-27 20:48:58 | node | INFO ] 🔬 Evaluating...
[ 2026-03-27 20:48:58 | node_2 | INFO ] 🔬 Evaluating...
[ 2026-03-27 20:48:59 | node | INFO ] 📈 Evaluated. Results: {'test_loss': 4.22705602645874, 'test_acc': 0.5650969743728638, 'test_precision': 0.18626171350479126, 'test_recall': 0.17473019659519196, 'test_f1': 0.15616071224212646, 'communication_cost': 30107168}
[ 2026-03-27 20:48:59 | node_3 | INFO ] ⏹️  Gossiping exited for 10 equal rounds.
[ 2026-03-27 20:48:59 | node_3 | INFO ] 🔬 Evaluating...
[ 2026-03-27 20:48:59 | node | INFO ] 📢 Broadcasting metrics.
[ 2026-03-27 20:48:59 | node_4 | INFO ] ⏹️  Gossiping exited for 10 equal rounds.
[ 2026-03-27 20:48:59 | node_4 | INFO ] 🔬 Evaluating...
[ 2026-03-27 20:48:59 | node_7 | INFO ] 📤 Sending model to 7 direct neighbors: ['node', 'node_2', 'node_3', 'node_4', 'node_5', 'node_6', 'node_8']
[ 2026-03-27 20:48:59 | node_5 | INFO ] ⏹️  Gossiping exited for 10 equal rounds.
[ 2026-03-27 20:48:59 | node_5 | INFO ] 🔬 Evaluating...
[ 2026-03-27 20:48:59 | node_2 | INFO ] 📈 Evaluated. Results: {'test_loss': 2.6472973823547363, 'test_acc': 0.7757270932197571, 'test_precision': 0.3176724314689636, 'test_recall': 0.2711898684501648, 'test_f1': 0.28967490792274475, 'communication_cost': 30107168}
[ 2026-03-27 20:48:59 | node_2 | INFO ] 📢 Broadcasting metrics.
[ 2026-03-27 20:48:59 | node_3 | INFO ] 📈 Evaluated. Results: {'test_loss': 3.249274730682373, 'test_acc': 0.6700100302696228, 'test_precision': 0.30753061175346375, 'test_recall': 0.25341740250587463, 'test_f1': 0.26808595657348633, 'communication_cost': 33870564}
[ 2026-03-27 20:48:59 | node_3 | INFO ] 📢 Broadcasting metrics.
[ 2026-03-27 20:48:59 | node | INFO ] 🎉 Round 99 of 100 finished.
[ 2026-03-27 20:48:59 | node | INFO ] 🗳️ [DETERMINISTIC] Train set assigned (No Voting). Size: 10
[ 2026-03-27 20:48:59 | node | INFO ] ♻️ Proactively processing 3 early models for round 99.
[ 2026-03-27 20:48:59 | node | INFO ] 🧩 Model added for round 99 (1/9) from ['node_1']
[ 2026-03-27 20:48:59 | node | INFO ] 🧩 Model added for round 99 (2/9) from ['node_8']
[ 2026-03-27 20:48:59 | node | INFO ] 🧩 Model added for round 99 (3/9) from ['node_7']
[ 2026-03-27 20:48:59 | node | INFO ] 🏋️‍♀️ Preparing training...
[ 2026-03-27 20:48:59 | node_4 | INFO ] 📈 Evaluated. Results: {'test_loss': 2.755858898162842, 'test_acc': 0.6824533939361572, 'test_precision': 0.2041555792093277, 'test_recall': 0.15822285413742065, 'test_f1': 0.17188456654548645, 'communication_cost': 33870564}
[ 2026-03-27 20:48:59 | node_4 | INFO ] 📢 Broadcasting metrics.
[ 2026-03-27 20:48:59 | node_6 | INFO ] ⏹️  Gossiping exited for 10 equal rounds.
[ 2026-03-27 20:48:59 | node_6 | INFO ] 🔬 Evaluating...
[ 2026-03-27 20:48:59 | node_5 | INFO ] 📈 Evaluated. Results: {'test_loss': 0.9381639361381531, 'test_acc': 0.908598005771637, 'test_precision': 0.34991148114204407, 'test_recall': 0.32275840640068054, 'test_f1': 0.3348453640937805, 'communication_cost': 33870564}
[ 2026-03-27 20:48:59 | node_5 | INFO ] 📢 Broadcasting metrics.
[ 2026-03-27 20:49:00 | node_6 | INFO ] 📈 Evaluated. Results: {'test_loss': 3.5036301612854004, 'test_acc': 0.7102272510528564, 'test_precision': 0.2022983878850937, 'test_recall': 0.1848345249891281, 'test_f1': 0.18241572380065918, 'communication_cost': 30107168}
[ 2026-03-27 20:49:00 | node_6 | INFO ] 📢 Broadcasting metrics.
[ 2026-03-27 20:49:00 | node_2 | INFO ] 🎉 Round 99 of 100 finished.
[ 2026-03-27 20:49:00 | node_3 | INFO ] 🎉 Round 99 of 100 finished.
[ 2026-03-27 20:49:00 | node_3 | INFO ] 🗳️ [DETERMINISTIC] Train set assigned (No Voting). Size: 10
[ 2026-03-27 20:49:00 | node_2 | INFO ] 🗳️ [DETERMINISTIC] Train set assigned (No Voting). Size: 10
[ 2026-03-27 20:49:00 | node_3 | INFO ] ♻️ Proactively processing 3 early models for round 99.
[ 2026-03-27 20:49:00 | node_3 | INFO ] 🧩 Model added for round 99 (1/10) from ['node_1']
[ 2026-03-27 20:49:00 | node_3 | INFO ] 🧩 Model added for round 99 (2/10) from ['node_8']
[ 2026-03-27 20:49:00 | node_2 | INFO ] ♻️ Proactively processing 3 early models for round 99.
[ 2026-03-27 20:49:00 | node_2 | INFO ] 🧩 Model added for round 99 (1/9) from ['node_1']
[ 2026-03-27 20:49:00 | node_2 | INFO ] 🧩 Model added for round 99 (2/9) from ['node_8']
[ 2026-03-27 20:49:00 | node_2 | INFO ] 🧩 Model added for round 99 (3/9) from ['node_7']
[ 2026-03-27 20:49:00 | node_3 | INFO ] 🧩 Model added for round 99 (3/10) from ['node_7']
[ 2026-03-27 20:49:00 | node_3 | INFO ] 🏋️‍♀️ Preparing training...
[ 2026-03-27 20:49:00 | node_2 | INFO ] 🏋️‍♀️ Preparing training...
[ 2026-03-27 20:49:00 | node_8 | INFO ] 🧩 Model added for round 99 (2/9) from ['node_7']
[ 2026-03-27 20:49:00 | node_9 | INFO ] ⏹️  Gossiping exited for 10 equal rounds.
[ 2026-03-27 20:49:00 | node_9 | INFO ] 🔬 Evaluating...
[ 2026-03-27 20:49:00 | node_4 | INFO ] 🎉 Round 99 of 100 finished.
[ 2026-03-27 20:49:00 | node_4 | INFO ] 🗳️ [DETERMINISTIC] Train set assigned (No Voting). Size: 10
[ 2026-03-27 20:49:00 | node_4 | INFO ] ♻️ Proactively processing 3 early models for round 99.
[ 2026-03-27 20:49:00 | node_4 | INFO ] 🧩 Model added for round 99 (1/10) from ['node_1']
[ 2026-03-27 20:49:00 | node_4 | INFO ] 🧩 Model added for round 99 (2/10) from ['node_8']
[ 2026-03-27 20:49:00 | node_4 | INFO ] 🧩 Model added for round 99 (3/10) from ['node_7']
[ 2026-03-27 20:49:00 | node_5 | INFO ] 🎉 Round 99 of 100 finished.
[ 2026-03-27 20:49:00 | node_4 | INFO ] 🏋️‍♀️ Preparing training...
[ 2026-03-27 20:49:00 | node_5 | INFO ] 🗳️ [DETERMINISTIC] Train set assigned (No Voting). Size: 10
[ 2026-03-27 20:49:00 | node_5 | INFO ] ♻️ Proactively processing 3 early models for round 99.
[ 2026-03-27 20:49:00 | node_6 | INFO ] 🎉 Round 99 of 100 finished.
[ 2026-03-27 20:49:00 | node_5 | INFO ] 🧩 Model added for round 99 (1/10) from ['node_1']
[ 2026-03-27 20:49:00 | node_5 | INFO ] 🧩 Model added for round 99 (2/10) from ['node_8']
[ 2026-03-27 20:49:00 | node_6 | INFO ] 🗳️ [DETERMINISTIC] Train set assigned (No Voting). Size: 10
[ 2026-03-27 20:49:00 | node_5 | INFO ] 🧩 Model added for round 99 (3/10) from ['node_7']
[ 2026-03-27 20:49:00 | node_5 | INFO ] 🏋️‍♀️ Preparing training...
[ 2026-03-27 20:49:00 | node_6 | INFO ] ♻️ Proactively processing 3 early models for round 99.
[ 2026-03-27 20:49:00 | node_6 | INFO ] 🧩 Model added for round 99 (1/9) from ['node_1']
[ 2026-03-27 20:49:00 | node_6 | INFO ] 🧩 Model added for round 99 (2/9) from ['node_8']
[ 2026-03-27 20:49:00 | node_6 | INFO ] 🧩 Model added for round 99 (3/9) from ['node_7']
[ 2026-03-27 20:49:00 | node_6 | INFO ] 🏋️‍♀️ Preparing training...
[ 2026-03-27 20:49:00 | node_9 | INFO ] 📈 Evaluated. Results: {'test_loss': 1.7590357065200806, 'test_acc': 0.8762035965919495, 'test_precision': 0.34268683195114136, 'test_recall': 0.2961979806423187, 'test_f1': 0.315885990858078, 'communication_cost': 26343772}
[ 2026-03-27 20:49:00 | node_9 | INFO ] 📢 Broadcasting metrics.
[ 2026-03-27 20:49:01 | node_9 | INFO ] 🎉 Round 99 of 100 finished.
[ 2026-03-27 20:49:01 | node_3 | INFO ] 🎓 Training step done.
[ 2026-03-27 20:49:01 | node_9 | INFO ] 🗳️ [DETERMINISTIC] Train set assigned (No Voting). Size: 10
[ 2026-03-27 20:49:01 | node_3 | INFO ] 🛠️ Calling force_add_local_model...
[ 2026-03-27 20:49:01 | node_3 | INFO ] ✅ [FORCE] Local model added for round 99. (4/10)
[ 2026-03-27 20:49:01 | node_9 | INFO ] ♻️ Proactively processing 2 early models for round 99.
[ 2026-03-27 20:49:01 | node_9 | INFO ] 🧩 Model added for round 99 (1/8) from ['node_1']
[ 2026-03-27 20:49:01 | node_9 | INFO ] 🧩 Model added for round 99 (2/8) from ['node_8']
[ 2026-03-27 20:49:01 | node_9 | INFO ] 🏋️‍♀️ Preparing training...
[ 2026-03-27 20:49:01 | node_2 | INFO ] 🎓 Training step done.
[ 2026-03-27 20:49:01 | node_2 | INFO ] 🛠️ Calling force_add_local_model...
[ 2026-03-27 20:49:01 | node_2 | INFO ] ✅ [FORCE] Local model added for round 99. (4/9)
[ 2026-03-27 20:49:02 | node_9 | INFO ] 🎓 Training step done.
[ 2026-03-27 20:49:02 | node_5 | INFO ] 🎓 Training step done.
[ 2026-03-27 20:49:02 | node_9 | INFO ] 🛠️ Calling force_add_local_model...
[ 2026-03-27 20:49:02 | node_9 | INFO ] ✅ [FORCE] Local model added for round 99. (3/8)
[ 2026-03-27 20:49:02 | node_5 | INFO ] 🛠️ Calling force_add_local_model...
[ 2026-03-27 20:49:02 | node_5 | INFO ] ✅ [FORCE] Local model added for round 99. (4/10)
[ 2026-03-27 20:49:02 | node | INFO ] 🎓 Training step done.
[ 2026-03-27 20:49:02 | node | INFO ] 🛠️ Calling force_add_local_model...
[ 2026-03-27 20:49:02 | node | INFO ] ✅ [FORCE] Local model added for round 99. (4/9)
[ 2026-03-27 20:49:02 | node_4 | INFO ] 🎓 Training step done.
[ 2026-03-27 20:49:02 | node_4 | INFO ] 🛠️ Calling force_add_local_model...
[ 2026-03-27 20:49:02 | node_4 | INFO ] ✅ [FORCE] Local model added for round 99. (4/10)
[ 2026-03-27 20:49:03 | node_6 | INFO ] 🎓 Training step done.
[ 2026-03-27 20:49:03 | node_6 | INFO ] 🛠️ Calling force_add_local_model...
[ 2026-03-27 20:49:03 | node_6 | INFO ] ✅ [FORCE] Local model added for round 99. (4/9)
[ 2026-03-27 20:49:06 | node_3 | INFO ] 📤 Sending model to 9 direct neighbors: ['node', 'node_1', 'node_2', 'node_4', 'node_5', 'node_6', 'node_7', 'node_8', 'node_9']
[ 2026-03-27 20:49:06 | node | INFO ] 🧩 Model added for round 99 (5/9) from ['node_3']
[ 2026-03-27 20:49:06 | node_1 | INFO ] 🧩 Model added for round 99 (2/8) from ['node_3']
[ 2026-03-27 20:49:06 | node_2 | INFO ] 🧩 Model added for round 99 (5/9) from ['node_3']
[ 2026-03-27 20:49:06 | node_2 | INFO ] 📤 Sending model to 8 direct neighbors: ['node', 'node_1', 'node_3', 'node_4', 'node_5', 'node_7', 'node_8', 'node_9']
[ 2026-03-27 20:49:06 | node | INFO ] 🧩 Model added for round 99 (6/9) from ['node_2']
[ 2026-03-27 20:49:06 | node_4 | INFO ] 🧩 Model added for round 99 (5/10) from ['node_3']
[ 2026-03-27 20:49:06 | node_1 | INFO ] 🧩 Model added for round 99 (3/8) from ['node_2']
[ 2026-03-27 20:49:06 | node_5 | INFO ] 🧩 Model added for round 99 (5/10) from ['node_3']
[ 2026-03-27 20:49:07 | node_3 | INFO ] 🧩 Model added for round 99 (5/10) from ['node_2']
[ 2026-03-27 20:49:07 | node_6 | INFO ] 🧩 Model added for round 99 (5/9) from ['node_3']
[ 2026-03-27 20:49:07 | node_4 | INFO ] 🧩 Model added for round 99 (6/10) from ['node_2']
[ 2026-03-27 20:49:07 | node_7 | INFO ] 🧩 Model added for round 99 (3/8) from ['node_3']
[ 2026-03-27 20:49:07 | node_9 | INFO ] 📤 Sending model to 7 direct neighbors: ['node_1', 'node_2', 'node_3', 'node_4', 'node_5', 'node_6', 'node_8']
[ 2026-03-27 20:49:07 | node_5 | INFO ] 📤 Sending model to 9 direct neighbors: ['node', 'node_1', 'node_2', 'node_3', 'node_4', 'node_6', 'node_7', 'node_8', 'node_9']
[ 2026-03-27 20:49:07 | node | INFO ] 📤 Sending model to 8 direct neighbors: ['node_1', 'node_2', 'node_3', 'node_4', 'node_5', 'node_6', 'node_7', 'node_8']
[ 2026-03-27 20:49:07 | node_1 | INFO ] 🧩 Model added for round 99 (4/8) from ['node_9']
[ 2026-03-27 20:49:07 | node | INFO ] 🧩 Model added for round 99 (7/9) from ['node_5']
[ 2026-03-27 20:49:07 | node_8 | INFO ] 🧩 Model added for round 99 (3/9) from ['node_3']
[ 2026-03-27 20:49:07 | node_1 | INFO ] 🧩 Model added for round 99 (5/8) from ['node']
[ 2026-03-27 20:49:07 | node_5 | INFO ] 🧩 Model added for round 99 (6/10) from ['node_2']
[ 2026-03-27 20:49:07 | node_2 | INFO ] 🧩 Model added for round 99 (6/9) from ['node_9']
[ 2026-03-27 20:49:07 | node_4 | INFO ] 📤 Sending model to 9 direct neighbors: ['node', 'node_1', 'node_2', 'node_3', 'node_5', 'node_6', 'node_7', 'node_8', 'node_9']
[ 2026-03-27 20:49:07 | node_1 | INFO ] 🧩 Model added for round 99 (6/8) from ['node_5']
[ 2026-03-27 20:49:07 | node_2 | INFO ] 🧩 Model added for round 99 (7/9) from ['node']
[ 2026-03-27 20:49:07 | node_9 | INFO ] 🧩 Model added for round 99 (4/8) from ['node_3']
[ 2026-03-27 20:49:07 | node_7 | INFO ] 🧩 Model added for round 99 (4/8) from ['node_2']
[ 2026-03-27 20:49:08 | node | INFO ] 🧩 Model added for round 99 (8/9) from ['node_4']
[ 2026-03-27 20:49:08 | node_6 | INFO ] 📤 Sending model to 8 direct neighbors: ['node', 'node_1', 'node_3', 'node_4', 'node_5', 'node_7', 'node_8', 'node_9']
[ 2026-03-27 20:49:08 | node_3 | INFO ] 🧩 Model added for round 99 (6/10) from ['node_9']
[ 2026-03-27 20:49:08 | node_2 | INFO ] 🧩 Model added for round 99 (8/9) from ['node_5']
[ 2026-03-27 20:49:08 | node_8 | INFO ] 🧩 Model added for round 99 (4/9) from ['node_2']
[ 2026-03-27 20:49:08 | node_3 | INFO ] 🧩 Model added for round 99 (7/10) from ['node']
[ 2026-03-27 20:49:08 | node | INFO ] 🧩 Model added for round 99 (9/9) from ['node_6']
[ 2026-03-27 20:49:08 | node_1 | INFO ] 🧩 Model added for round 99 (7/8) from ['node_4']
[ 2026-03-27 20:49:08 | node_3 | INFO ] 🧩 Model added for round 99 (8/10) from ['node_5']
[ 2026-03-27 20:49:08 | node_4 | INFO ] 🧩 Model added for round 99 (7/10) from ['node_9']
[ 2026-03-27 20:49:08 | node_9 | INFO ] 🧩 Model added for round 99 (5/8) from ['node_2']
[ 2026-03-27 20:49:08 | node_4 | INFO ] 🧩 Model added for round 99 (8/10) from ['node']
[ 2026-03-27 20:49:08 | node_1 | INFO ] 🧩 Model added for round 99 (8/8) from ['node_6']
[ 2026-03-27 20:49:08 | node_2 | INFO ] 🧩 Model added for round 99 (9/9) from ['node_4']
[ 2026-03-27 20:49:08 | node_4 | INFO ] 🧩 Model added for round 99 (9/10) from ['node_5']
[ 2026-03-27 20:49:08 | node_5 | INFO ] 🧩 Model added for round 99 (7/10) from ['node']
[ 2026-03-27 20:49:09 | node_5 | INFO ] 🧩 Model added for round 99 (8/10) from ['node_9']
[ 2026-03-27 20:49:09 | node_3 | INFO ] 🧩 Model added for round 99 (9/10) from ['node_6']
[ 2026-03-27 20:49:09 | node_3 | INFO ] 🧩 Model added for round 99 (10/10) from ['node_4']
[ 2026-03-27 20:49:09 | node_6 | INFO ] 🧩 Model added for round 99 (6/9) from ['node_5']
[ 2026-03-27 20:49:09 | node_6 | INFO ] 🧩 Model added for round 99 (7/9) from ['node']
[ 2026-03-27 20:49:09 | node_4 | INFO ] 🧩 Model added for round 99 (10/10) from ['node_6']
[ 2026-03-27 20:49:09 | node_6 | INFO ] 🧩 Model added for round 99 (8/9) from ['node_9']
[ 2026-03-27 20:49:09 | node_5 | INFO ] 🧩 Model added for round 99 (9/10) from ['node_4']
[ 2026-03-27 20:49:09 | node_1 | INFO ] 🧠 Aggregation complete. Setting new model.
[ 2026-03-27 20:49:09 | node_7 | INFO ] 🧩 Model added for round 99 (5/8) from ['node_5']
[ 2026-03-27 20:49:09 | node_1 | INFO ] 🗣️ Gossiping aggregated model.
[ 2026-03-27 20:49:09 | node_2 | INFO ] 🧠 Aggregation complete. Setting new model.
[ 2026-03-27 20:49:09 | node_7 | INFO ] 🧩 Model added for round 99 (6/8) from ['node']
[ 2026-03-27 20:49:09 | node_8 | INFO ] 🧩 Model added for round 99 (5/9) from ['node_9']
[ 2026-03-27 20:49:09 | node_5 | INFO ] 🧩 Model added for round 99 (10/10) from ['node_6']
[ 2026-03-27 20:49:09 | node_6 | INFO ] 🧩 Model added for round 99 (9/9) from ['node_4']
[ 2026-03-27 20:49:09 | node_2 | INFO ] 🗣️ Gossiping aggregated model.
[ 2026-03-27 20:49:09 | node_8 | INFO ] 🧩 Model added for round 99 (6/9) from ['node_5']
[ 2026-03-27 20:49:10 | node_8 | INFO ] 🧩 Model added for round 99 (7/9) from ['node']
[ 2026-03-27 20:49:10 | node_3 | INFO ] 🧠 Aggregation complete. Setting new model.
[ 2026-03-27 20:49:10 | node_7 | INFO ] 🧩 Model added for round 99 (7/8) from ['node_4']
[ 2026-03-27 20:49:10 | node_7 | INFO ] 🧩 Model added for round 99 (8/8) from ['node_6']
[ 2026-03-27 20:49:10 | node_9 | INFO ] 🧩 Model added for round 99 (6/8) from ['node_5']
[ 2026-03-27 20:49:10 | node_3 | INFO ] 🗣️ Gossiping aggregated model.
[ 2026-03-27 20:49:10 | node_8 | INFO ] 🧩 Model added for round 99 (8/9) from ['node_4']
[ 2026-03-27 20:49:10 | node_8 | INFO ] 🧩 Model added for round 99 (9/9) from ['node_6']
[ 2026-03-27 20:49:10 | node_9 | INFO ] 🧩 Model added for round 99 (7/8) from ['node_4']
[ 2026-03-27 20:49:10 | node_9 | INFO ] 🧩 Model added for round 99 (8/8) from ['node_6']
[ 2026-03-27 20:49:10 | node_7 | INFO ] 🧠 Aggregation complete. Setting new model.
[ 2026-03-27 20:49:10 | node | INFO ] 🧠 Aggregation complete. Setting new model.
[ 2026-03-27 20:49:10 | node_7 | INFO ] 🗣️ Gossiping aggregated model.
[ 2026-03-27 20:49:10 | node | INFO ] 🗣️ Gossiping aggregated model.
[ 2026-03-27 20:49:11 | node_5 | INFO ] 🧠 Aggregation complete. Setting new model.
[ 2026-03-27 20:49:11 | node_8 | INFO ] 🧠 Aggregation complete. Setting new model.
[ 2026-03-27 20:49:11 | node_5 | INFO ] 🗣️ Gossiping aggregated model.
[ 2026-03-27 20:49:11 | node_8 | INFO ] 🗣️ Gossiping aggregated model.
[ 2026-03-27 20:49:11 | node_9 | INFO ] 🧠 Aggregation complete. Setting new model.
[ 2026-03-27 20:49:11 | node_9 | INFO ] 🗣️ Gossiping aggregated model.
[ 2026-03-27 20:49:11 | node_6 | INFO ] 🧠 Aggregation complete. Setting new model.
[ 2026-03-27 20:49:11 | node_4 | INFO ] 🧠 Aggregation complete. Setting new model.
[ 2026-03-27 20:49:11 | node_6 | INFO ] 🗣️ Gossiping aggregated model.
[ 2026-03-27 20:49:11 | node_4 | INFO ] 🗣️ Gossiping aggregated model.
[ 2026-03-27 20:49:12 | node_7 | INFO ] 🤫 Gossip finished.
[ 2026-03-27 20:49:12 | node_7 | INFO ] 🔬 Evaluating...
[ 2026-03-27 20:49:12 | node_7 | INFO ] 📈 Evaluated. Results: {'test_loss': 0.7528560757637024, 'test_acc': 0.9633967876434326, 'test_precision': 0.48402684926986694, 'test_recall': 0.4721055328845978, 'test_f1': 0.4778504967689514, 'communication_cost': 26343772}
[ 2026-03-27 20:49:12 | node_7 | INFO ] 📢 Broadcasting metrics.
[ 2026-03-27 20:49:12 | node_7 | INFO ] 🎉 Round 100 of 100 finished.
[ 2026-03-27 20:49:12 | node_7 | INFO ] 😋 Training finished!!
[ 2026-03-27 20:49:22 | node_1 | INFO ] ⏹️  Gossiping exited for 10 equal rounds.
[ 2026-03-27 20:49:22 | node_1 | INFO ] 🔬 Evaluating...
[ 2026-03-27 20:49:22 | node_1 | INFO ] 📈 Evaluated. Results: {'test_loss': 2.1714348793029785, 'test_acc': 0.780651330947876, 'test_precision': 0.301340252161026, 'test_recall': 0.2432374656200409, 'test_f1': 0.2656613290309906, 'communication_cost': 26343772}
[ 2026-03-27 20:49:22 | node_1 | INFO ] 📢 Broadcasting metrics.
[ 2026-03-27 20:49:22 | node_2 | INFO ] ⏹️  Gossiping exited for 10 equal rounds.
[ 2026-03-27 20:49:22 | node_2 | INFO ] 🔬 Evaluating...
[ 2026-03-27 20:49:22 | node_1 | INFO ] 🎉 Round 100 of 100 finished.
[ 2026-03-27 20:49:22 | node_1 | INFO ] 😋 Training finished!!
[ 2026-03-27 20:49:22 | node_3 | INFO ] ⏹️  Gossiping exited for 10 equal rounds.
[ 2026-03-27 20:49:22 | node_3 | INFO ] 🔬 Evaluating...
[ 2026-03-27 20:49:23 | node_2 | INFO ] 📈 Evaluated. Results: {'test_loss': 3.157172441482544, 'test_acc': 0.7365771532058716, 'test_precision': 0.29669439792633057, 'test_recall': 0.24436011910438538, 'test_f1': 0.2611241042613983, 'communication_cost': 30107168}
[ 2026-03-27 20:49:23 | node_2 | INFO ] 📢 Broadcasting metrics.
[ 2026-03-27 20:49:23 | node_3 | INFO ] 📈 Evaluated. Results: {'test_loss': 6.527604103088379, 'test_acc': 0.5596790313720703, 'test_precision': 0.2987574636936188, 'test_recall': 0.2216777354478836, 'test_f1': 0.22933587431907654, 'communication_cost': 33870564}
[ 2026-03-27 20:49:23 | node_3 | INFO ] 📢 Broadcasting metrics.
[ 2026-03-27 20:49:23 | node | INFO ] ⏹️  Gossiping exited for 10 equal rounds.
[ 2026-03-27 20:49:23 | node | INFO ] 🔬 Evaluating...
[ 2026-03-27 20:49:23 | node_2 | INFO ] 🎉 Round 100 of 100 finished.
[ 2026-03-27 20:49:23 | node_2 | INFO ] 😋 Training finished!!
[ 2026-03-27 20:49:23 | node | INFO ] 📈 Evaluated. Results: {'test_loss': 3.6127474308013916, 'test_acc': 0.6260387897491455, 'test_precision': 0.2058250904083252, 'test_recall': 0.2123967856168747, 'test_f1': 0.17957213521003723, 'communication_cost': 30107168}
[ 2026-03-27 20:49:23 | node | INFO ] 📢 Broadcasting metrics.
[ 2026-03-27 20:49:23 | node_3 | INFO ] 🎉 Round 100 of 100 finished.
[ 2026-03-27 20:49:23 | node_3 | INFO ] 😋 Training finished!!
[ 2026-03-27 20:49:23 | node_5 | INFO ] ⏹️  Gossiping exited for 10 equal rounds.
[ 2026-03-27 20:49:23 | node_5 | INFO ] 🔬 Evaluating...
[ 2026-03-27 20:49:23 | node_9 | INFO ] ⏹️  Gossiping exited for 10 equal rounds.
[ 2026-03-27 20:49:23 | node_9 | INFO ] 🔬 Evaluating...
[ 2026-03-27 20:49:23 | node_8 | INFO ] ⏹️  Gossiping exited for 10 equal rounds.
[ 2026-03-27 20:49:23 | node_8 | INFO ] 🔬 Evaluating...
[ 2026-03-27 20:49:23 | node | INFO ] 🎉 Round 100 of 100 finished.
[ 2026-03-27 20:49:23 | node | INFO ] 😋 Training finished!!
[ 2026-03-27 20:49:24 | node_8 | INFO ] 📈 Evaluated. Results: {'test_loss': 2.7227084636688232, 'test_acc': 0.844660222530365, 'test_precision': 0.3466019630432129, 'test_recall': 0.3604523241519928, 'test_f1': 0.346174955368042, 'communication_cost': 30107168}
[ 2026-03-27 20:49:24 | node_8 | INFO ] 📢 Broadcasting metrics.
[ 2026-03-27 20:49:24 | node_9 | INFO ] 📈 Evaluated. Results: {'test_loss': 1.435341238975525, 'test_acc': 0.8927097916603088, 'test_precision': 0.4277854263782501, 'test_recall': 0.3773547112941742, 'test_f1': 0.399630069732666, 'communication_cost': 26343772}
[ 2026-03-27 20:49:24 | node_6 | INFO ] ⏹️  Gossiping exited for 10 equal rounds.
[ 2026-03-27 20:49:24 | node_6 | INFO ] 🔬 Evaluating...
[ 2026-03-27 20:49:24 | node_9 | INFO ] 📢 Broadcasting metrics.
[ 2026-03-27 20:49:24 | node_4 | INFO ] ⏹️  Gossiping exited for 10 equal rounds.
[ 2026-03-27 20:49:24 | node_4 | INFO ] 🔬 Evaluating...
[ 2026-03-27 20:49:24 | node_5 | INFO ] 📈 Evaluated. Results: {'test_loss': 0.9731268286705017, 'test_acc': 0.9163439273834229, 'test_precision': 0.4029955267906189, 'test_recall': 0.3761332929134369, 'test_f1': 0.3879241347312927, 'communication_cost': 33870564}
[ 2026-03-27 20:49:24 | node_5 | INFO ] 📢 Broadcasting metrics.
[ 2026-03-27 20:49:24 | node_6 | INFO ] 📈 Evaluated. Results: {'test_loss': 3.573277473449707, 'test_acc': 0.6931818127632141, 'test_precision': 0.19689375162124634, 'test_recall': 0.17230850458145142, 'test_f1': 0.16959109902381897, 'communication_cost': 30107168}
[ 2026-03-27 20:49:24 | node_6 | INFO ] 📢 Broadcasting metrics.
[ 2026-03-27 20:49:24 | node_8 | INFO ] 🎉 Round 100 of 100 finished.
[ 2026-03-27 20:49:24 | node_8 | INFO ] 😋 Training finished!!
[ 2026-03-27 20:49:24 | node_9 | INFO ] 🎉 Round 100 of 100 finished.
[ 2026-03-27 20:49:24 | node_9 | INFO ] 😋 Training finished!!
[ 2026-03-27 20:49:24 | node_4 | INFO ] 📈 Evaluated. Results: {'test_loss': 2.791008710861206, 'test_acc': 0.6871117949485779, 'test_precision': 0.22330133616924286, 'test_recall': 0.1735774278640747, 'test_f1': 0.18759359419345856, 'communication_cost': 33870564}
[ 2026-03-27 20:49:24 | node_4 | INFO ] 📢 Broadcasting metrics.
[ 2026-03-27 20:49:24 | node_5 | INFO ] 🎉 Round 100 of 100 finished.
[ 2026-03-27 20:49:24 | node_5 | INFO ] 😋 Training finished!!
[ 2026-03-27 20:49:24 | node_6 | INFO ] 🎉 Round 100 of 100 finished.
[ 2026-03-27 20:49:24 | node_6 | INFO ] 😋 Training finished!!
[ 2026-03-27 20:49:24 | node_4 | INFO ] 🎉 Round 100 of 100 finished.
[ 2026-03-27 20:49:24 | node_4 | INFO ] 😋 Training finished!!
[ 2026-03-27 20:49:25 | None | INFO ] 🏁 All nodes finished training. Waiting 10s for final synchronization...
[ 2026-03-27 20:49:35 | node | INFO ] Stopping node...
[ 2026-03-27 20:49:35 | node | INFO ] 🛑 Stopping gossiper...
[ 2026-03-27 20:49:35 | node | INFO ] InMemoryServer stopped at node
[ 2026-03-27 20:49:35 | node_1 | INFO ] Stopping node...
[ 2026-03-27 20:49:35 | node_1 | INFO ] 🛑 Stopping gossiper...
[ 2026-03-27 20:49:35 | node_1 | INFO ] InMemoryServer stopped at node_1
[ 2026-03-27 20:49:35 | node_2 | INFO ] Stopping node...
[ 2026-03-27 20:49:35 | node_2 | INFO ] 🛑 Stopping gossiper...
[ 2026-03-27 20:49:35 | node_2 | INFO ] InMemoryServer stopped at node_2
[ 2026-03-27 20:49:35 | node_3 | INFO ] Stopping node...
[ 2026-03-27 20:49:35 | node_3 | INFO ] 🛑 Stopping gossiper...
[ 2026-03-27 20:49:35 | node_3 | INFO ] InMemoryServer stopped at node_3
[ 2026-03-27 20:49:36 | node_4 | INFO ] Stopping node...
[ 2026-03-27 20:49:36 | node_4 | INFO ] 🛑 Stopping gossiper...
[ 2026-03-27 20:49:36 | node_4 | INFO ] InMemoryServer stopped at node_4
[ 2026-03-27 20:49:36 | node_5 | INFO ] Stopping node...
[ 2026-03-27 20:49:36 | node_5 | INFO ] 🛑 Stopping gossiper...
[ 2026-03-27 20:49:36 | node_5 | INFO ] InMemoryServer stopped at node_5
[ 2026-03-27 20:49:36 | node_6 | INFO ] Stopping node...
[ 2026-03-27 20:49:36 | node_6 | INFO ] 🛑 Stopping gossiper...
[ 2026-03-27 20:49:36 | node_6 | INFO ] InMemoryServer stopped at node_6
[ 2026-03-27 20:49:36 | node_7 | INFO ] Stopping node...
[ 2026-03-27 20:49:36 | node_7 | INFO ] 🛑 Stopping gossiper...
[ 2026-03-27 20:49:36 | node_7 | INFO ] InMemoryServer stopped at node_7
[ 2026-03-27 20:49:36 | node_8 | INFO ] Stopping node...
[ 2026-03-27 20:49:36 | node_8 | INFO ] 🛑 Stopping gossiper...
[ 2026-03-27 20:49:36 | node_8 | INFO ] InMemoryServer stopped at node_8
[ 2026-03-27 20:49:36 | node_9 | INFO ] Stopping node...
[ 2026-03-27 20:49:36 | node_9 | INFO ] 🛑 Stopping gossiper...
[ 2026-03-27 20:49:36 | node_9 | INFO ] InMemoryServer stopped at node_9
