[ 2026-03-27 19:41:58 | node_5 | INFO ] 🛠️ Calling force_add_local_model...
[ 2026-03-27 19:41:58 | node_3 | INFO ] 🧩 Model added for round 97 (4/10) from ['node_1']
[ 2026-03-27 19:41:58 | node_5 | INFO ] ✅ [FORCE] Local model added for round 97. (3/10)
[ 2026-03-27 19:41:58 | node_4 | INFO ] 🧩 Model added for round 97 (4/10) from ['node_1']
[ 2026-03-27 19:41:58 | node_5 | INFO ] 🧩 Model added for round 97 (4/10) from ['node_1']
[ 2026-03-27 19:41:58 | node_2 | INFO ] 📤 Sending model to 7 direct neighbors: ['node_1', 'node_3', 'node_4', 'node_5', 'node_6', 'node_7', 'node_8']
[ 2026-03-27 19:41:58 | node_1 | INFO ] 🧩 Model added for round 97 (3/8) from ['node_2']
[ 2026-03-27 19:41:58 | node_8 | INFO ] 🧩 Model added for round 97 (4/10) from ['node_1']
[ 2026-03-27 19:41:58 | node_3 | INFO ] 🧩 Model added for round 97 (5/10) from ['node_2']
[ 2026-03-27 19:41:59 | node_9 | INFO ] 🧩 Model added for round 97 (2/8) from ['node_1']
[ 2026-03-27 19:41:59 | node_4 | INFO ] 🧩 Model added for round 97 (5/10) from ['node_2']
[ 2026-03-27 19:41:59 | node_5 | INFO ] 🧩 Model added for round 97 (5/10) from ['node_2']
[ 2026-03-27 19:41:59 | node_6 | INFO ] 🧩 Model added for round 97 (4/9) from ['node_2']
[ 2026-03-27 19:41:59 | node_7 | INFO ] 🧩 Model added for round 97 (2/8) from ['node_2']
[ 2026-03-27 19:41:59 | node_8 | INFO ] 🧩 Model added for round 97 (5/10) from ['node_2']
[ 2026-03-27 19:42:00 | node_3 | INFO ] 📤 Sending model to 9 direct neighbors: ['node', 'node_1', 'node_2', 'node_4', 'node_5', 'node_6', 'node_7', 'node_8', 'node_9']
[ 2026-03-27 19:42:00 | node_8 | INFO ] 📤 Sending model to 9 direct neighbors: ['node', 'node_1', 'node_2', 'node_3', 'node_4', 'node_5', 'node_6', 'node_7', 'node_9']
[ 2026-03-27 19:42:00 | node | INFO ] 🧩 Model added for round 97 (5/9) from ['node_3']
[ 2026-03-27 19:42:00 | node | INFO ] 🧩 Model added for round 97 (6/9) from ['node_8']
[ 2026-03-27 19:42:00 | node_1 | INFO ] 🧩 Model added for round 97 (4/8) from ['node_3']
[ 2026-03-27 19:42:00 | node_1 | INFO ] 🧩 Model added for round 97 (5/8) from ['node_8']
[ 2026-03-27 19:42:01 | node_2 | INFO ] 🧩 Model added for round 97 (4/8) from ['node_3']
[ 2026-03-27 19:42:01 | node_2 | INFO ] 🧩 Model added for round 97 (5/8) from ['node_8']
[ 2026-03-27 19:42:01 | node_4 | INFO ] 🧩 Model added for round 97 (6/10) from ['node_3']
[ 2026-03-27 19:42:01 | node_3 | INFO ] 🧩 Model added for round 97 (6/10) from ['node_8']
[ 2026-03-27 19:42:01 | node_4 | INFO ] 🧩 Model added for round 97 (7/10) from ['node_8']
[ 2026-03-27 19:42:01 | node_5 | INFO ] 🧩 Model added for round 97 (6/10) from ['node_3']
[ 2026-03-27 19:42:01 | node_5 | INFO ] 🧩 Model added for round 97 (7/10) from ['node_8']
[ 2026-03-27 19:42:01 | node_6 | INFO ] 🧩 Model added for round 97 (5/9) from ['node_3']
[ 2026-03-27 19:42:01 | node_6 | INFO ] 🧩 Model added for round 97 (6/9) from ['node_8']
[ 2026-03-27 19:42:01 | node_7 | INFO ] 🧩 Model added for round 97 (3/8) from ['node_3']
[ 2026-03-27 19:42:01 | node_4 | INFO ] 📤 Sending model to 9 direct neighbors: ['node', 'node_1', 'node_2', 'node_3', 'node_5', 'node_6', 'node_7', 'node_8', 'node_9']
[ 2026-03-27 19:42:01 | node_7 | INFO ] 🧩 Model added for round 97 (4/8) from ['node_8']
[ 2026-03-27 19:42:02 | node | INFO ] 🧩 Model added for round 97 (7/9) from ['node_4']
[ 2026-03-27 19:42:02 | node_8 | INFO ] 🧩 Model added for round 97 (6/10) from ['node_3']
[ 2026-03-27 19:42:02 | node_9 | INFO ] 🧩 Model added for round 97 (3/8) from ['node_8']
[ 2026-03-27 19:42:02 | node_1 | INFO ] 🧩 Model added for round 97 (6/8) from ['node_4']
[ 2026-03-27 19:42:02 | node_9 | INFO ] 🧩 Model added for round 97 (4/8) from ['node_3']
[ 2026-03-27 19:42:02 | node_6 | INFO ] 📤 Sending model to 8 direct neighbors: ['node', 'node_2', 'node_3', 'node_4', 'node_5', 'node_7', 'node_8', 'node_9']
[ 2026-03-27 19:42:02 | node_2 | INFO ] 🧩 Model added for round 97 (6/8) from ['node_4']
[ 2026-03-27 19:42:02 | node | INFO ] 🧩 Model added for round 97 (8/9) from ['node_6']
[ 2026-03-27 19:42:02 | node_3 | INFO ] 🧩 Model added for round 97 (7/10) from ['node_4']
[ 2026-03-27 19:42:02 | node_2 | INFO ] 🧩 Model added for round 97 (7/8) from ['node_6']
[ 2026-03-27 19:42:02 | node_5 | INFO ] 🧩 Model added for round 97 (8/10) from ['node_4']
[ 2026-03-27 19:42:02 | node | INFO ] 📤 Sending model to 8 direct neighbors: ['node_1', 'node_3', 'node_4', 'node_5', 'node_6', 'node_7', 'node_8', 'node_9']
[ 2026-03-27 19:42:02 | node_3 | INFO ] 🧩 Model added for round 97 (8/10) from ['node_6']
[ 2026-03-27 19:42:02 | node_1 | INFO ] 🧩 Model added for round 97 (7/8) from ['node']
[ 2026-03-27 19:42:02 | node_6 | INFO ] 🧩 Model added for round 97 (7/9) from ['node_4']
[ 2026-03-27 19:42:03 | node_4 | INFO ] 🧩 Model added for round 97 (8/10) from ['node_6']
[ 2026-03-27 19:42:03 | node_3 | INFO ] 🧩 Model added for round 97 (9/10) from ['node']
[ 2026-03-27 19:42:03 | node_7 | INFO ] 🧩 Model added for round 97 (5/8) from ['node_4']
[ 2026-03-27 19:42:03 | node_4 | INFO ] 🧩 Model added for round 97 (9/10) from ['node']
[ 2026-03-27 19:42:03 | node_5 | INFO ] 🧩 Model added for round 97 (9/10) from ['node_6']
[ 2026-03-27 19:42:03 | node_5 | INFO ] 📤 Sending model to 9 direct neighbors: ['node', 'node_1', 'node_2', 'node_3', 'node_4', 'node_6', 'node_7', 'node_8', 'node_9']
[ 2026-03-27 19:42:03 | node_8 | INFO ] 🧩 Model added for round 97 (7/10) from ['node_4']
[ 2026-03-27 19:42:03 | node | INFO ] 🧩 Model added for round 97 (9/9) from ['node_5']
[ 2026-03-27 19:42:03 | node_5 | INFO ] 🧩 Model added for round 97 (10/10) from ['node']
[ 2026-03-27 19:42:03 | node_7 | INFO ] 🧩 Model added for round 97 (6/8) from ['node_6']
[ 2026-03-27 19:42:03 | node_1 | INFO ] 🧩 Model added for round 97 (8/8) from ['node_5']
[ 2026-03-27 19:42:03 | node_9 | INFO ] 🧩 Model added for round 97 (5/8) from ['node_4']
[ 2026-03-27 19:42:03 | node_8 | INFO ] 🧩 Model added for round 97 (8/10) from ['node_6']
[ 2026-03-27 19:42:03 | node_6 | INFO ] 🧩 Model added for round 97 (8/9) from ['node']
[ 2026-03-27 19:42:03 | node_2 | INFO ] 🧩 Model added for round 97 (8/8) from ['node_5']
[ 2026-03-27 19:42:04 | node_1 | INFO ] 🧠 Aggregation complete. Setting new model.
[ 2026-03-27 19:42:04 | node_9 | INFO ] 🧩 Model added for round 97 (6/8) from ['node_6']
[ 2026-03-27 19:42:04 | node_2 | INFO ] 🧠 Aggregation complete. Setting new model.
[ 2026-03-27 19:42:04 | node_7 | INFO ] 🧩 Model added for round 97 (7/8) from ['node']
[ 2026-03-27 19:42:04 | node_2 | INFO ] 🗣️ Gossiping aggregated model.
[ 2026-03-27 19:42:04 | node_1 | INFO ] 🗣️ Gossiping aggregated model.
[ 2026-03-27 19:42:04 | node_3 | INFO ] 🧩 Model added for round 97 (10/10) from ['node_5']
[ 2026-03-27 19:42:04 | node_8 | INFO ] 🧩 Model added for round 97 (9/10) from ['node']
[ 2026-03-27 19:42:04 | node_9 | INFO ] 🧩 Model added for round 97 (7/8) from ['node']
[ 2026-03-27 19:42:04 | node_4 | INFO ] 🧩 Model added for round 97 (10/10) from ['node_5']
[ 2026-03-27 19:42:04 | node_3 | INFO ] 🧠 Aggregation complete. Setting new model.
[ 2026-03-27 19:42:04 | node_4 | INFO ] 🧠 Aggregation complete. Setting new model.
[ 2026-03-27 19:42:04 | node_6 | INFO ] 🧩 Model added for round 97 (9/9) from ['node_5']
[ 2026-03-27 19:42:04 | node_4 | INFO ] 🗣️ Gossiping aggregated model.
[ 2026-03-27 19:42:04 | node | INFO ] 🧠 Aggregation complete. Setting new model.
[ 2026-03-27 19:42:04 | node_3 | INFO ] 🗣️ Gossiping aggregated model.
[ 2026-03-27 19:42:04 | node_6 | INFO ] 🧠 Aggregation complete. Setting new model.
[ 2026-03-27 19:42:05 | node_6 | INFO ] 🗣️ Gossiping aggregated model.
[ 2026-03-27 19:42:05 | node | INFO ] 🗣️ Gossiping aggregated model.
[ 2026-03-27 19:42:05 | node_7 | INFO ] 🧩 Model added for round 97 (8/8) from ['node_5']
[ 2026-03-27 19:42:05 | node_8 | INFO ] 🧩 Model added for round 97 (10/10) from ['node_5']
[ 2026-03-27 19:42:05 | node_9 | INFO ] 🧩 Model added for round 97 (8/8) from ['node_5']
[ 2026-03-27 19:42:05 | node_7 | INFO ] 🧠 Aggregation complete. Setting new model.
[ 2026-03-27 19:42:05 | node_7 | INFO ] 🗣️ Gossiping aggregated model.
[ 2026-03-27 19:42:05 | node_9 | INFO ] 🧠 Aggregation complete. Setting new model.
[ 2026-03-27 19:42:05 | node_8 | INFO ] 🧠 Aggregation complete. Setting new model.
[ 2026-03-27 19:42:05 | node_5 | INFO ] 🧠 Aggregation complete. Setting new model.
[ 2026-03-27 19:42:05 | node_9 | INFO ] 🗣️ Gossiping aggregated model.
[ 2026-03-27 19:42:05 | node_8 | INFO ] 🗣️ Gossiping aggregated model.
[ 2026-03-27 19:42:05 | node_5 | INFO ] 🗣️ Gossiping aggregated model.
[ 2026-03-27 19:42:05 | node_5 | INFO ] 🤫 Gossip finished.
[ 2026-03-27 19:42:05 | node_5 | INFO ] 🔬 Evaluating...
[ 2026-03-27 19:42:06 | node_4 | INFO ] 🤫 Gossip finished.
[ 2026-03-27 19:42:06 | node_4 | INFO ] 🔬 Evaluating...
[ 2026-03-27 19:42:06 | node_3 | INFO ] 🤫 Gossip finished.
[ 2026-03-27 19:42:06 | node_3 | INFO ] 🔬 Evaluating...
[ 2026-03-27 19:42:06 | node_5 | INFO ] 📈 Evaluated. Results: {'test_loss': 0.4819444715976715, 'test_acc': 0.9264705777168274, 'test_precision': 0.38823530077934265, 'test_recall': 0.36567866802215576, 'test_f1': 0.3763958215713501, 'communication_cost': 33870564}
[ 2026-03-27 19:42:06 | node_5 | INFO ] 📢 Broadcasting metrics.
[ 2026-03-27 19:42:06 | node_6 | INFO ] 🤫 Gossip finished.
[ 2026-03-27 19:42:06 | node | INFO ] 🤫 Gossip finished.
[ 2026-03-27 19:42:06 | node_6 | INFO ] 🔬 Evaluating...
[ 2026-03-27 19:42:06 | node | INFO ] 🔬 Evaluating...
[ 2026-03-27 19:42:06 | node_3 | INFO ] 📈 Evaluated. Results: {'test_loss': 1.8887194395065308, 'test_acc': 0.7862595319747925, 'test_precision': 0.37844419479370117, 'test_recall': 0.3419989049434662, 'test_f1': 0.3553839921951294, 'communication_cost': 33870564}
[ 2026-03-27 19:42:06 | node_3 | INFO ] 📢 Broadcasting metrics.
[ 2026-03-27 19:42:06 | node_6 | INFO ] 📈 Evaluated. Results: {'test_loss': 1.1634411811828613, 'test_acc': 0.8379888534545898, 'test_precision': 0.40320301055908203, 'test_recall': 0.37843596935272217, 'test_f1': 0.38422226905822754, 'communication_cost': 30107168}
[ 2026-03-27 19:42:06 | node_6 | INFO ] 📢 Broadcasting metrics.
[ 2026-03-27 19:42:06 | node_5 | INFO ] 🎉 Round 98 of 100 finished.
[ 2026-03-27 19:42:06 | node_5 | INFO ] 🗳️ [DETERMINISTIC] Train set assigned (No Voting). Size: 10
[ 2026-03-27 19:42:06 | node_5 | INFO ] 🏋️‍♀️ Preparing training...
[ 2026-03-27 19:42:06 | node_4 | INFO ] 📈 Evaluated. Results: {'test_loss': 0.9099648594856262, 'test_acc': 0.917639434337616, 'test_precision': 0.46294236183166504, 'test_recall': 0.43941038846969604, 'test_f1': 0.4496038854122162, 'communication_cost': 33870564}
[ 2026-03-27 19:42:06 | node_4 | INFO ] 📢 Broadcasting metrics.
[ 2026-03-27 19:42:06 | node_1 | INFO ] 🤫 Gossip finished.
[ 2026-03-27 19:42:06 | node_1 | INFO ] 🔬 Evaluating...
[ 2026-03-27 19:42:06 | node_7 | INFO ] 🤫 Gossip finished.
[ 2026-03-27 19:42:06 | node | INFO ] 📈 Evaluated. Results: {'test_loss': 1.2556376457214355, 'test_acc': 0.8617381453514099, 'test_precision': 0.3711431324481964, 'test_recall': 0.34605076909065247, 'test_f1': 0.35691002011299133, 'communication_cost': 30107168}
[ 2026-03-27 19:42:06 | node_7 | INFO ] 🔬 Evaluating...
[ 2026-03-27 19:42:06 | node | INFO ] 📢 Broadcasting metrics.
[ 2026-03-27 19:42:06 | node_3 | INFO ] 🎉 Round 98 of 100 finished.
[ 2026-03-27 19:42:06 | node_3 | INFO ] 🗳️ [DETERMINISTIC] Train set assigned (No Voting). Size: 10
[ 2026-03-27 19:42:06 | node_9 | INFO ] 🤫 Gossip finished.
[ 2026-03-27 19:42:06 | node_9 | INFO ] 🔬 Evaluating...
[ 2026-03-27 19:42:06 | node_3 | INFO ] 🏋️‍♀️ Preparing training...
[ 2026-03-27 19:42:06 | node_6 | INFO ] 🎉 Round 98 of 100 finished.
[ 2026-03-27 19:42:06 | node_6 | INFO ] 🗳️ [DETERMINISTIC] Train set assigned (No Voting). Size: 10
[ 2026-03-27 19:42:06 | node_6 | INFO ] 🏋️‍♀️ Preparing training...
[ 2026-03-27 19:42:07 | node_1 | INFO ] 📈 Evaluated. Results: {'test_loss': 0.6354722380638123, 'test_acc': 0.944243311882019, 'test_precision': 0.46660116314888, 'test_recall': 0.44589006900787354, 'test_f1': 0.4558025598526001, 'communication_cost': 26343772}
[ 2026-03-27 19:42:07 | node_1 | INFO ] 📢 Broadcasting metrics.
[ 2026-03-27 19:42:07 | node_9 | INFO ] 📈 Evaluated. Results: {'test_loss': 1.7132247686386108, 'test_acc': 0.8961039185523987, 'test_precision': 0.3037322461605072, 'test_recall': 0.28402647376060486, 'test_f1': 0.2931991219520569, 'communication_cost': 26343772}
[ 2026-03-27 19:42:07 | node_9 | INFO ] 📢 Broadcasting metrics.
[ 2026-03-27 19:42:07 | node_4 | INFO ] 🎉 Round 98 of 100 finished.
[ 2026-03-27 19:42:07 | node_4 | INFO ] 🗳️ [DETERMINISTIC] Train set assigned (No Voting). Size: 10
[ 2026-03-27 19:42:07 | node_4 | INFO ] 🏋️‍♀️ Preparing training...
[ 2026-03-27 19:42:07 | node | INFO ] 🎉 Round 98 of 100 finished.
[ 2026-03-27 19:42:07 | node | INFO ] 🗳️ [DETERMINISTIC] Train set assigned (No Voting). Size: 10
[ 2026-03-27 19:42:07 | node | INFO ] 🏋️‍♀️ Preparing training...
[ 2026-03-27 19:42:07 | node_7 | INFO ] 📈 Evaluated. Results: {'test_loss': 1.0811221599578857, 'test_acc': 0.9252336621284485, 'test_precision': 0.4844830334186554, 'test_recall': 0.47122353315353394, 'test_f1': 0.47655409574508667, 'communication_cost': 26343772}
[ 2026-03-27 19:42:07 | node_7 | INFO ] 📢 Broadcasting metrics.
[ 2026-03-27 19:42:07 | node_1 | INFO ] 🎉 Round 98 of 100 finished.
[ 2026-03-27 19:42:07 | node_1 | INFO ] 🗳️ [DETERMINISTIC] Train set assigned (No Voting). Size: 10
[ 2026-03-27 19:42:07 | node_1 | INFO ] 🏋️‍♀️ Preparing training...
[ 2026-03-27 19:42:07 | node_9 | INFO ] 🎉 Round 98 of 100 finished.
[ 2026-03-27 19:42:07 | node_9 | INFO ] 🗳️ [DETERMINISTIC] Train set assigned (No Voting). Size: 10
[ 2026-03-27 19:42:07 | node_9 | INFO ] 🏋️‍♀️ Preparing training...
[ 2026-03-27 19:42:07 | node_1 | INFO ] 🎓 Training step done.
[ 2026-03-27 19:42:07 | node_1 | INFO ] 🛠️ Calling force_add_local_model...
[ 2026-03-27 19:42:07 | node_7 | INFO ] 🎉 Round 98 of 100 finished.
[ 2026-03-27 19:42:07 | node_1 | INFO ] ✅ [FORCE] Local model added for round 98. (1/8)
[ 2026-03-27 19:42:07 | node_7 | INFO ] 🗳️ [DETERMINISTIC] Train set assigned (No Voting). Size: 10
[ 2026-03-27 19:42:07 | node_7 | INFO ] 🏋️‍♀️ Preparing training...
[ 2026-03-27 19:42:08 | node_7 | INFO ] 🎓 Training step done.
[ 2026-03-27 19:42:08 | node_7 | INFO ] 🛠️ Calling force_add_local_model...
[ 2026-03-27 19:42:08 | node_7 | INFO ] ✅ [FORCE] Local model added for round 98. (1/8)
[ 2026-03-27 19:42:09 | node_9 | INFO ] 🎓 Training step done.
[ 2026-03-27 19:42:09 | node_9 | INFO ] 🛠️ Calling force_add_local_model...
[ 2026-03-27 19:42:09 | node_9 | INFO ] ✅ [FORCE] Local model added for round 98. (1/8)
[ 2026-03-27 19:42:09 | node_3 | INFO ] 🎓 Training step done.
[ 2026-03-27 19:42:09 | node_3 | INFO ] 🛠️ Calling force_add_local_model...
[ 2026-03-27 19:42:09 | node_3 | INFO ] ✅ [FORCE] Local model added for round 98. (1/10)
[ 2026-03-27 19:42:09 | node_4 | INFO ] 🎓 Training step done.
[ 2026-03-27 19:42:09 | node_4 | INFO ] 🛠️ Calling force_add_local_model...
[ 2026-03-27 19:42:09 | node_4 | INFO ] ✅ [FORCE] Local model added for round 98. (1/10)
[ 2026-03-27 19:42:10 | node_5 | INFO ] 🎓 Training step done.
[ 2026-03-27 19:42:10 | node | INFO ] 🎓 Training step done.
[ 2026-03-27 19:42:10 | node_5 | INFO ] 🛠️ Calling force_add_local_model...
[ 2026-03-27 19:42:10 | node | INFO ] 🛠️ Calling force_add_local_model...
[ 2026-03-27 19:42:10 | node | INFO ] ✅ [FORCE] Local model added for round 98. (1/9)
[ 2026-03-27 19:42:10 | node_5 | INFO ] ✅ [FORCE] Local model added for round 98. (1/10)
[ 2026-03-27 19:42:10 | node_6 | INFO ] 🎓 Training step done.
[ 2026-03-27 19:42:10 | node_6 | INFO ] 🛠️ Calling force_add_local_model...
[ 2026-03-27 19:42:10 | node_6 | INFO ] ✅ [FORCE] Local model added for round 98. (1/9)
[ 2026-03-27 19:42:12 | node_1 | INFO ] 📤 Sending model to 7 direct neighbors: ['node', 'node_2', 'node_3', 'node_4', 'node_5', 'node_8', 'node_9']
[ 2026-03-27 19:42:12 | node | INFO ] 🧩 Model added for round 98 (2/9) from ['node_1']
[ 2026-03-27 19:42:12 | node_3 | INFO ] 🧩 Model added for round 98 (2/10) from ['node_1']
[ 2026-03-27 19:42:13 | node_4 | INFO ] 🧩 Model added for round 98 (2/10) from ['node_1']
[ 2026-03-27 19:42:13 | node_5 | INFO ] 🧩 Model added for round 98 (2/10) from ['node_1']
[ 2026-03-27 19:42:13 | node_7 | INFO ] 📤 Sending model to 7 direct neighbors: ['node', 'node_2', 'node_3', 'node_4', 'node_5', 'node_6', 'node_8']
[ 2026-03-27 19:42:13 | node_9 | INFO ] 🧩 Model added for round 98 (2/8) from ['node_1']
[ 2026-03-27 19:42:13 | node | INFO ] 🧩 Model added for round 98 (3/9) from ['node_7']
[ 2026-03-27 19:42:13 | node_3 | INFO ] 🧩 Model added for round 98 (3/10) from ['node_7']
[ 2026-03-27 19:42:13 | node_4 | INFO ] 🧩 Model added for round 98 (3/10) from ['node_7']
[ 2026-03-27 19:42:13 | node_5 | INFO ] 🧩 Model added for round 98 (3/10) from ['node_7']
[ 2026-03-27 19:42:14 | node_6 | INFO ] 🧩 Model added for round 98 (2/9) from ['node_7']
[ 2026-03-27 19:42:14 | node_9 | INFO ] 📤 Sending model to 7 direct neighbors: ['node', 'node_1', 'node_3', 'node_4', 'node_5', 'node_6', 'node_8']
[ 2026-03-27 19:42:14 | node | INFO ] 🧩 Model added for round 98 (4/9) from ['node_9']
[ 2026-03-27 19:42:14 | node_1 | INFO ] 🧩 Model added for round 98 (2/8) from ['node_9']
[ 2026-03-27 19:42:14 | node_3 | INFO ] 🧩 Model added for round 98 (4/10) from ['node_9']
[ 2026-03-27 19:42:14 | node_4 | INFO ] 🧩 Model added for round 98 (4/10) from ['node_9']
[ 2026-03-27 19:42:14 | node_3 | INFO ] 📤 Sending model to 9 direct neighbors: ['node', 'node_1', 'node_2', 'node_4', 'node_5', 'node_6', 'node_7', 'node_8', 'node_9']
[ 2026-03-27 19:42:14 | node_5 | INFO ] 🧩 Model added for round 98 (4/10) from ['node_9']
[ 2026-03-27 19:42:14 | node_4 | INFO ] 📤 Sending model to 9 direct neighbors: ['node', 'node_1', 'node_2', 'node_3', 'node_5', 'node_6', 'node_7', 'node_8', 'node_9']
[ 2026-03-27 19:42:14 | node | INFO ] 🧩 Model added for round 98 (5/9) from ['node_3']
[ 2026-03-27 19:42:14 | node | INFO ] 🧩 Model added for round 98 (6/9) from ['node_4']
[ 2026-03-27 19:42:15 | node_6 | INFO ] 🧩 Model added for round 98 (3/9) from ['node_9']
[ 2026-03-27 19:42:15 | node_1 | INFO ] 🧩 Model added for round 98 (3/8) from ['node_3']
[ 2026-03-27 19:42:15 | node_1 | INFO ] 🧩 Model added for round 98 (4/8) from ['node_4']
[ 2026-03-27 19:42:15 | node_4 | INFO ] 🧩 Model added for round 98 (5/10) from ['node_3']
[ 2026-03-27 19:42:15 | node | INFO ] 📤 Sending model to 8 direct neighbors: ['node_1', 'node_3', 'node_4', 'node_5', 'node_6', 'node_7', 'node_8', 'node_9']
[ 2026-03-27 19:42:15 | node_5 | INFO ] 📤 Sending model to 9 direct neighbors: ['node', 'node_1', 'node_2', 'node_3', 'node_4', 'node_6', 'node_7', 'node_8', 'node_9']
[ 2026-03-27 19:42:15 | node_3 | INFO ] 🧩 Model added for round 98 (5/10) from ['node_4']
[ 2026-03-27 19:42:15 | node_6 | INFO ] 📤 Sending model to 8 direct neighbors: ['node', 'node_2', 'node_3', 'node_4', 'node_5', 'node_7', 'node_8', 'node_9']
[ 2026-03-27 19:42:15 | node | INFO ] 🧩 Model added for round 98 (7/9) from ['node_5']
[ 2026-03-27 19:42:15 | node_1 | INFO ] 🧩 Model added for round 98 (5/8) from ['node']
[ 2026-03-27 19:42:15 | node | INFO ] 🧩 Model added for round 98 (8/9) from ['node_6']
[ 2026-03-27 19:42:15 | node_5 | INFO ] 🧩 Model added for round 98 (5/10) from ['node_3']
[ 2026-03-27 19:42:15 | node_3 | INFO ] 🧩 Model added for round 98 (6/10) from ['node']
[ 2026-03-27 19:42:15 | node_1 | INFO ] 🧩 Model added for round 98 (6/8) from ['node_5']
[ 2026-03-27 19:42:15 | node_5 | INFO ] 🧩 Model added for round 98 (6/10) from ['node_4']
[ 2026-03-27 19:42:16 | node_6 | INFO ] 🧩 Model added for round 98 (4/9) from ['node_3']
[ 2026-03-27 19:42:16 | node_3 | INFO ] 🧩 Model added for round 98 (7/10) from ['node_6']
[ 2026-03-27 19:42:16 | node_4 | INFO ] 🧩 Model added for round 98 (6/10) from ['node']
[ 2026-03-27 19:42:16 | node_6 | INFO ] 🧩 Model added for round 98 (5/9) from ['node_4']
[ 2026-03-27 19:42:16 | node_3 | INFO ] 🧩 Model added for round 98 (8/10) from ['node_5']
[ 2026-03-27 19:42:16 | node_7 | INFO ] 🧩 Model added for round 98 (2/8) from ['node_3']
[ 2026-03-27 19:42:16 | node_4 | INFO ] 🧩 Model added for round 98 (7/10) from ['node_6']
[ 2026-03-27 19:42:16 | node_2 | INFO ] ⏹️  Gossiping exited for 10 equal rounds.
[ 2026-03-27 19:42:16 | node_7 | INFO ] 🧩 Model added for round 98 (3/8) from ['node_4']
[ 2026-03-27 19:42:16 | node_2 | INFO ] 🔬 Evaluating...
[ 2026-03-27 19:42:16 | node_5 | INFO ] 🧩 Model added for round 98 (7/10) from ['node']
[ 2026-03-27 19:42:16 | node_4 | INFO ] 🧩 Model added for round 98 (8/10) from ['node_5']
[ 2026-03-27 19:42:16 | node_9 | INFO ] 🧩 Model added for round 98 (3/8) from ['node_3']
[ 2026-03-27 19:42:16 | node_2 | INFO ] 📈 Evaluated. Results: {'test_loss': 1.080430507659912, 'test_acc': 0.9028037190437317, 'test_precision': 0.3538145422935486, 'test_recall': 0.336259663105011, 'test_f1': 0.341936856508255, 'communication_cost': 26343772}
[ 2026-03-27 19:42:16 | node_5 | INFO ] 🧩 Model added for round 98 (8/10) from ['node_6']
[ 2026-03-27 19:42:16 | node_2 | INFO ] 📢 Broadcasting metrics.
[ 2026-03-27 19:42:16 | node_6 | INFO ] 🧩 Model added for round 98 (6/9) from ['node']
[ 2026-03-27 19:42:16 | node_9 | INFO ] 🧩 Model added for round 98 (4/8) from ['node_4']
[ 2026-03-27 19:42:16 | node_6 | INFO ] 🧩 Model added for round 98 (7/9) from ['node_5']
[ 2026-03-27 19:42:16 | node_7 | INFO ] 🧩 Model added for round 98 (4/8) from ['node_6']
[ 2026-03-27 19:42:17 | node_7 | INFO ] 🧩 Model added for round 98 (5/8) from ['node']
[ 2026-03-27 19:42:17 | node_7 | INFO ] 🧩 Model added for round 98 (6/8) from ['node_5']
[ 2026-03-27 19:42:17 | node_2 | INFO ] 🎉 Round 98 of 100 finished.
[ 2026-03-27 19:42:17 | node_2 | INFO ] 🗳️ [DETERMINISTIC] Train set assigned (No Voting). Size: 10
[ 2026-03-27 19:42:17 | node_2 | INFO ] ♻️ Proactively processing 6 early models for round 98.
[ 2026-03-27 19:42:17 | node_2 | INFO ] 🧩 Model added for round 98 (1/8) from ['node_1']
[ 2026-03-27 19:42:17 | node_2 | INFO ] 🧩 Model added for round 98 (2/8) from ['node_7']
[ 2026-03-27 19:42:17 | node_2 | INFO ] 🧩 Model added for round 98 (3/8) from ['node_3']
[ 2026-03-27 19:42:17 | node_2 | INFO ] 🧩 Model added for round 98 (4/8) from ['node_4']
[ 2026-03-27 19:42:17 | node_2 | INFO ] 🧩 Model added for round 98 (5/8) from ['node_6']
[ 2026-03-27 19:42:17 | node_2 | INFO ] 🧩 Model added for round 98 (6/8) from ['node_5']
[ 2026-03-27 19:42:17 | node_2 | INFO ] 🏋️‍♀️ Preparing training...
[ 2026-03-27 19:42:17 | node_9 | INFO ] 🧩 Model added for round 98 (5/8) from ['node_6']
[ 2026-03-27 19:42:17 | node_9 | INFO ] 🧩 Model added for round 98 (6/8) from ['node']
[ 2026-03-27 19:42:17 | node_9 | INFO ] 🧩 Model added for round 98 (7/8) from ['node_5']
[ 2026-03-27 19:42:18 | node_8 | INFO ] ⏹️  Gossiping exited for 10 equal rounds.
[ 2026-03-27 19:42:18 | node_8 | INFO ] 🔬 Evaluating...
[ 2026-03-27 19:42:18 | node_8 | INFO ] 📈 Evaluated. Results: {'test_loss': 1.5362987518310547, 'test_acc': 0.8162251710891724, 'test_precision': 0.3249090909957886, 'test_recall': 0.28516173362731934, 'test_f1': 0.3018597662448883, 'communication_cost': 33870564}
[ 2026-03-27 19:42:18 | node_8 | INFO ] 📢 Broadcasting metrics.
[ 2026-03-27 19:42:18 | node_2 | INFO ] 🎓 Training step done.
[ 2026-03-27 19:42:18 | node_2 | INFO ] 🛠️ Calling force_add_local_model...
[ 2026-03-27 19:42:18 | node_2 | INFO ] ✅ [FORCE] Local model added for round 98. (7/8)
[ 2026-03-27 19:42:18 | node_8 | INFO ] 🎉 Round 98 of 100 finished.
[ 2026-03-27 19:42:18 | node_8 | INFO ] 🗳️ [DETERMINISTIC] Train set assigned (No Voting). Size: 10
[ 2026-03-27 19:42:18 | node_8 | INFO ] ♻️ Proactively processing 8 early models for round 98.
[ 2026-03-27 19:42:18 | node_8 | INFO ] 🧩 Model added for round 98 (1/10) from ['node_1']
[ 2026-03-27 19:42:18 | node_8 | INFO ] 🧩 Model added for round 98 (2/10) from ['node_7']
[ 2026-03-27 19:42:18 | node_8 | INFO ] 🧩 Model added for round 98 (3/10) from ['node_9']
[ 2026-03-27 19:42:18 | node_8 | INFO ] 🧩 Model added for round 98 (4/10) from ['node_3']
[ 2026-03-27 19:42:18 | node_8 | INFO ] 🧩 Model added for round 98 (5/10) from ['node_4']
[ 2026-03-27 19:42:18 | node_8 | INFO ] 🧩 Model added for round 98 (6/10) from ['node_6']
[ 2026-03-27 19:42:18 | node_8 | INFO ] 🧩 Model added for round 98 (7/10) from ['node']
[ 2026-03-27 19:42:18 | node_8 | INFO ] 🧩 Model added for round 98 (8/10) from ['node_5']
[ 2026-03-27 19:42:18 | node_8 | INFO ] 🏋️‍♀️ Preparing training...
[ 2026-03-27 19:42:19 | node_8 | INFO ] 🎓 Training step done.
[ 2026-03-27 19:42:19 | node_8 | INFO ] 🛠️ Calling force_add_local_model...
[ 2026-03-27 19:42:19 | node_8 | INFO ] ✅ [FORCE] Local model added for round 98. (9/10)
[ 2026-03-27 19:42:23 | node_2 | INFO ] 📤 Sending model to 7 direct neighbors: ['node_1', 'node_3', 'node_4', 'node_5', 'node_6', 'node_7', 'node_8']
[ 2026-03-27 19:42:23 | node_1 | INFO ] 🧩 Model added for round 98 (7/8) from ['node_2']
[ 2026-03-27 19:42:23 | node_3 | INFO ] 🧩 Model added for round 98 (9/10) from ['node_2']
[ 2026-03-27 19:42:23 | node_4 | INFO ] 🧩 Model added for round 98 (9/10) from ['node_2']
[ 2026-03-27 19:42:24 | node_5 | INFO ] 🧩 Model added for round 98 (9/10) from ['node_2']
[ 2026-03-27 19:42:24 | node_6 | INFO ] 🧩 Model added for round 98 (8/9) from ['node_2']
[ 2026-03-27 19:42:24 | node_7 | INFO ] 🧩 Model added for round 98 (7/8) from ['node_2']
[ 2026-03-27 19:42:24 | node_8 | INFO ] 🧩 Model added for round 98 (10/10) from ['node_2']
[ 2026-03-27 19:42:24 | node_8 | INFO ] 📤 Sending model to 9 direct neighbors: ['node', 'node_1', 'node_2', 'node_3', 'node_4', 'node_5', 'node_6', 'node_7', 'node_9']
[ 2026-03-27 19:42:24 | node | INFO ] 🧩 Model added for round 98 (9/9) from ['node_8']
[ 2026-03-27 19:42:24 | node_1 | INFO ] 🧩 Model added for round 98 (8/8) from ['node_8']
[ 2026-03-27 19:42:25 | node | INFO ] 🧠 Aggregation complete. Setting new model.
[ 2026-03-27 19:42:25 | node_1 | INFO ] 🧠 Aggregation complete. Setting new model.
[ 2026-03-27 19:42:25 | node_2 | INFO ] 🧩 Model added for round 98 (8/8) from ['node_8']
[ 2026-03-27 19:42:25 | node_2 | INFO ] 🧠 Aggregation complete. Setting new model.
[ 2026-03-27 19:42:25 | node_1 | INFO ] 🗣️ Gossiping aggregated model.
[ 2026-03-27 19:42:25 | node | INFO ] 🗣️ Gossiping aggregated model.
[ 2026-03-27 19:42:25 | node_2 | INFO ] 🗣️ Gossiping aggregated model.
[ 2026-03-27 19:42:25 | node_3 | INFO ] 🧩 Model added for round 98 (10/10) from ['node_8']
[ 2026-03-27 19:42:25 | node_4 | INFO ] 🧩 Model added for round 98 (10/10) from ['node_8']
[ 2026-03-27 19:42:25 | node_3 | INFO ] 🧠 Aggregation complete. Setting new model.
[ 2026-03-27 19:42:25 | node_4 | INFO ] 🧠 Aggregation complete. Setting new model.
[ 2026-03-27 19:42:25 | node_4 | INFO ] 🗣️ Gossiping aggregated model.
[ 2026-03-27 19:42:25 | node_3 | INFO ] 🗣️ Gossiping aggregated model.
[ 2026-03-27 19:42:25 | node_5 | INFO ] 🧩 Model added for round 98 (10/10) from ['node_8']
[ 2026-03-27 19:42:25 | node_6 | INFO ] 🧩 Model added for round 98 (9/9) from ['node_8']
[ 2026-03-27 19:42:26 | node_5 | INFO ] 🧠 Aggregation complete. Setting new model.
[ 2026-03-27 19:42:26 | node_6 | INFO ] 🧠 Aggregation complete. Setting new model.
[ 2026-03-27 19:42:26 | node_6 | INFO ] 🗣️ Gossiping aggregated model.
[ 2026-03-27 19:42:26 | node_5 | INFO ] 🗣️ Gossiping aggregated model.
[ 2026-03-27 19:42:26 | node_7 | INFO ] 🧩 Model added for round 98 (8/8) from ['node_8']
[ 2026-03-27 19:42:26 | node_9 | INFO ] 🧩 Model added for round 98 (8/8) from ['node_8']
[ 2026-03-27 19:42:26 | node_7 | INFO ] 🧠 Aggregation complete. Setting new model.
[ 2026-03-27 19:42:26 | node_9 | INFO ] 🧠 Aggregation complete. Setting new model.
[ 2026-03-27 19:42:26 | node_8 | INFO ] 🧠 Aggregation complete. Setting new model.
[ 2026-03-27 19:42:26 | node_7 | INFO ] 🗣️ Gossiping aggregated model.
[ 2026-03-27 19:42:26 | node_9 | INFO ] 🗣️ Gossiping aggregated model.
[ 2026-03-27 19:42:26 | node_8 | INFO ] 🗣️ Gossiping aggregated model.
[ 2026-03-27 19:42:27 | node_7 | INFO ] 🤫 Gossip finished.
[ 2026-03-27 19:42:27 | node_7 | INFO ] 🔬 Evaluating...
[ 2026-03-27 19:42:28 | node_7 | INFO ] 📈 Evaluated. Results: {'test_loss': 1.3763035535812378, 'test_acc': 0.913551390171051, 'test_precision': 0.4614894390106201, 'test_recall': 0.44595688581466675, 'test_f1': 0.4525238275527954, 'communication_cost': 26343772}
[ 2026-03-27 19:42:28 | node_7 | INFO ] 📢 Broadcasting metrics.
[ 2026-03-27 19:42:28 | node_7 | INFO ] 🎉 Round 99 of 100 finished.
[ 2026-03-27 19:42:28 | node_7 | INFO ] 🗳️ [DETERMINISTIC] Train set assigned (No Voting). Size: 10
[ 2026-03-27 19:42:28 | node_7 | INFO ] 🏋️‍♀️ Preparing training...
[ 2026-03-27 19:42:28 | node_7 | INFO ] 🎓 Training step done.
[ 2026-03-27 19:42:28 | node_7 | INFO ] 🛠️ Calling force_add_local_model...
[ 2026-03-27 19:42:28 | node_7 | INFO ] ✅ [FORCE] Local model added for round 99. (1/8)
[ 2026-03-27 19:42:33 | node_7 | INFO ] 📤 Sending model to 7 direct neighbors: ['node', 'node_2', 'node_3', 'node_4', 'node_5', 'node_6', 'node_8']
[ 2026-03-27 19:42:38 | node_2 | INFO ] ⏹️  Gossiping exited for 10 equal rounds.
[ 2026-03-27 19:42:38 | node_2 | INFO ] 🔬 Evaluating...
[ 2026-03-27 19:42:38 | node_2 | INFO ] 📈 Evaluated. Results: {'test_loss': 1.1739591360092163, 'test_acc': 0.9158878326416016, 'test_precision': 0.40580815076828003, 'test_recall': 0.38537344336509705, 'test_f1': 0.394773930311203, 'communication_cost': 26343772}
[ 2026-03-27 19:42:38 | node_2 | INFO ] 📢 Broadcasting metrics.
[ 2026-03-27 19:42:38 | node | INFO ] ⏹️  Gossiping exited for 10 equal rounds.
[ 2026-03-27 19:42:38 | node | INFO ] 🔬 Evaluating...
[ 2026-03-27 19:42:38 | node_1 | INFO ] ⏹️  Gossiping exited for 10 equal rounds.
[ 2026-03-27 19:42:38 | node_6 | INFO ] ⏹️  Gossiping exited for 10 equal rounds.
[ 2026-03-27 19:42:38 | node_3 | INFO ] ⏹️  Gossiping exited for 10 equal rounds.
[ 2026-03-27 19:42:38 | node_4 | INFO ] ⏹️  Gossiping exited for 10 equal rounds.
[ 2026-03-27 19:42:38 | node_1 | INFO ] 🔬 Evaluating...
[ 2026-03-27 19:42:38 | node_6 | INFO ] 🔬 Evaluating...
[ 2026-03-27 19:42:38 | node_4 | INFO ] 🔬 Evaluating...
[ 2026-03-27 19:42:38 | node_3 | INFO ] 🔬 Evaluating...
[ 2026-03-27 19:42:38 | node_5 | INFO ] ⏹️  Gossiping exited for 10 equal rounds.
[ 2026-03-27 19:42:38 | node_5 | INFO ] 🔬 Evaluating...
[ 2026-03-27 19:42:38 | node_2 | INFO ] 🎉 Round 99 of 100 finished.
[ 2026-03-27 19:42:38 | node_6 | INFO ] 📈 Evaluated. Results: {'test_loss': 1.3229371309280396, 'test_acc': 0.8435754179954529, 'test_precision': 0.3684224486351013, 'test_recall': 0.33918264508247375, 'test_f1': 0.3519088625907898, 'communication_cost': 30107168}
[ 2026-03-27 19:42:38 | node_6 | INFO ] 📢 Broadcasting metrics.
[ 2026-03-27 19:42:38 | node_2 | INFO ] 🗳️ [DETERMINISTIC] Train set assigned (No Voting). Size: 10
[ 2026-03-27 19:42:38 | node_2 | INFO ] ♻️ Proactively processing 1 early models for round 99.
[ 2026-03-27 19:42:38 | node_2 | INFO ] 🧩 Model added for round 99 (1/8) from ['node_7']
[ 2026-03-27 19:42:38 | node_2 | INFO ] 🏋️‍♀️ Preparing training...
[ 2026-03-27 19:42:38 | node_3 | INFO ] 📈 Evaluated. Results: {'test_loss': 1.9520952701568604, 'test_acc': 0.7805343270301819, 'test_precision': 0.33307892084121704, 'test_recall': 0.29494091868400574, 'test_f1': 0.3100341260433197, 'communication_cost': 33870564}
[ 2026-03-27 19:42:38 | node_3 | INFO ] 📢 Broadcasting metrics.
[ 2026-03-27 19:42:38 | node_9 | INFO ] ⏹️  Gossiping exited for 10 equal rounds.
[ 2026-03-27 19:42:38 | node_9 | INFO ] 🔬 Evaluating...
[ 2026-03-27 19:42:38 | node_5 | INFO ] 📈 Evaluated. Results: {'test_loss': 0.5453172326087952, 'test_acc': 0.9191176295280457, 'test_precision': 0.42016804218292236, 'test_recall': 0.39504024386405945, 'test_f1': 0.4069299101829529, 'communication_cost': 33870564}
[ 2026-03-27 19:42:38 | node_5 | INFO ] 📢 Broadcasting metrics.
[ 2026-03-27 19:42:38 | node_4 | INFO ] 📈 Evaluated. Results: {'test_loss': 0.7668842673301697, 'test_acc': 0.9377431869506836, 'test_precision': 0.4748833179473877, 'test_recall': 0.4570072591304779, 'test_f1': 0.46530091762542725, 'communication_cost': 33870564}
[ 2026-03-27 19:42:38 | node_4 | INFO ] 📢 Broadcasting metrics.
[ 2026-03-27 19:42:38 | node_1 | INFO ] 📈 Evaluated. Results: {'test_loss': 0.507760226726532, 'test_acc': 0.9587255716323853, 'test_precision': 0.5399595499038696, 'test_recall': 0.5227957963943481, 'test_f1': 0.5310735702514648, 'communication_cost': 26343772}
[ 2026-03-27 19:42:38 | node_1 | INFO ] 📢 Broadcasting metrics.
[ 2026-03-27 19:42:38 | node | INFO ] 📈 Evaluated. Results: {'test_loss': 1.1776814460754395, 'test_acc': 0.8555305004119873, 'test_precision': 0.39902886748313904, 'test_recall': 0.37690451741218567, 'test_f1': 0.38572806119918823, 'communication_cost': 30107168}
[ 2026-03-27 19:42:38 | node | INFO ] 📢 Broadcasting metrics.
[ 2026-03-27 19:42:39 | node_6 | INFO ] 🎉 Round 99 of 100 finished.
[ 2026-03-27 19:42:39 | node_6 | INFO ] 🗳️ [DETERMINISTIC] Train set assigned (No Voting). Size: 10
[ 2026-03-27 19:42:39 | node_9 | INFO ] 📈 Evaluated. Results: {'test_loss': 2.4138998985290527, 'test_acc': 0.850649356842041, 'test_precision': 0.2605648338794708, 'test_recall': 0.23484846949577332, 'test_f1': 0.2464783638715744, 'communication_cost': 26343772}
[ 2026-03-27 19:42:39 | node_9 | INFO ] 📢 Broadcasting metrics.
[ 2026-03-27 19:42:39 | node_6 | INFO ] ♻️ Proactively processing 1 early models for round 99.
[ 2026-03-27 19:42:39 | node_6 | INFO ] 🧩 Model added for round 99 (1/9) from ['node_7']
[ 2026-03-27 19:42:39 | node_6 | INFO ] 🏋️‍♀️ Preparing training...
[ 2026-03-27 19:42:39 | node_3 | INFO ] 🎉 Round 99 of 100 finished.
[ 2026-03-27 19:42:39 | node_3 | INFO ] 🗳️ [DETERMINISTIC] Train set assigned (No Voting). Size: 10
[ 2026-03-27 19:42:39 | node_3 | INFO ] ♻️ Proactively processing 1 early models for round 99.
[ 2026-03-27 19:42:39 | node_3 | INFO ] 🧩 Model added for round 99 (1/10) from ['node_7']
[ 2026-03-27 19:42:39 | node_3 | INFO ] 🏋️‍♀️ Preparing training...
[ 2026-03-27 19:42:39 | node_5 | INFO ] 🎉 Round 99 of 100 finished.
[ 2026-03-27 19:42:39 | node_5 | INFO ] 🗳️ [DETERMINISTIC] Train set assigned (No Voting). Size: 10
[ 2026-03-27 19:42:39 | node_1 | INFO ] 🎉 Round 99 of 100 finished.
[ 2026-03-27 19:42:39 | node_5 | INFO ] ♻️ Proactively processing 1 early models for round 99.
[ 2026-03-27 19:42:39 | node_5 | INFO ] 🧩 Model added for round 99 (1/10) from ['node_7']
[ 2026-03-27 19:42:39 | node_9 | INFO ] 🎉 Round 99 of 100 finished.
[ 2026-03-27 19:42:39 | node_1 | INFO ] 🗳️ [DETERMINISTIC] Train set assigned (No Voting). Size: 10
[ 2026-03-27 19:42:39 | node_5 | INFO ] 🏋️‍♀️ Preparing training...
[ 2026-03-27 19:42:39 | node_9 | INFO ] 🗳️ [DETERMINISTIC] Train set assigned (No Voting). Size: 10
[ 2026-03-27 19:42:39 | node_1 | INFO ] 🏋️‍♀️ Preparing training...
[ 2026-03-27 19:42:39 | node_9 | INFO ] 🏋️‍♀️ Preparing training...
[ 2026-03-27 19:42:39 | node_4 | INFO ] 🎉 Round 99 of 100 finished.
[ 2026-03-27 19:42:39 | node_4 | INFO ] 🗳️ [DETERMINISTIC] Train set assigned (No Voting). Size: 10
[ 2026-03-27 19:42:39 | node | INFO ] 🎉 Round 99 of 100 finished.
[ 2026-03-27 19:42:39 | node | INFO ] 🗳️ [DETERMINISTIC] Train set assigned (No Voting). Size: 10
[ 2026-03-27 19:42:39 | node_4 | INFO ] ♻️ Proactively processing 1 early models for round 99.
[ 2026-03-27 19:42:39 | node_4 | INFO ] 🧩 Model added for round 99 (1/10) from ['node_7']
[ 2026-03-27 19:42:39 | node_4 | INFO ] 🏋️‍♀️ Preparing training...
[ 2026-03-27 19:42:39 | node | INFO ] ♻️ Proactively processing 1 early models for round 99.
[ 2026-03-27 19:42:39 | node | INFO ] 🧩 Model added for round 99 (1/9) from ['node_7']
[ 2026-03-27 19:42:39 | node | INFO ] 🏋️‍♀️ Preparing training...
[ 2026-03-27 19:42:39 | node_8 | INFO ] ⏹️  Gossiping exited for 10 equal rounds.
[ 2026-03-27 19:42:39 | node_8 | INFO ] 🔬 Evaluating...
[ 2026-03-27 19:42:39 | node_1 | INFO ] 🎓 Training step done.
[ 2026-03-27 19:42:39 | node_1 | INFO ] 🛠️ Calling force_add_local_model...
[ 2026-03-27 19:42:39 | node_1 | INFO ] ✅ [FORCE] Local model added for round 99. (1/8)
[ 2026-03-27 19:42:40 | node_8 | INFO ] 📈 Evaluated. Results: {'test_loss': 1.2272412776947021, 'test_acc': 0.8700330853462219, 'test_precision': 0.29953762888908386, 'test_recall': 0.2749410569667816, 'test_f1': 0.2856311798095703, 'communication_cost': 33870564}
[ 2026-03-27 19:42:40 | node_8 | INFO ] 📢 Broadcasting metrics.
[ 2026-03-27 19:42:40 | node_2 | INFO ] 🎓 Training step done.
[ 2026-03-27 19:42:40 | node_2 | INFO ] 🛠️ Calling force_add_local_model...
[ 2026-03-27 19:42:40 | node_2 | INFO ] ✅ [FORCE] Local model added for round 99. (2/8)
[ 2026-03-27 19:42:40 | node_8 | INFO ] 🎉 Round 99 of 100 finished.
[ 2026-03-27 19:42:40 | node_8 | INFO ] 🗳️ [DETERMINISTIC] Train set assigned (No Voting). Size: 10
[ 2026-03-27 19:42:40 | node_8 | INFO ] ♻️ Proactively processing 1 early models for round 99.
[ 2026-03-27 19:42:40 | node_8 | INFO ] 🧩 Model added for round 99 (1/10) from ['node_7']
[ 2026-03-27 19:42:40 | node_8 | INFO ] 🏋️‍♀️ Preparing training...
[ 2026-03-27 19:42:41 | node_9 | INFO ] 🎓 Training step done.
[ 2026-03-27 19:42:41 | node_9 | INFO ] 🛠️ Calling force_add_local_model...
[ 2026-03-27 19:42:41 | node_9 | INFO ] ✅ [FORCE] Local model added for round 99. (1/8)
[ 2026-03-27 19:42:41 | node_8 | INFO ] 🎓 Training step done.
[ 2026-03-27 19:42:41 | node_8 | INFO ] 🛠️ Calling force_add_local_model...
[ 2026-03-27 19:42:41 | node_8 | INFO ] ✅ [FORCE] Local model added for round 99. (2/10)
[ 2026-03-27 19:42:41 | node_3 | INFO ] 🎓 Training step done.
[ 2026-03-27 19:42:41 | node_3 | INFO ] 🛠️ Calling force_add_local_model...
[ 2026-03-27 19:42:41 | node_3 | INFO ] ✅ [FORCE] Local model added for round 99. (2/10)
[ 2026-03-27 19:42:42 | node_4 | INFO ] 🎓 Training step done.
[ 2026-03-27 19:42:42 | node_4 | INFO ] 🛠️ Calling force_add_local_model...
[ 2026-03-27 19:42:42 | node_4 | INFO ] ✅ [FORCE] Local model added for round 99. (2/10)
[ 2026-03-27 19:42:42 | node_6 | INFO ] 🎓 Training step done.
[ 2026-03-27 19:42:42 | node_6 | INFO ] 🛠️ Calling force_add_local_model...
[ 2026-03-27 19:42:42 | node_6 | INFO ] ✅ [FORCE] Local model added for round 99. (2/9)
[ 2026-03-27 19:42:42 | node | INFO ] 🎓 Training step done.
[ 2026-03-27 19:42:42 | node | INFO ] 🛠️ Calling force_add_local_model...
[ 2026-03-27 19:42:42 | node | INFO ] ✅ [FORCE] Local model added for round 99. (2/9)
[ 2026-03-27 19:42:43 | node_5 | INFO ] 🎓 Training step done.
[ 2026-03-27 19:42:43 | node_5 | INFO ] 🛠️ Calling force_add_local_model...
[ 2026-03-27 19:42:43 | node_5 | INFO ] ✅ [FORCE] Local model added for round 99. (2/10)
[ 2026-03-27 19:42:44 | node_1 | INFO ] 📤 Sending model to 7 direct neighbors: ['node', 'node_2', 'node_3', 'node_4', 'node_5', 'node_8', 'node_9']
[ 2026-03-27 19:42:44 | node | INFO ] 🧩 Model added for round 99 (3/9) from ['node_1']
[ 2026-03-27 19:42:44 | node_2 | INFO ] 🧩 Model added for round 99 (3/8) from ['node_1']
[ 2026-03-27 19:42:44 | node_3 | INFO ] 🧩 Model added for round 99 (3/10) from ['node_1']
[ 2026-03-27 19:42:44 | node_4 | INFO ] 🧩 Model added for round 99 (3/10) from ['node_1']
[ 2026-03-27 19:42:45 | node_5 | INFO ] 🧩 Model added for round 99 (3/10) from ['node_1']
[ 2026-03-27 19:42:45 | node_2 | INFO ] 📤 Sending model to 7 direct neighbors: ['node_1', 'node_3', 'node_4', 'node_5', 'node_6', 'node_7', 'node_8']
[ 2026-03-27 19:42:45 | node_1 | INFO ] 🧩 Model added for round 99 (2/8) from ['node_2']
[ 2026-03-27 19:42:45 | node_8 | INFO ] 🧩 Model added for round 99 (3/10) from ['node_1']
[ 2026-03-27 19:42:45 | node_3 | INFO ] 🧩 Model added for round 99 (4/10) from ['node_2']
[ 2026-03-27 19:42:45 | node_9 | INFO ] 🧩 Model added for round 99 (2/8) from ['node_1']
[ 2026-03-27 19:42:45 | node_4 | INFO ] 🧩 Model added for round 99 (4/10) from ['node_2']
[ 2026-03-27 19:42:45 | node_5 | INFO ] 🧩 Model added for round 99 (4/10) from ['node_2']
[ 2026-03-27 19:42:45 | node_6 | INFO ] 🧩 Model added for round 99 (3/9) from ['node_2']
[ 2026-03-27 19:42:45 | node_7 | INFO ] 🧩 Model added for round 99 (2/8) from ['node_2']
[ 2026-03-27 19:42:45 | node_8 | INFO ] 🧩 Model added for round 99 (4/10) from ['node_2']
[ 2026-03-27 19:42:46 | node_9 | INFO ] 📤 Sending model to 7 direct neighbors: ['node', 'node_1', 'node_3', 'node_4', 'node_5', 'node_6', 'node_8']
[ 2026-03-27 19:42:46 | node | INFO ] 🧩 Model added for round 99 (4/9) from ['node_9']
[ 2026-03-27 19:42:46 | node_1 | INFO ] 🧩 Model added for round 99 (3/8) from ['node_9']
[ 2026-03-27 19:42:46 | node_3 | INFO ] 🧩 Model added for round 99 (5/10) from ['node_9']
[ 2026-03-27 19:42:46 | node_4 | INFO ] 🧩 Model added for round 99 (5/10) from ['node_9']
[ 2026-03-27 19:42:46 | node_5 | INFO ] 🧩 Model added for round 99 (5/10) from ['node_9']
[ 2026-03-27 19:42:46 | node_8 | INFO ] 📤 Sending model to 9 direct neighbors: ['node', 'node_1', 'node_2', 'node_3', 'node_4', 'node_5', 'node_6', 'node_7', 'node_9']
[ 2026-03-27 19:42:46 | node | INFO ] 🧩 Model added for round 99 (5/9) from ['node_8']
[ 2026-03-27 19:42:46 | node_6 | INFO ] 🧩 Model added for round 99 (4/9) from ['node_9']
[ 2026-03-27 19:42:46 | node_8 | INFO ] 🧩 Model added for round 99 (5/10) from ['node_9']
[ 2026-03-27 19:42:46 | node_1 | INFO ] 🧩 Model added for round 99 (4/8) from ['node_8']
[ 2026-03-27 19:42:46 | node_2 | INFO ] 🧩 Model added for round 99 (4/8) from ['node_8']
[ 2026-03-27 19:42:46 | node_3 | INFO ] 🧩 Model added for round 99 (6/10) from ['node_8']
[ 2026-03-27 19:42:46 | node_4 | INFO ] 🧩 Model added for round 99 (6/10) from ['node_8']
[ 2026-03-27 19:42:46 | node_5 | INFO ] 🧩 Model added for round 99 (6/10) from ['node_8']
[ 2026-03-27 19:42:46 | node_6 | INFO ] 🧩 Model added for round 99 (5/9) from ['node_8']
[ 2026-03-27 19:42:46 | node_7 | INFO ] 🧩 Model added for round 99 (3/8) from ['node_8']
[ 2026-03-27 19:42:46 | node_3 | INFO ] 📤 Sending model to 9 direct neighbors: ['node', 'node_1', 'node_2', 'node_4', 'node_5', 'node_6', 'node_7', 'node_8', 'node_9']
[ 2026-03-27 19:42:47 | node | INFO ] 🧩 Model added for round 99 (6/9) from ['node_3']
[ 2026-03-27 19:42:47 | node_4 | INFO ] 📤 Sending model to 9 direct neighbors: ['node', 'node_1', 'node_2', 'node_3', 'node_5', 'node_6', 'node_7', 'node_8', 'node_9']
[ 2026-03-27 19:42:47 | node_9 | INFO ] 🧩 Model added for round 99 (3/8) from ['node_8']
[ 2026-03-27 19:42:47 | node | INFO ] 🧩 Model added for round 99 (7/9) from ['node_4']
[ 2026-03-27 19:42:47 | node_1 | INFO ] 🧩 Model added for round 99 (5/8) from ['node_3']
[ 2026-03-27 19:42:47 | node_1 | INFO ] 🧩 Model added for round 99 (6/8) from ['node_4']
[ 2026-03-27 19:42:47 | node_2 | INFO ] 🧩 Model added for round 99 (5/8) from ['node_3']
[ 2026-03-27 19:42:47 | node_2 | INFO ] 🧩 Model added for round 99 (6/8) from ['node_4']
[ 2026-03-27 19:42:47 | node_4 | INFO ] 🧩 Model added for round 99 (7/10) from ['node_3']
[ 2026-03-27 19:42:47 | node_3 | INFO ] 🧩 Model added for round 99 (7/10) from ['node_4']
[ 2026-03-27 19:42:47 | node_6 | INFO ] 📤 Sending model to 8 direct neighbors: ['node', 'node_2', 'node_3', 'node_4', 'node_5', 'node_7', 'node_8', 'node_9']
[ 2026-03-27 19:42:47 | node_5 | INFO ] 🧩 Model added for round 99 (7/10) from ['node_3']
[ 2026-03-27 19:42:47 | node | INFO ] 🧩 Model added for round 99 (8/9) from ['node_6']
[ 2026-03-27 19:42:47 | node_5 | INFO ] 🧩 Model added for round 99 (8/10) from ['node_4']
[ 2026-03-27 19:42:47 | node | INFO ] 📤 Sending model to 8 direct neighbors: ['node_1', 'node_3', 'node_4', 'node_5', 'node_6', 'node_7', 'node_8', 'node_9']
[ 2026-03-27 19:42:47 | node_6 | INFO ] 🧩 Model added for round 99 (6/9) from ['node_3']
[ 2026-03-27 19:42:47 | node_2 | INFO ] 🧩 Model added for round 99 (7/8) from ['node_6']
[ 2026-03-27 19:42:47 | node_1 | INFO ] 🧩 Model added for round 99 (7/8) from ['node']
[ 2026-03-27 19:42:47 | node_6 | INFO ] 🧩 Model added for round 99 (7/9) from ['node_4']
[ 2026-03-27 19:42:47 | node_7 | INFO ] 🧩 Model added for round 99 (4/8) from ['node_3']
[ 2026-03-27 19:42:47 | node_3 | INFO ] 🧩 Model added for round 99 (8/10) from ['node_6']
[ 2026-03-27 19:42:47 | node_7 | INFO ] 🧩 Model added for round 99 (5/8) from ['node_4']
[ 2026-03-27 19:42:47 | node_3 | INFO ] 🧩 Model added for round 99 (9/10) from ['node']
[ 2026-03-27 19:42:48 | node_8 | INFO ] 🧩 Model added for round 99 (6/10) from ['node_3']
[ 2026-03-27 19:42:48 | node_4 | INFO ] 🧩 Model added for round 99 (8/10) from ['node_6']
[ 2026-03-27 19:42:48 | node_8 | INFO ] 🧩 Model added for round 99 (7/10) from ['node_4']
[ 2026-03-27 19:42:48 | node_4 | INFO ] 🧩 Model added for round 99 (9/10) from ['node']
[ 2026-03-27 19:42:48 | node_5 | INFO ] 📤 Sending model to 9 direct neighbors: ['node', 'node_1', 'node_2', 'node_3', 'node_4', 'node_6', 'node_7', 'node_8', 'node_9']
[ 2026-03-27 19:42:48 | node_9 | INFO ] 🧩 Model added for round 99 (4/8) from ['node_3']
[ 2026-03-27 19:42:48 | node | INFO ] 🧩 Model added for round 99 (9/9) from ['node_5']
[ 2026-03-27 19:42:48 | node_9 | INFO ] 🧩 Model added for round 99 (5/8) from ['node_4']
[ 2026-03-27 19:42:48 | node_5 | INFO ] 🧩 Model added for round 99 (9/10) from ['node_6']
[ 2026-03-27 19:42:48 | node_5 | INFO ] 🧩 Model added for round 99 (10/10) from ['node']
[ 2026-03-27 19:42:48 | node_1 | INFO ] 🧩 Model added for round 99 (8/8) from ['node_5']
[ 2026-03-27 19:42:48 | node_7 | INFO ] 🧩 Model added for round 99 (6/8) from ['node_6']
[ 2026-03-27 19:42:48 | node_6 | INFO ] 🧩 Model added for round 99 (8/9) from ['node']
[ 2026-03-27 19:42:48 | node_2 | INFO ] 🧩 Model added for round 99 (8/8) from ['node_5']
[ 2026-03-27 19:42:48 | node_8 | INFO ] 🧩 Model added for round 99 (8/10) from ['node_6']
[ 2026-03-27 19:42:48 | node_1 | INFO ] 🧠 Aggregation complete. Setting new model.
[ 2026-03-27 19:42:48 | node_7 | INFO ] 🧩 Model added for round 99 (7/8) from ['node']
[ 2026-03-27 19:42:48 | node_2 | INFO ] 🧠 Aggregation complete. Setting new model.
[ 2026-03-27 19:42:48 | node_1 | INFO ] 🗣️ Gossiping aggregated model.
[ 2026-03-27 19:42:48 | node_3 | INFO ] 🧩 Model added for round 99 (10/10) from ['node_5']
[ 2026-03-27 19:42:48 | node_2 | INFO ] 🗣️ Gossiping aggregated model.
[ 2026-03-27 19:42:49 | node_8 | INFO ] 🧩 Model added for round 99 (9/10) from ['node']
[ 2026-03-27 19:42:49 | node_9 | INFO ] 🧩 Model added for round 99 (6/8) from ['node_6']
[ 2026-03-27 19:42:49 | node_9 | INFO ] 🧩 Model added for round 99 (7/8) from ['node']
[ 2026-03-27 19:42:49 | node_4 | INFO ] 🧩 Model added for round 99 (10/10) from ['node_5']
[ 2026-03-27 19:42:49 | node_3 | INFO ] 🧠 Aggregation complete. Setting new model.
[ 2026-03-27 19:42:49 | node_4 | INFO ] 🧠 Aggregation complete. Setting new model.
[ 2026-03-27 19:42:49 | node | INFO ] 🧠 Aggregation complete. Setting new model.
[ 2026-03-27 19:42:49 | node_6 | INFO ] 🧩 Model added for round 99 (9/9) from ['node_5']
[ 2026-03-27 19:42:49 | node_6 | INFO ] 🧠 Aggregation complete. Setting new model.
[ 2026-03-27 19:42:49 | node_3 | INFO ] 🗣️ Gossiping aggregated model.
[ 2026-03-27 19:42:49 | node_4 | INFO ] 🗣️ Gossiping aggregated model.
[ 2026-03-27 19:42:49 | node | INFO ] 🗣️ Gossiping aggregated model.
[ 2026-03-27 19:42:49 | node_6 | INFO ] 🗣️ Gossiping aggregated model.
[ 2026-03-27 19:42:49 | node_7 | INFO ] 🧩 Model added for round 99 (8/8) from ['node_5']
[ 2026-03-27 19:42:49 | node_8 | INFO ] 🧩 Model added for round 99 (10/10) from ['node_5']
[ 2026-03-27 19:42:49 | node_7 | INFO ] 🧠 Aggregation complete. Setting new model.
[ 2026-03-27 19:42:49 | node_8 | INFO ] 🧠 Aggregation complete. Setting new model.
[ 2026-03-27 19:42:49 | node_9 | INFO ] 🧩 Model added for round 99 (8/8) from ['node_5']
[ 2026-03-27 19:42:49 | node_7 | INFO ] 🗣️ Gossiping aggregated model.
[ 2026-03-27 19:42:49 | node_9 | INFO ] 🧠 Aggregation complete. Setting new model.
[ 2026-03-27 19:42:49 | node_8 | INFO ] 🗣️ Gossiping aggregated model.
[ 2026-03-27 19:42:50 | node_9 | INFO ] 🗣️ Gossiping aggregated model.
[ 2026-03-27 19:42:50 | node_5 | INFO ] 🧠 Aggregation complete. Setting new model.
[ 2026-03-27 19:42:50 | node_1 | INFO ] 🤫 Gossip finished.
[ 2026-03-27 19:42:50 | node_1 | INFO ] 🔬 Evaluating...
[ 2026-03-27 19:42:50 | node_5 | INFO ] 🗣️ Gossiping aggregated model.
[ 2026-03-27 19:42:50 | node_2 | INFO ] 🤫 Gossip finished.
[ 2026-03-27 19:42:50 | node_5 | INFO ] 🤫 Gossip finished.
[ 2026-03-27 19:42:50 | node_2 | INFO ] 🔬 Evaluating...
[ 2026-03-27 19:42:50 | node_5 | INFO ] 🔬 Evaluating...
[ 2026-03-27 19:42:50 | node_2 | INFO ] 📈 Evaluated. Results: {'test_loss': 1.0957072973251343, 'test_acc': 0.8915888071060181, 'test_precision': 0.3623218834400177, 'test_recall': 0.33381471037864685, 'test_f1': 0.344107061624527, 'communication_cost': 26343772}
[ 2026-03-27 19:42:50 | node_2 | INFO ] 📢 Broadcasting metrics.
[ 2026-03-27 19:42:50 | node_5 | INFO ] 📈 Evaluated. Results: {'test_loss': 0.4674360454082489, 'test_acc': 0.9338235259056091, 'test_precision': 0.3972689211368561, 'test_recall': 0.3787248730659485, 'test_f1': 0.38756483793258667, 'communication_cost': 33870564}
[ 2026-03-27 19:42:50 | node_5 | INFO ] 📢 Broadcasting metrics.
[ 2026-03-27 19:42:50 | node_2 | INFO ] 🎉 Round 100 of 100 finished.
[ 2026-03-27 19:42:50 | node_2 | INFO ] 😋 Training finished!!
[ 2026-03-27 19:42:50 | node_1 | INFO ] 📈 Evaluated. Results: {'test_loss': 0.6325216889381409, 'test_acc': 0.9456915259361267, 'test_precision': 0.47507908940315247, 'test_recall': 0.45319491624832153, 'test_f1': 0.4636896550655365, 'communication_cost': 26343772}
[ 2026-03-27 19:42:50 | node_1 | INFO ] 📢 Broadcasting metrics.
[ 2026-03-27 19:42:50 | node | INFO ] 🤫 Gossip finished.
[ 2026-03-27 19:42:50 | node | INFO ] 🔬 Evaluating...
[ 2026-03-27 19:42:50 | node_1 | INFO ] 🎉 Round 100 of 100 finished.
[ 2026-03-27 19:42:50 | node_1 | INFO ] 😋 Training finished!!
[ 2026-03-27 19:42:50 | node_4 | INFO ] 🤫 Gossip finished.
[ 2026-03-27 19:42:50 | node_4 | INFO ] 🔬 Evaluating...
[ 2026-03-27 19:42:50 | node_3 | INFO ] 🤫 Gossip finished.
[ 2026-03-27 19:42:50 | node_3 | INFO ] 🔬 Evaluating...
[ 2026-03-27 19:42:50 | node_6 | INFO ] 🤫 Gossip finished.
[ 2026-03-27 19:42:50 | node_5 | INFO ] 🎉 Round 100 of 100 finished.
[ 2026-03-27 19:42:50 | node_5 | INFO ] 😋 Training finished!!
[ 2026-03-27 19:42:50 | node_6 | INFO ] 🔬 Evaluating...
[ 2026-03-27 19:42:50 | node_6 | INFO ] 📈 Evaluated. Results: {'test_loss': 1.4762834310531616, 'test_acc': 0.7988826632499695, 'test_precision': 0.3513523042201996, 'test_recall': 0.3244313597679138, 'test_f1': 0.3308922052383423, 'communication_cost': 30107168}
[ 2026-03-27 19:42:50 | node_6 | INFO ] 📢 Broadcasting metrics.
[ 2026-03-27 19:42:50 | node_3 | INFO ] 📈 Evaluated. Results: {'test_loss': 2.0416650772094727, 'test_acc': 0.7461832165718079, 'test_precision': 0.3420219123363495, 'test_recall': 0.2811819612979889, 'test_f1': 0.30428484082221985, 'communication_cost': 33870564}
[ 2026-03-27 19:42:50 | node_3 | INFO ] 📢 Broadcasting metrics.
[ 2026-03-27 19:42:51 | node_7 | INFO ] 🤫 Gossip finished.
[ 2026-03-27 19:42:51 | node_7 | INFO ] 🔬 Evaluating...
[ 2026-03-27 19:42:51 | node_9 | INFO ] 🤫 Gossip finished.
[ 2026-03-27 19:42:51 | node_9 | INFO ] 🔬 Evaluating...
[ 2026-03-27 19:42:51 | node_6 | INFO ] 🎉 Round 100 of 100 finished.
[ 2026-03-27 19:42:51 | node_6 | INFO ] 😋 Training finished!!
[ 2026-03-27 19:42:51 | node_4 | INFO ] 📈 Evaluated. Results: {'test_loss': 0.6662130355834961, 'test_acc': 0.9383916854858398, 'test_precision': 0.45305415987968445, 'test_recall': 0.43447381258010864, 'test_f1': 0.4428679645061493, 'communication_cost': 33870564}
[ 2026-03-27 19:42:51 | node_4 | INFO ] 📢 Broadcasting metrics.
[ 2026-03-27 19:42:51 | node | INFO ] 📈 Evaluated. Results: {'test_loss': 1.2723686695098877, 'test_acc': 0.8380361199378967, 'test_precision': 0.37671729922294617, 'test_recall': 0.35126978158950806, 'test_f1': 0.3614004850387573, 'communication_cost': 30107168}
[ 2026-03-27 19:42:51 | node | INFO ] 📢 Broadcasting metrics.
[ 2026-03-27 19:42:51 | node_3 | INFO ] 🎉 Round 100 of 100 finished.
[ 2026-03-27 19:42:51 | node_3 | INFO ] 😋 Training finished!!
[ 2026-03-27 19:42:51 | node_9 | INFO ] 📈 Evaluated. Results: {'test_loss': 1.8956835269927979, 'test_acc': 0.8798701167106628, 'test_precision': 0.26920998096466064, 'test_recall': 0.25762513279914856, 'test_f1': 0.260831743478775, 'communication_cost': 26343772}
[ 2026-03-27 19:42:51 | node_9 | INFO ] 📢 Broadcasting metrics.
[ 2026-03-27 19:42:51 | node_4 | INFO ] 🎉 Round 100 of 100 finished.
[ 2026-03-27 19:42:51 | node_4 | INFO ] 😋 Training finished!!
[ 2026-03-27 19:42:51 | node | INFO ] 🎉 Round 100 of 100 finished.
[ 2026-03-27 19:42:51 | node | INFO ] 😋 Training finished!!
[ 2026-03-27 19:42:51 | node_9 | INFO ] 🎉 Round 100 of 100 finished.
[ 2026-03-27 19:42:51 | node_9 | INFO ] 😋 Training finished!!
[ 2026-03-27 19:42:51 | node_7 | INFO ] 📈 Evaluated. Results: {'test_loss': 1.1290656328201294, 'test_acc': 0.9244548082351685, 'test_precision': 0.48240622878074646, 'test_recall': 0.4681457281112671, 'test_f1': 0.47404518723487854, 'communication_cost': 26343772}
[ 2026-03-27 19:42:51 | node_7 | INFO ] 📢 Broadcasting metrics.
[ 2026-03-27 19:42:51 | node_7 | INFO ] 🎉 Round 100 of 100 finished.
[ 2026-03-27 19:42:51 | node_7 | INFO ] 😋 Training finished!!
[ 2026-03-27 19:43:02 | node_8 | INFO ] ⏹️  Gossiping exited for 10 equal rounds.
[ 2026-03-27 19:43:02 | node_8 | INFO ] 🔬 Evaluating...
[ 2026-03-27 19:43:02 | node_8 | INFO ] 📈 Evaluated. Results: {'test_loss': 1.0424389839172363, 'test_acc': 0.8973509669303894, 'test_precision': 0.31194692850112915, 'test_recall': 0.2924559414386749, 'test_f1': 0.30109021067619324, 'communication_cost': 33870564}
[ 2026-03-27 19:43:02 | node_8 | INFO ] 📢 Broadcasting metrics.
[ 2026-03-27 19:43:02 | node_8 | INFO ] 🎉 Round 100 of 100 finished.
[ 2026-03-27 19:43:02 | node_8 | INFO ] 😋 Training finished!!
[ 2026-03-27 19:43:02 | None | INFO ] 🏁 All nodes finished training. Waiting 10s for final synchronization...
[ 2026-03-27 19:43:12 | node | INFO ] Stopping node...
[ 2026-03-27 19:43:12 | node | INFO ] 🛑 Stopping gossiper...
[ 2026-03-27 19:43:12 | node | INFO ] InMemoryServer stopped at node
[ 2026-03-27 19:43:12 | node_1 | INFO ] Stopping node...
[ 2026-03-27 19:43:12 | node_1 | INFO ] 🛑 Stopping gossiper...
[ 2026-03-27 19:43:12 | node_1 | INFO ] InMemoryServer stopped at node_1
[ 2026-03-27 19:43:12 | node_2 | INFO ] Stopping node...
[ 2026-03-27 19:43:12 | node_2 | INFO ] 🛑 Stopping gossiper...
[ 2026-03-27 19:43:12 | node_2 | INFO ] InMemoryServer stopped at node_2
[ 2026-03-27 19:43:12 | node_3 | INFO ] Stopping node...
[ 2026-03-27 19:43:12 | node_3 | INFO ] 🛑 Stopping gossiper...
[ 2026-03-27 19:43:12 | node_3 | INFO ] InMemoryServer stopped at node_3
[ 2026-03-27 19:43:12 | node_4 | INFO ] Stopping node...
[ 2026-03-27 19:43:12 | node_4 | INFO ] 🛑 Stopping gossiper...
[ 2026-03-27 19:43:12 | node_4 | INFO ] InMemoryServer stopped at node_4
[ 2026-03-27 19:43:12 | node_5 | INFO ] Stopping node...
[ 2026-03-27 19:43:12 | node_5 | INFO ] 🛑 Stopping gossiper...
[ 2026-03-27 19:43:12 | node_5 | INFO ] InMemoryServer stopped at node_5
[ 2026-03-27 19:43:12 | node_6 | INFO ] Stopping node...
[ 2026-03-27 19:43:12 | node_6 | INFO ] 🛑 Stopping gossiper...
[ 2026-03-27 19:43:12 | node_6 | INFO ] InMemoryServer stopped at node_6
[ 2026-03-27 19:43:12 | node_7 | INFO ] Stopping node...
[ 2026-03-27 19:43:12 | node_7 | INFO ] 🛑 Stopping gossiper...
[ 2026-03-27 19:43:12 | node_7 | INFO ] InMemoryServer stopped at node_7
[ 2026-03-27 19:43:12 | node_8 | INFO ] Stopping node...
[ 2026-03-27 19:43:12 | node_8 | INFO ] 🛑 Stopping gossiper...
[ 2026-03-27 19:43:12 | node_8 | INFO ] InMemoryServer stopped at node_8
[ 2026-03-27 19:43:12 | node_9 | INFO ] Stopping node...
[ 2026-03-27 19:43:12 | node_9 | INFO ] 🛑 Stopping gossiper...
[ 2026-03-27 19:43:12 | node_9 | INFO ] InMemoryServer stopped at node_9
