[ 2026-03-27 14:12:21 | node_23 | INFO ] 🎓 Training step done.
[ 2026-03-27 14:12:21 | node_23 | INFO ] 🛠️ Calling force_add_local_model...
[ 2026-03-27 14:12:21 | node_23 | INFO ] ✅ [FORCE] Local model added for round 149. (11/14)
[ 2026-03-27 14:12:21 | node_16 | INFO ] ⏹️  Gossiping exited for 10 equal rounds.
[ 2026-03-27 14:12:21 | node_16 | INFO ] 🔬 Evaluating...
[ 2026-03-27 14:12:22 | node_20 | INFO ] 🧩 Model added for round 149 (11/11) from ['node_35']
[ 2026-03-27 14:12:22 | node_20 | INFO ] 🧠 Aggregation complete. Setting new model.
[ 2026-03-27 14:12:22 | node_16 | INFO ] 📈 Evaluated. Results: {'test_loss': 0.003242494771257043, 'test_accuracy': 0.9919928312301636, 'test_precision': 0.2793576419353485, 'test_recall': 0.6972945332527161, 'test_f1': 0.3929542005062103, 'communication_cost': 4373448}
[ 2026-03-27 14:12:23 | node_16 | INFO ] 📢 Broadcasting metrics.
[ 2026-03-27 14:12:23 | node_10 | INFO ] ⏹️  Gossiping exited for 10 equal rounds.
[ 2026-03-27 14:12:23 | node_20 | INFO ] 🗣️ Gossiping aggregated model.
[ 2026-03-27 14:12:23 | node_10 | INFO ] 🔬 Evaluating...
[ 2026-03-27 14:12:23 | node_21 | INFO ] 🧩 Model added for round 149 (6/7) from ['node_35']
[ 2026-03-27 14:12:24 | node_16 | INFO ] 🎉 Round 150 of 150 finished.
[ 2026-03-27 14:12:24 | node_16 | INFO ] 😋 Training finished!!
[ 2026-03-27 14:12:24 | node_46 | INFO ] 📤 Sending model to 8 direct neighbors: ['node_2', 'node_11', 'node_12', 'node_15', 'node_23', 'node_43', 'node_44', 'node_45']
[ 2026-03-27 14:12:24 | node_10 | INFO ] 📈 Evaluated. Results: {'test_loss': 0.003979959525167942, 'test_accuracy': 0.9917228817939758, 'test_precision': 0.2040380835533142, 'test_recall': 0.5612964034080505, 'test_f1': 0.29381391406059265, 'communication_cost': 5102356}
[ 2026-03-27 14:12:24 | node_10 | INFO ] 📢 Broadcasting metrics.
[ 2026-03-27 14:12:25 | node_23 | INFO ] 🧩 Model added for round 149 (12/14) from ['node_35']
[ 2026-03-27 14:12:25 | node_41 | INFO ] 📤 Sending model to 17 direct neighbors: ['node_3', 'node_4', 'node_6', 'node_11', 'node_14', 'node_17', 'node_19', 'node_22', 'node_23', 'node_28', 'node_30', 'node_33', 'node_39', 'node_43', 'node_44', 'node_45', 'node_48']
[ 2026-03-27 14:12:25 | node_2 | INFO ] 🧩 Model added for round 149 (9/9) from ['node_46']
[ 2026-03-27 14:12:25 | node_7 | INFO ] ⏹️  Gossiping exited for 10 equal rounds.
[ 2026-03-27 14:12:25 | node_7 | INFO ] 🔬 Evaluating...
[ 2026-03-27 14:12:26 | node_3 | INFO ] 🧩 Model added for round 149 (10/10) from ['node_41']
[ 2026-03-27 14:12:26 | node_23 | INFO ] 📤 Sending model to 13 direct neighbors: ['node_6', 'node_11', 'node_21', 'node_22', 'node_28', 'node_31', 'node_33', 'node_34', 'node_35', 'node_41', 'node_42', 'node_45', 'node_46']
[ 2026-03-27 14:12:26 | node_10 | INFO ] 🎉 Round 150 of 150 finished.
[ 2026-03-27 14:12:26 | node_10 | INFO ] 😋 Training finished!!
[ 2026-03-27 14:12:26 | node_31 | INFO ] 🧩 Model added for round 149 (9/10) from ['node_35']
[ 2026-03-27 14:12:27 | node_7 | INFO ] 📈 Evaluated. Results: {'test_loss': 0.004753171931952238, 'test_accuracy': 0.9916329383850098, 'test_precision': 0.23395869135856628, 'test_recall': 0.4594440460205078, 'test_f1': 0.30470767617225647, 'communication_cost': 7289080}
[ 2026-03-27 14:12:27 | node_11 | INFO ] 🧩 Model added for round 149 (5/7) from ['node_46']
[ 2026-03-27 14:12:27 | node_7 | INFO ] 📢 Broadcasting metrics.
[ 2026-03-27 14:12:27 | node_6 | INFO ] 🧩 Model added for round 149 (8/9) from ['node_23']
[ 2026-03-27 14:12:27 | node_4 | INFO ] 🧩 Model added for round 149 (7/7) from ['node_41']
[ 2026-03-27 14:12:27 | node_2 | INFO ] 🧠 Aggregation complete. Setting new model.
[ 2026-03-27 14:12:27 | node_13 | INFO ] ⏹️  Gossiping exited for 10 equal rounds.
[ 2026-03-27 14:12:27 | node_13 | INFO ] 🔬 Evaluating...
[ 2026-03-27 14:12:28 | node_8 | INFO ] ⏹️  Gossiping exited for 10 equal rounds.
[ 2026-03-27 14:12:28 | node_25 | INFO ] ⏹️  Gossiping exited for 10 equal rounds.
[ 2026-03-27 14:12:28 | node_8 | INFO ] 🔬 Evaluating...
[ 2026-03-27 14:12:28 | node_27 | INFO ] ⏹️  Gossiping exited for 10 equal rounds.
[ 2026-03-27 14:12:28 | node_2 | INFO ] 🗣️ Gossiping aggregated model.
[ 2026-03-27 14:12:28 | node_25 | INFO ] 🔬 Evaluating...
[ 2026-03-27 14:12:28 | node_27 | INFO ] 🔬 Evaluating...
[ 2026-03-27 14:12:28 | node_4 | INFO ] 🧠 Aggregation complete. Setting new model.
[ 2026-03-27 14:12:28 | node_45 | INFO ] 🧩 Model added for round 149 (6/9) from ['node_35']
[ 2026-03-27 14:12:28 | node_3 | INFO ] 🧠 Aggregation complete. Setting new model.
[ 2026-03-27 14:12:28 | node_13 | INFO ] 📈 Evaluated. Results: {'test_loss': 0.0031117647886276245, 'test_accuracy': 0.9903733730316162, 'test_precision': 0.20420321822166443, 'test_recall': 0.6369727849960327, 'test_f1': 0.3012388050556183, 'communication_cost': 6560172}
[ 2026-03-27 14:12:28 | node_6 | INFO ] 🧩 Model added for round 149 (9/9) from ['node_41']
[ 2026-03-27 14:12:28 | node_11 | INFO ] 🧩 Model added for round 149 (6/7) from ['node_23']
[ 2026-03-27 14:12:28 | node_12 | INFO ] 🧩 Model added for round 149 (4/4) from ['node_46']
[ 2026-03-27 14:12:28 | node_13 | INFO ] 📢 Broadcasting metrics.
[ 2026-03-27 14:12:29 | node_5 | INFO ] ⏹️  Gossiping exited for 10 equal rounds.
[ 2026-03-27 14:12:29 | node_4 | INFO ] 🗣️ Gossiping aggregated model.
[ 2026-03-27 14:12:29 | node_5 | INFO ] 🔬 Evaluating...
[ 2026-03-27 14:12:29 | node_3 | INFO ] 🗣️ Gossiping aggregated model.
[ 2026-03-27 14:12:29 | node_15 | INFO ] 🧩 Model added for round 149 (11/11) from ['node_46']
[ 2026-03-27 14:12:29 | node_8 | INFO ] 📈 Evaluated. Results: {'test_loss': 0.00616622157394886, 'test_accuracy': 0.9901034832000732, 'test_precision': 0.24422132968902588, 'test_recall': 0.5156472325325012, 'test_f1': 0.32745561003685, 'communication_cost': 6560172}
[ 2026-03-27 14:12:29 | node_25 | INFO ] 📈 Evaluated. Results: {'test_loss': 0.004437074530869722, 'test_accuracy': 0.9906424283981323, 'test_precision': 0.2244643121957779, 'test_recall': 0.5682641863822937, 'test_f1': 0.30807194113731384, 'communication_cost': 7289080}
[ 2026-03-27 14:12:29 | node_27 | INFO ] 📈 Evaluated. Results: {'test_loss': 0.0038428406696766615, 'test_accuracy': 0.9900125861167908, 'test_precision': 0.1763629913330078, 'test_recall': 0.605131208896637, 'test_f1': 0.2648521065711975, 'communication_cost': 5831264}
[ 2026-03-27 14:12:30 | node_8 | INFO ] 📢 Broadcasting metrics.
[ 2026-03-27 14:12:30 | node_25 | INFO ] 📢 Broadcasting metrics.
[ 2026-03-27 14:12:30 | node_11 | INFO ] 🧩 Model added for round 149 (7/7) from ['node_41']
[ 2026-03-27 14:12:30 | node_27 | INFO ] 📢 Broadcasting metrics.
[ 2026-03-27 14:12:30 | node_21 | INFO ] 🧩 Model added for round 149 (7/7) from ['node_23']
[ 2026-03-27 14:12:30 | node_12 | INFO ] 🧠 Aggregation complete. Setting new model.
[ 2026-03-27 14:12:30 | node_6 | INFO ] 🧠 Aggregation complete. Setting new model.
[ 2026-03-27 14:12:30 | node_15 | INFO ] 🧠 Aggregation complete. Setting new model.
[ 2026-03-27 14:12:30 | node_5 | INFO ] 📈 Evaluated. Results: {'test_loss': 0.004557771608233452, 'test_accuracy': 0.9897435903549194, 'test_precision': 0.22891893982887268, 'test_recall': 0.6028352975845337, 'test_f1': 0.32487085461616516, 'communication_cost': 5831264}
[ 2026-03-27 14:12:30 | node_7 | INFO ] 🎉 Round 150 of 150 finished.
[ 2026-03-27 14:12:30 | node_7 | INFO ] 😋 Training finished!!
[ 2026-03-27 14:12:30 | node_5 | INFO ] 📢 Broadcasting metrics.
[ 2026-03-27 14:12:30 | node_24 | INFO ] ⏹️  Gossiping exited for 10 equal rounds.
[ 2026-03-27 14:12:30 | node_12 | INFO ] 🗣️ Gossiping aggregated model.
[ 2026-03-27 14:12:30 | node_24 | INFO ] 🔬 Evaluating...
[ 2026-03-27 14:12:31 | node_15 | INFO ] 🗣️ Gossiping aggregated model.
[ 2026-03-27 14:12:31 | node_6 | INFO ] 🗣️ Gossiping aggregated model.
[ 2026-03-27 14:12:31 | node_14 | INFO ] 🧩 Model added for round 149 (10/10) from ['node_41']
[ 2026-03-27 14:12:31 | node_13 | INFO ] 🎉 Round 150 of 150 finished.
[ 2026-03-27 14:12:31 | node_23 | INFO ] 🧩 Model added for round 149 (13/14) from ['node_46']
[ 2026-03-27 14:12:31 | node_13 | INFO ] 😋 Training finished!!
[ 2026-03-27 14:12:31 | node_22 | INFO ] 🧩 Model added for round 149 (8/9) from ['node_23']
[ 2026-03-27 14:12:31 | node_21 | INFO ] 🧠 Aggregation complete. Setting new model.
[ 2026-03-27 14:12:31 | node_11 | INFO ] 🧠 Aggregation complete. Setting new model.
[ 2026-03-27 14:12:32 | node_14 | INFO ] 🧠 Aggregation complete. Setting new model.
[ 2026-03-27 14:12:32 | node_24 | INFO ] 📈 Evaluated. Results: {'test_loss': 0.00400888454169035, 'test_accuracy': 0.9902825355529785, 'test_precision': 0.20781634747982025, 'test_recall': 0.5213581323623657, 'test_f1': 0.2942279875278473, 'communication_cost': 2915632}
[ 2026-03-27 14:12:32 | node_24 | INFO ] 📢 Broadcasting metrics.
[ 2026-03-27 14:12:32 | node_21 | INFO ] 🗣️ Gossiping aggregated model.
[ 2026-03-27 14:12:32 | node_8 | INFO ] 🎉 Round 150 of 150 finished.
[ 2026-03-27 14:12:32 | node_11 | INFO ] 🗣️ Gossiping aggregated model.
[ 2026-03-27 14:12:32 | node_8 | INFO ] 😋 Training finished!!
[ 2026-03-27 14:12:32 | node_14 | INFO ] 🗣️ Gossiping aggregated model.
[ 2026-03-27 14:12:32 | node_27 | INFO ] 🎉 Round 150 of 150 finished.
[ 2026-03-27 14:12:32 | node_27 | INFO ] 😋 Training finished!!
[ 2026-03-27 14:12:33 | node_5 | INFO ] 🎉 Round 150 of 150 finished.
[ 2026-03-27 14:12:33 | node_5 | INFO ] 😋 Training finished!!
[ 2026-03-27 14:12:33 | node_17 | INFO ] 🧩 Model added for round 149 (10/10) from ['node_41']
[ 2026-03-27 14:12:33 | node_25 | INFO ] 🎉 Round 150 of 150 finished.
[ 2026-03-27 14:12:33 | node_25 | INFO ] 😋 Training finished!!
[ 2026-03-27 14:12:33 | node_28 | INFO ] 🧩 Model added for round 149 (11/12) from ['node_23']
[ 2026-03-27 14:12:33 | node_24 | INFO ] 🎉 Round 150 of 150 finished.
[ 2026-03-27 14:12:33 | node_43 | INFO ] 🧩 Model added for round 149 (7/8) from ['node_46']
[ 2026-03-27 14:12:33 | node_24 | INFO ] 😋 Training finished!!
[ 2026-03-27 14:12:34 | node_19 | INFO ] 🧩 Model added for round 149 (9/9) from ['node_41']
[ 2026-03-27 14:12:34 | node_38 | INFO ] ⏹️  Gossiping exited for 10 equal rounds.
[ 2026-03-27 14:12:34 | node_38 | INFO ] 🔬 Evaluating...
[ 2026-03-27 14:12:34 | node_31 | INFO ] 🧩 Model added for round 149 (10/10) from ['node_23']
[ 2026-03-27 14:12:34 | node_18 | INFO ] ⏹️  Gossiping exited for 10 equal rounds.
[ 2026-03-27 14:12:34 | node_44 | INFO ] 🧩 Model added for round 149 (9/10) from ['node_46']
[ 2026-03-27 14:12:34 | node_18 | INFO ] 🔬 Evaluating...
[ 2026-03-27 14:12:35 | node_49 | INFO ] ⏹️  Gossiping exited for 10 equal rounds.
[ 2026-03-27 14:12:35 | node_49 | INFO ] 🔬 Evaluating...
[ 2026-03-27 14:12:35 | node_22 | INFO ] 🧩 Model added for round 149 (9/9) from ['node_41']
[ 2026-03-27 14:12:35 | node_17 | INFO ] 🧠 Aggregation complete. Setting new model.
[ 2026-03-27 14:12:35 | node_19 | INFO ] 🧠 Aggregation complete. Setting new model.
[ 2026-03-27 14:12:35 | node_31 | INFO ] 🧠 Aggregation complete. Setting new model.
[ 2026-03-27 14:12:35 | node_40 | INFO ] ⏹️  Gossiping exited for 10 equal rounds.
[ 2026-03-27 14:12:35 | node_40 | INFO ] 🔬 Evaluating...
[ 2026-03-27 14:12:36 | node_38 | INFO ] 📈 Evaluated. Results: {'test_loss': 0.003991942852735519, 'test_accuracy': 0.9904624819755554, 'test_precision': 0.2034488320350647, 'test_recall': 0.5534963011741638, 'test_f1': 0.2950310707092285, 'communication_cost': 6560172}
[ 2026-03-27 14:12:36 | node_19 | INFO ] 🗣️ Gossiping aggregated model.
[ 2026-03-27 14:12:36 | node_38 | INFO ] 📢 Broadcasting metrics.
[ 2026-03-27 14:12:36 | node_17 | INFO ] 🗣️ Gossiping aggregated model.
[ 2026-03-27 14:12:36 | node_31 | INFO ] 🗣️ Gossiping aggregated model.
[ 2026-03-27 14:12:36 | node_18 | INFO ] 📈 Evaluated. Results: {'test_loss': 0.003274934133514762, 'test_accuracy': 0.9906432628631592, 'test_precision': 0.2563861310482025, 'test_recall': 0.749673068523407, 'test_f1': 0.37527191638946533, 'communication_cost': 4373448}
[ 2026-03-27 14:12:36 | node_18 | INFO ] 📢 Broadcasting metrics.
[ 2026-03-27 14:12:36 | node_45 | INFO ] 🧩 Model added for round 149 (7/9) from ['node_46']
[ 2026-03-27 14:12:36 | node_22 | INFO ] 🧠 Aggregation complete. Setting new model.
[ 2026-03-27 14:12:36 | node_33 | INFO ] 🧩 Model added for round 149 (3/4) from ['node_23']
[ 2026-03-27 14:12:36 | node_23 | INFO ] 🧩 Model added for round 149 (14/14) from ['node_41']
[ 2026-03-27 14:12:37 | node_49 | INFO ] 📈 Evaluated. Results: {'test_loss': 0.0033133714459836483, 'test_accuracy': 0.9899226427078247, 'test_precision': 0.2154475301504135, 'test_recall': 0.7840023636817932, 'test_f1': 0.3287566006183624, 'communication_cost': 5102356}
[ 2026-03-27 14:12:37 | node_49 | INFO ] 📢 Broadcasting metrics.
[ 2026-03-27 14:12:37 | node_40 | INFO ] 📈 Evaluated. Results: {'test_loss': 0.003363595809787512, 'test_accuracy': 0.9903724789619446, 'test_precision': 0.2681291997432709, 'test_recall': 0.6955403685569763, 'test_f1': 0.38261234760284424, 'communication_cost': 5831264}
[ 2026-03-27 14:12:37 | node_40 | INFO ] 📢 Broadcasting metrics.
[ 2026-03-27 14:12:37 | node_22 | INFO ] 🗣️ Gossiping aggregated model.
[ 2026-03-27 14:12:38 | node_18 | INFO ] 🎉 Round 150 of 150 finished.
[ 2026-03-27 14:12:38 | node_18 | INFO ] 😋 Training finished!!
[ 2026-03-27 14:12:38 | node_34 | INFO ] 🧩 Model added for round 149 (11/11) from ['node_23']
[ 2026-03-27 14:12:38 | node_38 | INFO ] 🎉 Round 150 of 150 finished.
[ 2026-03-27 14:12:38 | node_38 | INFO ] 😋 Training finished!!
[ 2026-03-27 14:12:38 | node_28 | INFO ] 🧩 Model added for round 149 (12/12) from ['node_41']
[ 2026-03-27 14:12:39 | node_49 | INFO ] 🎉 Round 150 of 150 finished.
[ 2026-03-27 14:12:39 | node_49 | INFO ] 😋 Training finished!!
[ 2026-03-27 14:12:39 | node_40 | INFO ] 🎉 Round 150 of 150 finished.
[ 2026-03-27 14:12:39 | node_40 | INFO ] 😋 Training finished!!
[ 2026-03-27 14:12:40 | node_35 | INFO ] 🧩 Model added for round 149 (9/9) from ['node_23']
[ 2026-03-27 14:12:40 | node_30 | INFO ] 🧩 Model added for round 149 (7/7) from ['node_41']
[ 2026-03-27 14:12:40 | node_33 | INFO ] 🧩 Model added for round 149 (4/4) from ['node_41']
[ 2026-03-27 14:12:40 | node_47 | INFO ] ⏹️  Gossiping exited for 10 equal rounds.
[ 2026-03-27 14:12:40 | node_34 | INFO ] 🧠 Aggregation complete. Setting new model.
[ 2026-03-27 14:12:40 | node_30 | INFO ] 🧠 Aggregation complete. Setting new model.
[ 2026-03-27 14:12:40 | node_35 | INFO ] 🧠 Aggregation complete. Setting new model.
[ 2026-03-27 14:12:41 | node_28 | INFO ] 🧠 Aggregation complete. Setting new model.
[ 2026-03-27 14:12:41 | node_41 | INFO ] 🧩 Model added for round 149 (18/18) from ['node_23']
[ 2026-03-27 14:12:41 | node_47 | INFO ] 🔬 Evaluating...
[ 2026-03-27 14:12:41 | node_33 | INFO ] 🧠 Aggregation complete. Setting new model.
[ 2026-03-27 14:12:41 | node_39 | INFO ] 🧩 Model added for round 149 (8/8) from ['node_41']
[ 2026-03-27 14:12:41 | node_33 | INFO ] 🗣️ Gossiping aggregated model.
[ 2026-03-27 14:12:41 | node_30 | INFO ] 🗣️ Gossiping aggregated model.
[ 2026-03-27 14:12:41 | node_35 | INFO ] 🗣️ Gossiping aggregated model.
[ 2026-03-27 14:12:42 | node_39 | INFO ] 🧠 Aggregation complete. Setting new model.
[ 2026-03-27 14:12:42 | node_34 | INFO ] 🗣️ Gossiping aggregated model.
[ 2026-03-27 14:12:42 | node_28 | INFO ] 🗣️ Gossiping aggregated model.
[ 2026-03-27 14:12:42 | node_47 | INFO ] 📈 Evaluated. Results: {'test_loss': 0.002285507507622242, 'test_accuracy': 0.9912722706794739, 'test_precision': 0.30814120173454285, 'test_recall': 0.8125209212303162, 'test_f1': 0.43278875946998596, 'communication_cost': 4373448}
[ 2026-03-27 14:12:42 | node_47 | INFO ] 📢 Broadcasting metrics.
[ 2026-03-27 14:12:42 | node_43 | INFO ] 🧩 Model added for round 149 (8/8) from ['node_41']
[ 2026-03-27 14:12:42 | node_39 | INFO ] 🗣️ Gossiping aggregated model.
[ 2026-03-27 14:12:42 | node_9 | INFO ] 🤫 Gossip finished.
[ 2026-03-27 14:12:42 | node_42 | INFO ] 🧩 Model added for round 149 (13/13) from ['node_23']
[ 2026-03-27 14:12:42 | node_9 | INFO ] 🔬 Evaluating...
[ 2026-03-27 14:12:43 | node_44 | INFO ] 🧩 Model added for round 149 (10/10) from ['node_41']
[ 2026-03-27 14:12:43 | node_43 | INFO ] 🧠 Aggregation complete. Setting new model.
[ 2026-03-27 14:12:43 | node_42 | INFO ] 🧠 Aggregation complete. Setting new model.
[ 2026-03-27 14:12:43 | node_43 | INFO ] 🗣️ Gossiping aggregated model.
[ 2026-03-27 14:12:43 | node_9 | INFO ] 📈 Evaluated. Results: {'test_loss': 0.003693876788020134, 'test_accuracy': 0.9924426674842834, 'test_precision': 0.2768348753452301, 'test_recall': 0.6105343103408813, 'test_f1': 0.3679770827293396, 'communication_cost': 5831264}
[ 2026-03-27 14:12:44 | node_47 | INFO ] 🎉 Round 150 of 150 finished.
[ 2026-03-27 14:12:44 | node_9 | INFO ] 📢 Broadcasting metrics.
[ 2026-03-27 14:12:44 | node_47 | INFO ] 😋 Training finished!!
[ 2026-03-27 14:12:44 | node_42 | INFO ] 🗣️ Gossiping aggregated model.
[ 2026-03-27 14:12:44 | node_45 | INFO ] 🧩 Model added for round 149 (8/9) from ['node_41']
[ 2026-03-27 14:12:44 | node_45 | INFO ] 🧩 Model added for round 149 (9/9) from ['node_23']
[ 2026-03-27 14:12:45 | node_45 | INFO ] 🧠 Aggregation complete. Setting new model.
[ 2026-03-27 14:12:45 | node_44 | INFO ] 🧠 Aggregation complete. Setting new model.
[ 2026-03-27 14:12:45 | node_48 | INFO ] 🧩 Model added for round 149 (6/6) from ['node_41']
[ 2026-03-27 14:12:45 | node_36 | INFO ] 🤫 Gossip finished.
[ 2026-03-27 14:12:45 | node | INFO ] ⏹️  Gossiping exited for 10 equal rounds.
[ 2026-03-27 14:12:45 | node_36 | INFO ] 🔬 Evaluating...
[ 2026-03-27 14:12:45 | node | INFO ] 🔬 Evaluating...
[ 2026-03-27 14:12:45 | node_46 | INFO ] 🧩 Model added for round 149 (9/9) from ['node_23']
[ 2026-03-27 14:12:46 | node_48 | INFO ] 🧠 Aggregation complete. Setting new model.
[ 2026-03-27 14:12:46 | node_45 | INFO ] 🗣️ Gossiping aggregated model.
[ 2026-03-27 14:12:46 | node_46 | INFO ] 🧠 Aggregation complete. Setting new model.
[ 2026-03-27 14:12:46 | node_44 | INFO ] 🗣️ Gossiping aggregated model.
[ 2026-03-27 14:12:46 | node_41 | INFO ] 🧠 Aggregation complete. Setting new model.
[ 2026-03-27 14:12:46 | node_48 | INFO ] 🗣️ Gossiping aggregated model.
[ 2026-03-27 14:12:46 | node_46 | INFO ] 🗣️ Gossiping aggregated model.
[ 2026-03-27 14:12:46 | node_15 | INFO ] 🤫 Gossip finished.
[ 2026-03-27 14:12:46 | node_9 | INFO ] 🎉 Round 150 of 150 finished.
[ 2026-03-27 14:12:46 | node_15 | INFO ] 🔬 Evaluating...
[ 2026-03-27 14:12:46 | node_9 | INFO ] 😋 Training finished!!
[ 2026-03-27 14:12:47 | node | INFO ] 📈 Evaluated. Results: {'test_loss': 0.002137760864570737, 'test_accuracy': 0.9925326108932495, 'test_precision': 0.26061999797821045, 'test_recall': 0.7615894079208374, 'test_f1': 0.37852951884269714, 'communication_cost': 6560172}
[ 2026-03-27 14:12:47 | node_36 | INFO ] 📈 Evaluated. Results: {'test_loss': 0.0034346431493759155, 'test_accuracy': 0.9912722706794739, 'test_precision': 0.19577178359031677, 'test_recall': 0.5034576654434204, 'test_f1': 0.27956533432006836, 'communication_cost': 5831264}
[ 2026-03-27 14:12:47 | node | INFO ] 📢 Broadcasting metrics.
[ 2026-03-27 14:12:47 | node_36 | INFO ] 📢 Broadcasting metrics.
[ 2026-03-27 14:12:47 | node_41 | INFO ] 🗣️ Gossiping aggregated model.
[ 2026-03-27 14:12:47 | node_20 | INFO ] ⏹️  Gossiping exited for 10 equal rounds.
[ 2026-03-27 14:12:47 | node_20 | INFO ] 🔬 Evaluating...
[ 2026-03-27 14:12:48 | node_43 | INFO ] 🤫 Gossip finished.
[ 2026-03-27 14:12:48 | node_43 | INFO ] 🔬 Evaluating...
[ 2026-03-27 14:12:48 | node_15 | INFO ] 📈 Evaluated. Results: {'test_loss': 0.0031013316474854946, 'test_accuracy': 0.9931623935699463, 'test_precision': 0.29280057549476624, 'test_recall': 0.6621982455253601, 'test_f1': 0.3943420946598053, 'communication_cost': 7289080}
[ 2026-03-27 14:12:48 | node_12 | INFO ] 🤫 Gossip finished.
[ 2026-03-27 14:12:48 | node_15 | INFO ] 📢 Broadcasting metrics.
[ 2026-03-27 14:12:48 | node_12 | INFO ] 🔬 Evaluating...
[ 2026-03-27 14:12:48 | node_48 | INFO ] 🤫 Gossip finished.
[ 2026-03-27 14:12:48 | node_48 | INFO ] 🔬 Evaluating...
[ 2026-03-27 14:12:49 | node_26 | INFO ] ⏹️  Gossiping exited for 10 equal rounds.
[ 2026-03-27 14:12:49 | node_36 | INFO ] 🎉 Round 150 of 150 finished.
[ 2026-03-27 14:12:49 | node_36 | INFO ] 😋 Training finished!!
[ 2026-03-27 14:12:49 | node_26 | INFO ] 🔬 Evaluating...
[ 2026-03-27 14:12:49 | node_20 | INFO ] 📈 Evaluated. Results: {'test_loss': 0.002983642742037773, 'test_accuracy': 0.9924419522285461, 'test_precision': 0.2678150236606598, 'test_recall': 0.6659005880355835, 'test_f1': 0.3533432185649872, 'communication_cost': 7289080}
[ 2026-03-27 14:12:49 | node | INFO ] 🎉 Round 150 of 150 finished.
[ 2026-03-27 14:12:49 | node | INFO ] 😋 Training finished!!
[ 2026-03-27 14:12:50 | node_20 | INFO ] 📢 Broadcasting metrics.
[ 2026-03-27 14:12:50 | node_23 | INFO ] 🧠 Aggregation complete. Setting new model.
[ 2026-03-27 14:12:50 | node_43 | INFO ] 📈 Evaluated. Results: {'test_loss': 0.0035479210782796144, 'test_accuracy': 0.9929818511009216, 'test_precision': 0.1866944134235382, 'test_recall': 0.4987057149410248, 'test_f1': 0.24751783907413483, 'communication_cost': 5102356}
[ 2026-03-27 14:12:50 | node_43 | INFO ] 📢 Broadcasting metrics.
[ 2026-03-27 14:12:50 | node_12 | INFO ] 📈 Evaluated. Results: {'test_loss': 0.0038236072286963463, 'test_accuracy': 0.9926225543022156, 'test_precision': 0.2901630401611328, 'test_recall': 0.5881286859512329, 'test_f1': 0.3793417811393738, 'communication_cost': 2186724}
[ 2026-03-27 14:12:50 | node_48 | INFO ] 📈 Evaluated. Results: {'test_loss': 0.004481839016079903, 'test_accuracy': 0.9904624819755554, 'test_precision': 0.2572634220123291, 'test_recall': 0.6021157503128052, 'test_f1': 0.3555724322795868, 'communication_cost': 3644540}
[ 2026-03-27 14:12:50 | node_12 | INFO ] 📢 Broadcasting metrics.
[ 2026-03-27 14:12:50 | node_6 | INFO ] 🤫 Gossip finished.
[ 2026-03-27 14:12:50 | node_6 | INFO ] 🔬 Evaluating...
[ 2026-03-27 14:12:50 | node_48 | INFO ] 📢 Broadcasting metrics.
[ 2026-03-27 14:12:50 | node_26 | INFO ] 📈 Evaluated. Results: {'test_loss': 0.004143991507589817, 'test_accuracy': 0.9903724789619446, 'test_precision': 0.20368726551532745, 'test_recall': 0.5115709900856018, 'test_f1': 0.28581503033638, 'communication_cost': 2915632}
[ 2026-03-27 14:12:50 | node_33 | INFO ] 🤫 Gossip finished.
[ 2026-03-27 14:12:50 | node_33 | INFO ] 🔬 Evaluating...
[ 2026-03-27 14:12:50 | node_26 | INFO ] 📢 Broadcasting metrics.
[ 2026-03-27 14:12:51 | node_23 | INFO ] 🗣️ Gossiping aggregated model.
[ 2026-03-27 14:12:51 | node_12 | INFO ] 🎉 Round 150 of 150 finished.
[ 2026-03-27 14:12:51 | node_12 | INFO ] 😋 Training finished!!
[ 2026-03-27 14:12:51 | node_6 | INFO ] 📈 Evaluated. Results: {'test_loss': 0.0048235515132546425, 'test_accuracy': 0.9917228817939758, 'test_precision': 0.2555686831474304, 'test_recall': 0.5542289018630981, 'test_f1': 0.3485877215862274, 'communication_cost': 5831264}
[ 2026-03-27 14:12:51 | node_46 | INFO ] 🤫 Gossip finished.
[ 2026-03-27 14:12:51 | node_21 | INFO ] 🤫 Gossip finished.
[ 2026-03-27 14:12:51 | node_21 | INFO ] 🔬 Evaluating...
[ 2026-03-27 14:12:51 | node_46 | INFO ] 🔬 Evaluating...
[ 2026-03-27 14:12:51 | node_15 | INFO ] 🎉 Round 150 of 150 finished.
[ 2026-03-27 14:12:51 | node_15 | INFO ] 😋 Training finished!!
[ 2026-03-27 14:12:51 | node_48 | INFO ] 🎉 Round 150 of 150 finished.
[ 2026-03-27 14:12:51 | node_48 | INFO ] 😋 Training finished!!
[ 2026-03-27 14:12:51 | node_6 | INFO ] 📢 Broadcasting metrics.
[ 2026-03-27 14:12:52 | node_33 | INFO ] 📈 Evaluated. Results: {'test_loss': 0.004189567174762487, 'test_accuracy': 0.9918121099472046, 'test_precision': 0.2858414947986603, 'test_recall': 0.6022794246673584, 'test_f1': 0.3769453167915344, 'communication_cost': 2186724}
[ 2026-03-27 14:12:52 | node_43 | INFO ] 🎉 Round 150 of 150 finished.
[ 2026-03-27 14:12:52 | node_26 | INFO ] 🎉 Round 150 of 150 finished.
[ 2026-03-27 14:12:52 | node_26 | INFO ] 😋 Training finished!!
[ 2026-03-27 14:12:52 | node_43 | INFO ] 😋 Training finished!!
[ 2026-03-27 14:12:52 | node_33 | INFO ] 📢 Broadcasting metrics.
[ 2026-03-27 14:12:52 | node_20 | INFO ] 🎉 Round 150 of 150 finished.
[ 2026-03-27 14:12:52 | node_33 | INFO ] 🎉 Round 150 of 150 finished.
[ 2026-03-27 14:12:52 | node_33 | INFO ] 😋 Training finished!!
[ 2026-03-27 14:12:52 | node_20 | INFO ] 😋 Training finished!!
[ 2026-03-27 14:12:53 | node_21 | INFO ] 📈 Evaluated. Results: {'test_loss': 0.005018900614231825, 'test_accuracy': 0.989652693271637, 'test_precision': 0.2623233199119568, 'test_recall': 0.6008502244949341, 'test_f1': 0.3537730872631073, 'communication_cost': 4373448}
[ 2026-03-27 14:12:53 | node_46 | INFO ] 📈 Evaluated. Results: {'test_loss': 0.004454343114048243, 'test_accuracy': 0.9912722706794739, 'test_precision': 0.25456950068473816, 'test_recall': 0.5821738243103027, 'test_f1': 0.3493690490722656, 'communication_cost': 5831264}
[ 2026-03-27 14:12:53 | node_21 | INFO ] 📢 Broadcasting metrics.
[ 2026-03-27 14:12:53 | node_46 | INFO ] 📢 Broadcasting metrics.
[ 2026-03-27 14:12:53 | node_4 | INFO ] ⏹️  Gossiping exited for 10 equal rounds.
[ 2026-03-27 14:12:53 | node_4 | INFO ] 🔬 Evaluating...
[ 2026-03-27 14:12:53 | node_3 | INFO ] ⏹️  Gossiping exited for 10 equal rounds.
[ 2026-03-27 14:12:53 | node_3 | INFO ] 🔬 Evaluating...
[ 2026-03-27 14:12:53 | node_6 | INFO ] 🎉 Round 150 of 150 finished.
[ 2026-03-27 14:12:54 | node_6 | INFO ] 😋 Training finished!!
[ 2026-03-27 14:12:54 | node_4 | INFO ] 📈 Evaluated. Results: {'test_loss': 0.0027819639071822166, 'test_accuracy': 0.9923526644706726, 'test_precision': 0.29425525665283203, 'test_recall': 0.769022524356842, 'test_f1': 0.42343419790267944, 'communication_cost': 4373448}
[ 2026-03-27 14:12:54 | node_4 | INFO ] 📢 Broadcasting metrics.
[ 2026-03-27 14:12:54 | node_2 | INFO ] ⏹️  Gossiping exited for 10 equal rounds.
[ 2026-03-27 14:12:54 | node_2 | INFO ] 🔬 Evaluating...
[ 2026-03-27 14:12:54 | node_3 | INFO ] 📈 Evaluated. Results: {'test_loss': 0.0034883569460362196, 'test_accuracy': 0.9932523369789124, 'test_precision': 0.3268003463745117, 'test_recall': 0.694065272808075, 'test_f1': 0.43994754552841187, 'communication_cost': 6560172}
[ 2026-03-27 14:12:54 | node_3 | INFO ] 📢 Broadcasting metrics.
[ 2026-03-27 14:12:55 | node_21 | INFO ] 🎉 Round 150 of 150 finished.
[ 2026-03-27 14:12:55 | node_21 | INFO ] 😋 Training finished!!
[ 2026-03-27 14:12:55 | node_32 | INFO ] ⏹️  Gossiping exited for 10 equal rounds.
[ 2026-03-27 14:12:55 | node_32 | INFO ] 🔬 Evaluating...
[ 2026-03-27 14:12:55 | node_2 | INFO ] 📈 Evaluated. Results: {'test_loss': 0.0038484041579067707, 'test_accuracy': 0.9909131526947021, 'test_precision': 0.226844921708107, 'test_recall': 0.646743893623352, 'test_f1': 0.3290139436721802, 'communication_cost': 5831264}
[ 2026-03-27 14:12:55 | node_2 | INFO ] 📢 Broadcasting metrics.
[ 2026-03-27 14:12:55 | node_14 | INFO ] ⏹️  Gossiping exited for 10 equal rounds.
[ 2026-03-27 14:12:55 | node_14 | INFO ] 🔬 Evaluating...
[ 2026-03-27 14:12:56 | node_46 | INFO ] 🎉 Round 150 of 150 finished.
[ 2026-03-27 14:12:56 | node_46 | INFO ] 😋 Training finished!!
[ 2026-03-27 14:12:56 | node_11 | INFO ] ⏹️  Gossiping exited for 10 equal rounds.
[ 2026-03-27 14:12:56 | node_11 | INFO ] 🔬 Evaluating...
[ 2026-03-27 14:12:56 | node_32 | INFO ] 📈 Evaluated. Results: {'test_loss': 0.0036846832372248173, 'test_accuracy': 0.9915422201156616, 'test_precision': 0.19420327246189117, 'test_recall': 0.5752967000007629, 'test_f1': 0.2789928913116455, 'communication_cost': 7289080}
[ 2026-03-27 14:12:56 | node_32 | INFO ] 📢 Broadcasting metrics.
[ 2026-03-27 14:12:56 | node_4 | INFO ] 🎉 Round 150 of 150 finished.
[ 2026-03-27 14:12:56 | node_4 | INFO ] 😋 Training finished!!
[ 2026-03-27 14:12:56 | node_29 | INFO ] ⏹️  Gossiping exited for 10 equal rounds.
[ 2026-03-27 14:12:56 | node_29 | INFO ] 🔬 Evaluating...
[ 2026-03-27 14:12:56 | node_14 | INFO ] 📈 Evaluated. Results: {'test_loss': 0.0033477838151156902, 'test_accuracy': 0.9921727180480957, 'test_precision': 0.23866954445838928, 'test_recall': 0.6546185612678528, 'test_f1': 0.34292057156562805, 'communication_cost': 6560172}
[ 2026-03-27 14:12:56 | node_19 | INFO ] ⏹️  Gossiping exited for 10 equal rounds.
[ 2026-03-27 14:12:56 | node_14 | INFO ] 📢 Broadcasting metrics.
[ 2026-03-27 14:12:56 | node_19 | INFO ] 🔬 Evaluating...
[ 2026-03-27 14:12:57 | node_11 | INFO ] 📈 Evaluated. Results: {'test_loss': 0.0043824827298521996, 'test_accuracy': 0.9935222864151001, 'test_precision': 0.42621633410453796, 'test_recall': 0.664697527885437, 'test_f1': 0.5135689377784729, 'communication_cost': 4373448}
[ 2026-03-27 14:12:57 | node_11 | INFO ] 📢 Broadcasting metrics.
[ 2026-03-27 14:12:57 | node_29 | INFO ] 📈 Evaluated. Results: {'test_loss': 0.004572298843413591, 'test_accuracy': 0.9915422201156616, 'test_precision': 0.2005440592765808, 'test_recall': 0.46908947825431824, 'test_f1': 0.27987512946128845, 'communication_cost': 4373448}
[ 2026-03-27 14:12:57 | node_29 | INFO ] 📢 Broadcasting metrics.
[ 2026-03-27 14:12:57 | node_3 | INFO ] 🎉 Round 150 of 150 finished.
[ 2026-03-27 14:12:57 | node_3 | INFO ] 😋 Training finished!!
[ 2026-03-27 14:12:57 | node_19 | INFO ] 📈 Evaluated. Results: {'test_loss': 0.0039687990210950375, 'test_accuracy': 0.9914522171020508, 'test_precision': 0.281107097864151, 'test_recall': 0.6613767743110657, 'test_f1': 0.3905840516090393, 'communication_cost': 5831264}
[ 2026-03-27 14:12:57 | node_19 | INFO ] 📢 Broadcasting metrics.
[ 2026-03-27 14:12:57 | node_2 | INFO ] 🎉 Round 150 of 150 finished.
[ 2026-03-27 14:12:57 | node_2 | INFO ] 😋 Training finished!!
[ 2026-03-27 14:12:59 | node_11 | INFO ] 🎉 Round 150 of 150 finished.
[ 2026-03-27 14:12:59 | node_11 | INFO ] 😋 Training finished!!
[ 2026-03-27 14:12:59 | node_32 | INFO ] 🎉 Round 150 of 150 finished.
[ 2026-03-27 14:12:59 | node_29 | INFO ] 🎉 Round 150 of 150 finished.
[ 2026-03-27 14:12:59 | node_32 | INFO ] 😋 Training finished!!
[ 2026-03-27 14:12:59 | node_29 | INFO ] 😋 Training finished!!
[ 2026-03-27 14:12:59 | node_14 | INFO ] 🎉 Round 150 of 150 finished.
[ 2026-03-27 14:12:59 | node_14 | INFO ] 😋 Training finished!!
[ 2026-03-27 14:13:00 | node_31 | INFO ] ⏹️  Gossiping exited for 10 equal rounds.
[ 2026-03-27 14:13:00 | node_31 | INFO ] 🔬 Evaluating...
[ 2026-03-27 14:13:00 | node_19 | INFO ] 🎉 Round 150 of 150 finished.
[ 2026-03-27 14:13:00 | node_19 | INFO ] 😋 Training finished!!
[ 2026-03-27 14:13:00 | node_17 | INFO ] ⏹️  Gossiping exited for 10 equal rounds.
[ 2026-03-27 14:13:00 | node_30 | INFO ] ⏹️  Gossiping exited for 10 equal rounds.
[ 2026-03-27 14:13:00 | node_17 | INFO ] 🔬 Evaluating...
[ 2026-03-27 14:13:00 | node_30 | INFO ] 🔬 Evaluating...
[ 2026-03-27 14:13:01 | node_31 | INFO ] 📈 Evaluated. Results: {'test_loss': 0.0038085635751485825, 'test_accuracy': 0.9893827438354492, 'test_precision': 0.18303246796131134, 'test_recall': 0.6346940994262695, 'test_f1': 0.2799290418624878, 'communication_cost': 6560172}
[ 2026-03-27 14:13:01 | node_31 | INFO ] 📢 Broadcasting metrics.
[ 2026-03-27 14:13:01 | node_22 | INFO ] ⏹️  Gossiping exited for 10 equal rounds.
[ 2026-03-27 14:13:01 | node_22 | INFO ] 🔬 Evaluating...
[ 2026-03-27 14:13:01 | node_17 | INFO ] 📈 Evaluated. Results: {'test_loss': 0.0033174753189086914, 'test_accuracy': 0.9922627210617065, 'test_precision': 0.23715387284755707, 'test_recall': 0.56700199842453, 'test_f1': 0.3290722072124481, 'communication_cost': 6560172}
[ 2026-03-27 14:13:01 | node_17 | INFO ] 📢 Broadcasting metrics.
[ 2026-03-27 14:13:01 | node_30 | INFO ] 📈 Evaluated. Results: {'test_loss': 0.0037984235677868128, 'test_accuracy': 0.9946913719177246, 'test_precision': 0.3707713484764099, 'test_recall': 0.562201976776123, 'test_f1': 0.42473965883255005, 'communication_cost': 4373448}
[ 2026-03-27 14:13:01 | node_30 | INFO ] 📢 Broadcasting metrics.
[ 2026-03-27 14:13:01 | node_37 | INFO ] ⏹️  Gossiping exited for 10 equal rounds.
[ 2026-03-27 14:13:02 | node_37 | INFO ] 🔬 Evaluating...
[ 2026-03-27 14:13:02 | node_22 | INFO ] 📈 Evaluated. Results: {'test_loss': 0.003930877894163132, 'test_accuracy': 0.9895626902580261, 'test_precision': 0.26928967237472534, 'test_recall': 0.6601277589797974, 'test_f1': 0.36860665678977966, 'communication_cost': 5831264}
[ 2026-03-27 14:13:02 | node_22 | INFO ] 📢 Broadcasting metrics.
[ 2026-03-27 14:13:02 | node_1 | INFO ] ⏹️  Gossiping exited for 10 equal rounds.
[ 2026-03-27 14:13:02 | node_35 | INFO ] ⏹️  Gossiping exited for 10 equal rounds.
[ 2026-03-27 14:13:02 | node_1 | INFO ] 🔬 Evaluating...
[ 2026-03-27 14:13:02 | node_35 | INFO ] 🔬 Evaluating...
[ 2026-03-27 14:13:03 | node_37 | INFO ] 📈 Evaluated. Results: {'test_loss': 0.0037750157061964273, 'test_accuracy': 0.9907324314117432, 'test_precision': 0.2477574348449707, 'test_recall': 0.6510995626449585, 'test_f1': 0.356134295463562, 'communication_cost': 5102356}
[ 2026-03-27 14:13:03 | node_37 | INFO ] 📢 Broadcasting metrics.
[ 2026-03-27 14:13:03 | node_30 | INFO ] 🎉 Round 150 of 150 finished.
[ 2026-03-27 14:13:03 | node_1 | INFO ] 📈 Evaluated. Results: {'test_loss': 0.003347492078319192, 'test_accuracy': 0.9901934266090393, 'test_precision': 0.2121799737215042, 'test_recall': 0.6253520250320435, 'test_f1': 0.3132362365722656, 'communication_cost': 5831264}
[ 2026-03-27 14:13:03 | node_30 | INFO ] 😋 Training finished!!
[ 2026-03-27 14:13:03 | node_1 | INFO ] 📢 Broadcasting metrics.
[ 2026-03-27 14:13:03 | node_34 | INFO ] ⏹️  Gossiping exited for 10 equal rounds.
[ 2026-03-27 14:13:03 | node_35 | INFO ] 📈 Evaluated. Results: {'test_loss': 0.0035026019904762506, 'test_accuracy': 0.9892027974128723, 'test_precision': 0.2378857582807541, 'test_recall': 0.6839239001274109, 'test_f1': 0.34650006890296936, 'communication_cost': 5831264}
[ 2026-03-27 14:13:03 | node_35 | INFO ] 📢 Broadcasting metrics.
[ 2026-03-27 14:13:03 | node_34 | INFO ] 🔬 Evaluating...
[ 2026-03-27 14:13:03 | node_31 | INFO ] 🎉 Round 150 of 150 finished.
[ 2026-03-27 14:13:03 | node_31 | INFO ] 😋 Training finished!!
[ 2026-03-27 14:13:04 | node_17 | INFO ] 🎉 Round 150 of 150 finished.
[ 2026-03-27 14:13:04 | node_17 | INFO ] 😋 Training finished!!
[ 2026-03-27 14:13:04 | node_39 | INFO ] ⏹️  Gossiping exited for 10 equal rounds.
[ 2026-03-27 14:13:04 | node_39 | INFO ] 🔬 Evaluating...
[ 2026-03-27 14:13:04 | node_34 | INFO ] 📈 Evaluated. Results: {'test_loss': 0.002598419552668929, 'test_accuracy': 0.9912722706794739, 'test_precision': 0.21631939709186554, 'test_recall': 0.5886469483375549, 'test_f1': 0.3130103051662445, 'communication_cost': 7289080}
[ 2026-03-27 14:13:04 | node_22 | INFO ] 🎉 Round 150 of 150 finished.
[ 2026-03-27 14:13:04 | node_34 | INFO ] 📢 Broadcasting metrics.
[ 2026-03-27 14:13:04 | node_22 | INFO ] 😋 Training finished!!
[ 2026-03-27 14:13:05 | node_28 | INFO ] ⏹️  Gossiping exited for 10 equal rounds.
[ 2026-03-27 14:13:05 | node_28 | INFO ] 🔬 Evaluating...
[ 2026-03-27 14:13:05 | node_37 | INFO ] 🎉 Round 150 of 150 finished.
[ 2026-03-27 14:13:05 | node_37 | INFO ] 😋 Training finished!!
[ 2026-03-27 14:13:05 | node_39 | INFO ] 📈 Evaluated. Results: {'test_loss': 0.003383723320439458, 'test_accuracy': 0.9916321635246277, 'test_precision': 0.27534037828445435, 'test_recall': 0.6429728269577026, 'test_f1': 0.36886024475097656, 'communication_cost': 5102356}
[ 2026-03-27 14:13:05 | node_39 | INFO ] 📢 Broadcasting metrics.
[ 2026-03-27 14:13:05 | node_42 | INFO ] ⏹️  Gossiping exited for 10 equal rounds.
[ 2026-03-27 14:13:05 | node_42 | INFO ] 🔬 Evaluating...
[ 2026-03-27 14:13:05 | node_28 | INFO ] 📈 Evaluated. Results: {'test_loss': 0.003255029208958149, 'test_accuracy': 0.9914522171020508, 'test_precision': 0.30370089411735535, 'test_recall': 0.7179082036018372, 'test_f1': 0.4201348125934601, 'communication_cost': 8017988}
[ 2026-03-27 14:13:06 | node_28 | INFO ] 📢 Broadcasting metrics.
[ 2026-03-27 14:13:06 | node_1 | INFO ] 🎉 Round 150 of 150 finished.
[ 2026-03-27 14:13:06 | node_1 | INFO ] 😋 Training finished!!
[ 2026-03-27 14:13:06 | node_35 | INFO ] 🎉 Round 150 of 150 finished.
[ 2026-03-27 14:13:06 | node_35 | INFO ] 😋 Training finished!!
[ 2026-03-27 14:13:06 | node_42 | INFO ] 📈 Evaluated. Results: {'test_loss': 0.004370898939669132, 'test_accuracy': 0.9889328479766846, 'test_precision': 0.18048816919326782, 'test_recall': 0.5974104404449463, 'test_f1': 0.2675742506980896, 'communication_cost': 8746896}
[ 2026-03-27 14:13:06 | node_42 | INFO ] 📢 Broadcasting metrics.
[ 2026-03-27 14:13:07 | node_45 | INFO ] ⏹️  Gossiping exited for 10 equal rounds.
[ 2026-03-27 14:13:07 | node_45 | INFO ] 🔬 Evaluating...
[ 2026-03-27 14:13:07 | node_44 | INFO ] ⏹️  Gossiping exited for 10 equal rounds.
[ 2026-03-27 14:13:07 | node_39 | INFO ] 🎉 Round 150 of 150 finished.
[ 2026-03-27 14:13:07 | node_39 | INFO ] 😋 Training finished!!
[ 2026-03-27 14:13:07 | node_44 | INFO ] 🔬 Evaluating...
[ 2026-03-27 14:13:07 | node_34 | INFO ] 🎉 Round 150 of 150 finished.
[ 2026-03-27 14:13:07 | node_34 | INFO ] 😋 Training finished!!
[ 2026-03-27 14:13:08 | node_45 | INFO ] 📈 Evaluated. Results: {'test_loss': 0.004182339180260897, 'test_accuracy': 0.9928918480873108, 'test_precision': 0.20146562159061432, 'test_recall': 0.43806394934654236, 'test_f1': 0.2687402069568634, 'communication_cost': 5831264}
[ 2026-03-27 14:13:08 | node_45 | INFO ] 📢 Broadcasting metrics.
[ 2026-03-27 14:13:08 | node_44 | INFO ] 📈 Evaluated. Results: {'test_loss': 0.003363626543432474, 'test_accuracy': 0.9895626902580261, 'test_precision': 0.22602535784244537, 'test_recall': 0.6898295283317566, 'test_f1': 0.3328920900821686, 'communication_cost': 6560172}
[ 2026-03-27 14:13:08 | node_44 | INFO ] 📢 Broadcasting metrics.
[ 2026-03-27 14:13:09 | node_28 | INFO ] 🎉 Round 150 of 150 finished.
[ 2026-03-27 14:13:09 | node_28 | INFO ] 😋 Training finished!!
[ 2026-03-27 14:13:09 | node_42 | INFO ] 🎉 Round 150 of 150 finished.
[ 2026-03-27 14:13:10 | node_42 | INFO ] 😋 Training finished!!
[ 2026-03-27 14:13:10 | node_45 | INFO ] 🎉 Round 150 of 150 finished.
[ 2026-03-27 14:13:10 | node_45 | INFO ] 😋 Training finished!!
[ 2026-03-27 14:13:10 | node_44 | INFO ] 🎉 Round 150 of 150 finished.
[ 2026-03-27 14:13:11 | node_44 | INFO ] 😋 Training finished!!
[ 2026-03-27 14:13:30 | node_23 | INFO ] ⏹️  Gossiping exited for 10 equal rounds.
[ 2026-03-27 14:13:30 | node_23 | INFO ] 🔬 Evaluating...
[ 2026-03-27 14:13:31 | node_23 | INFO ] 📈 Evaluated. Results: {'test_loss': 0.0034847757779061794, 'test_accuracy': 0.989652693271637, 'test_precision': 0.2499222755432129, 'test_recall': 0.6358118653297424, 'test_f1': 0.3559001684188843, 'communication_cost': 9475804}
[ 2026-03-27 14:13:31 | node_23 | INFO ] 📢 Broadcasting metrics.
[ 2026-03-27 14:13:34 | node_23 | INFO ] 🎉 Round 150 of 150 finished.
[ 2026-03-27 14:13:34 | node_23 | INFO ] 😋 Training finished!!
[ 2026-03-27 14:13:56 | node_41 | INFO ] ⏹️  Gossiping exited for 10 equal rounds.
[ 2026-03-27 14:13:56 | node_41 | INFO ] 🔬 Evaluating...
[ 2026-03-27 14:13:58 | node_41 | INFO ] 📈 Evaluated. Results: {'test_loss': 0.003982529975473881, 'test_accuracy': 0.9919920563697815, 'test_precision': 0.28479650616645813, 'test_recall': 0.6394094228744507, 'test_f1': 0.36737337708473206, 'communication_cost': 12391436}
[ 2026-03-27 14:13:58 | node_41 | INFO ] 📢 Broadcasting metrics.
[ 2026-03-27 14:14:01 | node_41 | INFO ] 🎉 Round 150 of 150 finished.
[ 2026-03-27 14:14:01 | node_41 | INFO ] 😋 Training finished!!
[ 2026-03-27 14:14:01 | None | INFO ] 🏁 All nodes finished training. Waiting 10s for final synchronization...
[ 2026-03-27 14:14:11 | node | INFO ] Stopping node...
[ 2026-03-27 14:14:11 | node | INFO ] 🛑 Stopping gossiper...
[ 2026-03-27 14:14:11 | node | INFO ] InMemoryServer stopped at node
[ 2026-03-27 14:14:11 | node_1 | INFO ] Stopping node...
[ 2026-03-27 14:14:11 | node_1 | INFO ] 🛑 Stopping gossiper...
[ 2026-03-27 14:14:11 | node_1 | INFO ] InMemoryServer stopped at node_1
[ 2026-03-27 14:14:11 | node_2 | INFO ] Stopping node...
[ 2026-03-27 14:14:12 | node_2 | INFO ] 🛑 Stopping gossiper...
[ 2026-03-27 14:14:12 | node_2 | INFO ] InMemoryServer stopped at node_2
[ 2026-03-27 14:14:12 | node_3 | INFO ] Stopping node...
[ 2026-03-27 14:14:12 | node_3 | INFO ] 🛑 Stopping gossiper...
[ 2026-03-27 14:14:12 | node_3 | INFO ] InMemoryServer stopped at node_3
[ 2026-03-27 14:14:12 | node_4 | INFO ] Stopping node...
[ 2026-03-27 14:14:12 | node_4 | INFO ] 🛑 Stopping gossiper...
[ 2026-03-27 14:14:12 | node_4 | INFO ] InMemoryServer stopped at node_4
[ 2026-03-27 14:14:13 | node_5 | INFO ] Stopping node...
[ 2026-03-27 14:14:13 | node_5 | INFO ] 🛑 Stopping gossiper...
[ 2026-03-27 14:14:13 | node_5 | INFO ] InMemoryServer stopped at node_5
[ 2026-03-27 14:14:13 | node_6 | INFO ] Stopping node...
[ 2026-03-27 14:14:13 | node_6 | INFO ] 🛑 Stopping gossiper...
[ 2026-03-27 14:14:13 | node_6 | INFO ] InMemoryServer stopped at node_6
[ 2026-03-27 14:14:13 | node_7 | INFO ] Stopping node...
[ 2026-03-27 14:14:13 | node_7 | INFO ] 🛑 Stopping gossiper...
[ 2026-03-27 14:14:13 | node_7 | INFO ] InMemoryServer stopped at node_7
[ 2026-03-27 14:14:13 | node_8 | INFO ] Stopping node...
[ 2026-03-27 14:14:14 | node_8 | INFO ] 🛑 Stopping gossiper...
[ 2026-03-27 14:14:14 | node_8 | INFO ] InMemoryServer stopped at node_8
[ 2026-03-27 14:14:14 | node_9 | INFO ] Stopping node...
[ 2026-03-27 14:14:14 | node_9 | INFO ] 🛑 Stopping gossiper...
[ 2026-03-27 14:14:15 | node_9 | INFO ] InMemoryServer stopped at node_9
[ 2026-03-27 14:14:15 | node_10 | INFO ] Stopping node...
[ 2026-03-27 14:14:15 | node_10 | INFO ] 🛑 Stopping gossiper...
[ 2026-03-27 14:14:15 | node_10 | INFO ] InMemoryServer stopped at node_10
[ 2026-03-27 14:14:15 | node_11 | INFO ] Stopping node...
[ 2026-03-27 14:14:15 | node_11 | INFO ] 🛑 Stopping gossiper...
[ 2026-03-27 14:14:15 | node_11 | INFO ] InMemoryServer stopped at node_11
[ 2026-03-27 14:14:16 | node_12 | INFO ] Stopping node...
[ 2026-03-27 14:14:16 | node_12 | INFO ] 🛑 Stopping gossiper...
[ 2026-03-27 14:14:16 | node_12 | INFO ] InMemoryServer stopped at node_12
[ 2026-03-27 14:14:16 | node_13 | INFO ] Stopping node...
[ 2026-03-27 14:14:16 | node_13 | INFO ] 🛑 Stopping gossiper...
[ 2026-03-27 14:14:17 | node_13 | INFO ] InMemoryServer stopped at node_13
[ 2026-03-27 14:14:17 | node_14 | INFO ] Stopping node...
[ 2026-03-27 14:14:17 | node_14 | INFO ] 🛑 Stopping gossiper...
[ 2026-03-27 14:14:17 | node_14 | INFO ] InMemoryServer stopped at node_14
[ 2026-03-27 14:14:18 | node_15 | INFO ] Stopping node...
[ 2026-03-27 14:14:18 | node_15 | INFO ] 🛑 Stopping gossiper...
[ 2026-03-27 14:14:18 | node_15 | INFO ] InMemoryServer stopped at node_15
[ 2026-03-27 14:14:18 | node_16 | INFO ] Stopping node...
[ 2026-03-27 14:14:18 | node_16 | INFO ] 🛑 Stopping gossiper...
[ 2026-03-27 14:14:19 | node_16 | INFO ] InMemoryServer stopped at node_16
[ 2026-03-27 14:14:19 | node_17 | INFO ] Stopping node...
[ 2026-03-27 14:14:19 | node_17 | INFO ] 🛑 Stopping gossiper...
[ 2026-03-27 14:14:19 | node_17 | INFO ] InMemoryServer stopped at node_17
[ 2026-03-27 14:14:20 | node_18 | INFO ] Stopping node...
[ 2026-03-27 14:14:20 | node_18 | INFO ] 🛑 Stopping gossiper...
[ 2026-03-27 14:14:20 | node_18 | INFO ] InMemoryServer stopped at node_18
[ 2026-03-27 14:14:20 | node_19 | INFO ] Stopping node...
[ 2026-03-27 14:14:20 | node_19 | INFO ] 🛑 Stopping gossiper...
[ 2026-03-27 14:14:20 | node_19 | INFO ] InMemoryServer stopped at node_19
[ 2026-03-27 14:14:21 | node_20 | INFO ] Stopping node...
[ 2026-03-27 14:14:21 | node_20 | INFO ] 🛑 Stopping gossiper...
[ 2026-03-27 14:14:21 | node_20 | INFO ] InMemoryServer stopped at node_20
[ 2026-03-27 14:14:21 | node_21 | INFO ] Stopping node...
[ 2026-03-27 14:14:21 | node_21 | INFO ] 🛑 Stopping gossiper...
[ 2026-03-27 14:14:21 | node_21 | INFO ] InMemoryServer stopped at node_21
[ 2026-03-27 14:14:22 | node_22 | INFO ] Stopping node...
[ 2026-03-27 14:14:22 | node_22 | INFO ] 🛑 Stopping gossiper...
[ 2026-03-27 14:14:22 | node_22 | INFO ] InMemoryServer stopped at node_22
[ 2026-03-27 14:14:22 | node_23 | INFO ] Stopping node...
[ 2026-03-27 14:14:22 | node_23 | INFO ] 🛑 Stopping gossiper...
[ 2026-03-27 14:14:22 | node_23 | INFO ] InMemoryServer stopped at node_23
[ 2026-03-27 14:14:22 | node_24 | INFO ] Stopping node...
[ 2026-03-27 14:14:22 | node_24 | INFO ] 🛑 Stopping gossiper...
[ 2026-03-27 14:14:22 | node_24 | INFO ] InMemoryServer stopped at node_24
[ 2026-03-27 14:14:22 | node_25 | INFO ] Stopping node...
[ 2026-03-27 14:14:22 | node_25 | INFO ] 🛑 Stopping gossiper...
[ 2026-03-27 14:14:22 | node_25 | INFO ] InMemoryServer stopped at node_25
[ 2026-03-27 14:14:23 | node_26 | INFO ] Stopping node...
[ 2026-03-27 14:14:23 | node_26 | INFO ] 🛑 Stopping gossiper...
[ 2026-03-27 14:14:23 | node_26 | INFO ] InMemoryServer stopped at node_26
[ 2026-03-27 14:14:23 | node_27 | INFO ] Stopping node...
[ 2026-03-27 14:14:23 | node_27 | INFO ] 🛑 Stopping gossiper...
[ 2026-03-27 14:14:23 | node_27 | INFO ] InMemoryServer stopped at node_27
[ 2026-03-27 14:14:23 | node_28 | INFO ] Stopping node...
[ 2026-03-27 14:14:23 | node_28 | INFO ] 🛑 Stopping gossiper...
[ 2026-03-27 14:14:23 | node_28 | INFO ] InMemoryServer stopped at node_28
[ 2026-03-27 14:14:23 | node_29 | INFO ] Stopping node...
[ 2026-03-27 14:14:23 | node_29 | INFO ] 🛑 Stopping gossiper...
[ 2026-03-27 14:14:23 | node_29 | INFO ] InMemoryServer stopped at node_29
[ 2026-03-27 14:14:23 | node_30 | INFO ] Stopping node...
[ 2026-03-27 14:14:23 | node_30 | INFO ] 🛑 Stopping gossiper...
[ 2026-03-27 14:14:23 | node_30 | INFO ] InMemoryServer stopped at node_30
[ 2026-03-27 14:14:23 | node_31 | INFO ] Stopping node...
[ 2026-03-27 14:14:23 | node_31 | INFO ] 🛑 Stopping gossiper...
[ 2026-03-27 14:14:23 | node_31 | INFO ] InMemoryServer stopped at node_31
[ 2026-03-27 14:14:24 | node_32 | INFO ] Stopping node...
[ 2026-03-27 14:14:24 | node_32 | INFO ] 🛑 Stopping gossiper...
[ 2026-03-27 14:14:24 | node_32 | INFO ] InMemoryServer stopped at node_32
[ 2026-03-27 14:14:24 | node_33 | INFO ] Stopping node...
[ 2026-03-27 14:14:24 | node_33 | INFO ] 🛑 Stopping gossiper...
[ 2026-03-27 14:14:24 | node_33 | INFO ] InMemoryServer stopped at node_33
[ 2026-03-27 14:14:24 | node_34 | INFO ] Stopping node...
[ 2026-03-27 14:14:24 | node_34 | INFO ] 🛑 Stopping gossiper...
[ 2026-03-27 14:14:24 | node_34 | INFO ] InMemoryServer stopped at node_34
[ 2026-03-27 14:14:24 | node_35 | INFO ] Stopping node...
[ 2026-03-27 14:14:24 | node_35 | INFO ] 🛑 Stopping gossiper...
[ 2026-03-27 14:14:24 | node_35 | INFO ] InMemoryServer stopped at node_35
[ 2026-03-27 14:14:24 | node_36 | INFO ] Stopping node...
[ 2026-03-27 14:14:24 | node_36 | INFO ] 🛑 Stopping gossiper...
[ 2026-03-27 14:14:24 | node_36 | INFO ] InMemoryServer stopped at node_36
[ 2026-03-27 14:14:24 | node_37 | INFO ] Stopping node...
[ 2026-03-27 14:14:24 | node_37 | INFO ] 🛑 Stopping gossiper...
[ 2026-03-27 14:14:24 | node_37 | INFO ] InMemoryServer stopped at node_37
[ 2026-03-27 14:14:24 | node_38 | INFO ] Stopping node...
[ 2026-03-27 14:14:24 | node_38 | INFO ] 🛑 Stopping gossiper...
[ 2026-03-27 14:14:25 | node_38 | INFO ] InMemoryServer stopped at node_38
[ 2026-03-27 14:14:25 | node_39 | INFO ] Stopping node...
[ 2026-03-27 14:14:25 | node_39 | INFO ] 🛑 Stopping gossiper...
[ 2026-03-27 14:14:25 | node_39 | INFO ] InMemoryServer stopped at node_39
[ 2026-03-27 14:14:25 | node_40 | INFO ] Stopping node...
[ 2026-03-27 14:14:25 | node_40 | INFO ] 🛑 Stopping gossiper...
[ 2026-03-27 14:14:25 | node_40 | INFO ] InMemoryServer stopped at node_40
[ 2026-03-27 14:14:25 | node_41 | INFO ] Stopping node...
[ 2026-03-27 14:14:25 | node_41 | INFO ] 🛑 Stopping gossiper...
[ 2026-03-27 14:14:25 | node_41 | INFO ] InMemoryServer stopped at node_41
[ 2026-03-27 14:14:25 | node_42 | INFO ] Stopping node...
[ 2026-03-27 14:14:25 | node_42 | INFO ] 🛑 Stopping gossiper...
[ 2026-03-27 14:14:25 | node_42 | INFO ] InMemoryServer stopped at node_42
[ 2026-03-27 14:14:25 | node_43 | INFO ] Stopping node...
[ 2026-03-27 14:14:25 | node_43 | INFO ] 🛑 Stopping gossiper...
[ 2026-03-27 14:14:25 | node_43 | INFO ] InMemoryServer stopped at node_43
[ 2026-03-27 14:14:26 | node_44 | INFO ] Stopping node...
[ 2026-03-27 14:14:26 | node_44 | INFO ] 🛑 Stopping gossiper...
[ 2026-03-27 14:14:26 | node_44 | INFO ] InMemoryServer stopped at node_44
[ 2026-03-27 14:14:26 | node_45 | INFO ] Stopping node...
[ 2026-03-27 14:14:26 | node_45 | INFO ] 🛑 Stopping gossiper...
[ 2026-03-27 14:14:26 | node_45 | INFO ] InMemoryServer stopped at node_45
[ 2026-03-27 14:14:26 | node_46 | INFO ] Stopping node...
[ 2026-03-27 14:14:26 | node_46 | INFO ] 🛑 Stopping gossiper...
[ 2026-03-27 14:14:26 | node_46 | INFO ] InMemoryServer stopped at node_46
[ 2026-03-27 14:14:26 | node_47 | INFO ] Stopping node...
[ 2026-03-27 14:14:26 | node_47 | INFO ] 🛑 Stopping gossiper...
[ 2026-03-27 14:14:26 | node_47 | INFO ] InMemoryServer stopped at node_47
[ 2026-03-27 14:14:26 | node_48 | INFO ] Stopping node...
[ 2026-03-27 14:14:26 | node_48 | INFO ] 🛑 Stopping gossiper...
[ 2026-03-27 14:14:26 | node_48 | INFO ] InMemoryServer stopped at node_48
[ 2026-03-27 14:14:26 | node_49 | INFO ] Stopping node...
[ 2026-03-27 14:14:26 | node_49 | INFO ] 🛑 Stopping gossiper...
[ 2026-03-27 14:14:26 | node_49 | INFO ] InMemoryServer stopped at node_49
