[ 2026-03-27 18:41:40 | node_4 | INFO ] 🧩 Model added for round 97 (3/10) from ['node_1']
[ 2026-03-27 18:41:41 | node_2 | INFO ] 🧩 Model added for round 97 (4/9) from ['node_3']
[ 2026-03-27 18:41:41 | node_1 | INFO ] 🧩 Model added for round 97 (4/10) from ['node_2']
[ 2026-03-27 18:41:41 | node_5 | INFO ] 🧩 Model added for round 97 (2/9) from ['node_1']
[ 2026-03-27 18:41:41 | node_4 | INFO ] 🧩 Model added for round 97 (4/10) from ['node_3']
[ 2026-03-27 18:41:41 | node_3 | INFO ] 🧩 Model added for round 97 (4/9) from ['node_2']
[ 2026-03-27 18:41:41 | node_6 | INFO ] 🧩 Model added for round 97 (3/9) from ['node_1']
[ 2026-03-27 18:41:41 | node_5 | INFO ] 🧩 Model added for round 97 (3/9) from ['node_3']
[ 2026-03-27 18:41:41 | node_4 | INFO ] 🧩 Model added for round 97 (5/10) from ['node_2']
[ 2026-03-27 18:41:41 | node_7 | INFO ] 🧩 Model added for round 97 (3/9) from ['node_1']
[ 2026-03-27 18:41:41 | node_6 | INFO ] 🧩 Model added for round 97 (4/9) from ['node_3']
[ 2026-03-27 18:41:42 | node_5 | INFO ] 🧩 Model added for round 97 (4/9) from ['node_2']
[ 2026-03-27 18:41:42 | node_7 | INFO ] 🧩 Model added for round 97 (4/9) from ['node_3']
[ 2026-03-27 18:41:42 | node_8 | INFO ] 🧩 Model added for round 97 (2/7) from ['node_1']
[ 2026-03-27 18:41:42 | node_9 | INFO ] 🧩 Model added for round 97 (3/10) from ['node_3']
[ 2026-03-27 18:41:42 | node_9 | INFO ] 🧩 Model added for round 97 (4/10) from ['node_1']
[ 2026-03-27 18:41:42 | node_6 | INFO ] 🧩 Model added for round 97 (5/9) from ['node_2']
[ 2026-03-27 18:41:42 | node_5 | INFO ] 📤 Sending model to 8 direct neighbors: ['node_1', 'node_2', 'node_3', 'node_4', 'node_6', 'node_7', 'node_8', 'node_9']
[ 2026-03-27 18:41:42 | node_8 | INFO ] 🧩 Model added for round 97 (3/7) from ['node_2']
[ 2026-03-27 18:41:42 | node_1 | INFO ] 🧩 Model added for round 97 (5/10) from ['node_5']
[ 2026-03-27 18:41:42 | node_9 | INFO ] 🧩 Model added for round 97 (5/10) from ['node_2']
[ 2026-03-27 18:41:42 | node_8 | INFO ] 📤 Sending model to 6 direct neighbors: ['node_1', 'node_2', 'node_4', 'node_5', 'node_7', 'node_9']
[ 2026-03-27 18:41:42 | node_7 | INFO ] 📤 Sending model to 8 direct neighbors: ['node', 'node_1', 'node_3', 'node_4', 'node_5', 'node_6', 'node_8', 'node_9']
[ 2026-03-27 18:41:43 | node_2 | INFO ] 🧩 Model added for round 97 (5/9) from ['node_5']
[ 2026-03-27 18:41:43 | node_1 | INFO ] 🧩 Model added for round 97 (6/10) from ['node_8']
[ 2026-03-27 18:41:43 | node | INFO ] 🧩 Model added for round 97 (5/8) from ['node_7']
[ 2026-03-27 18:41:43 | node_3 | INFO ] 🧩 Model added for round 97 (5/9) from ['node_5']
[ 2026-03-27 18:41:43 | node_2 | INFO ] 🧩 Model added for round 97 (6/9) from ['node_8']
[ 2026-03-27 18:41:43 | node_1 | INFO ] 🧩 Model added for round 97 (7/10) from ['node_7']
[ 2026-03-27 18:41:43 | node_4 | INFO ] 🧩 Model added for round 97 (6/10) from ['node_5']
[ 2026-03-27 18:41:43 | node_4 | INFO ] 🧩 Model added for round 97 (7/10) from ['node_8']
[ 2026-03-27 18:41:43 | node_3 | INFO ] 🧩 Model added for round 97 (6/9) from ['node_7']
[ 2026-03-27 18:41:43 | node_5 | INFO ] 🧩 Model added for round 97 (5/9) from ['node_8']
[ 2026-03-27 18:41:43 | node_4 | INFO ] 📤 Sending model to 9 direct neighbors: ['node', 'node_1', 'node_2', 'node_3', 'node_5', 'node_6', 'node_7', 'node_8', 'node_9']
[ 2026-03-27 18:41:43 | node_6 | INFO ] 🧩 Model added for round 97 (6/9) from ['node_5']
[ 2026-03-27 18:41:43 | node_4 | INFO ] 🧩 Model added for round 97 (8/10) from ['node_7']
[ 2026-03-27 18:41:43 | node | INFO ] 🧩 Model added for round 97 (6/8) from ['node_4']
[ 2026-03-27 18:41:44 | node_7 | INFO ] 🧩 Model added for round 97 (5/9) from ['node_8']
[ 2026-03-27 18:41:44 | node_7 | INFO ] 🧩 Model added for round 97 (6/9) from ['node_5']
[ 2026-03-27 18:41:44 | node_1 | INFO ] 🧩 Model added for round 97 (8/10) from ['node_4']
[ 2026-03-27 18:41:44 | node_5 | INFO ] 🧩 Model added for round 97 (6/9) from ['node_7']
[ 2026-03-27 18:41:44 | node_6 | INFO ] 📤 Sending model to 8 direct neighbors: ['node', 'node_1', 'node_2', 'node_3', 'node_4', 'node_5', 'node_7', 'node_9']
[ 2026-03-27 18:41:44 | node_9 | INFO ] 🧩 Model added for round 97 (6/10) from ['node_8']
[ 2026-03-27 18:41:44 | node | INFO ] 🧩 Model added for round 97 (7/8) from ['node_6']
[ 2026-03-27 18:41:44 | node_2 | INFO ] 🧩 Model added for round 97 (7/9) from ['node_4']
[ 2026-03-27 18:41:44 | node_8 | INFO ] 🧩 Model added for round 97 (4/7) from ['node_5']
[ 2026-03-27 18:41:44 | node_6 | INFO ] 🧩 Model added for round 97 (7/9) from ['node_7']
[ 2026-03-27 18:41:44 | node_1 | INFO ] 🧩 Model added for round 97 (9/10) from ['node_6']
[ 2026-03-27 18:41:44 | node_3 | INFO ] 🧩 Model added for round 97 (7/9) from ['node_4']
[ 2026-03-27 18:41:44 | node_9 | INFO ] 🧩 Model added for round 97 (7/10) from ['node_5']
[ 2026-03-27 18:41:44 | node_8 | INFO ] 🧩 Model added for round 97 (5/7) from ['node_7']
[ 2026-03-27 18:41:45 | node_5 | INFO ] 🧩 Model added for round 97 (7/9) from ['node_4']
[ 2026-03-27 18:41:45 | node_9 | INFO ] 🧩 Model added for round 97 (8/10) from ['node_7']
[ 2026-03-27 18:41:45 | node_2 | INFO ] 🧩 Model added for round 97 (8/9) from ['node_6']
[ 2026-03-27 18:41:45 | node_9 | INFO ] 📤 Sending model to 9 direct neighbors: ['node', 'node_1', 'node_2', 'node_3', 'node_4', 'node_5', 'node_6', 'node_7', 'node_8']
[ 2026-03-27 18:41:45 | node | INFO ] 🧩 Model added for round 97 (8/8) from ['node_9']
[ 2026-03-27 18:41:45 | node_3 | INFO ] 🧩 Model added for round 97 (8/9) from ['node_6']
[ 2026-03-27 18:41:45 | node_6 | INFO ] 🧩 Model added for round 97 (8/9) from ['node_4']
[ 2026-03-27 18:41:45 | node_1 | INFO ] 🧩 Model added for round 97 (10/10) from ['node_9']
[ 2026-03-27 18:41:45 | node_4 | INFO ] 🧩 Model added for round 97 (9/10) from ['node_6']
[ 2026-03-27 18:41:45 | node | INFO ] 🧠 Aggregation complete. Setting new model.
[ 2026-03-27 18:41:45 | node_7 | INFO ] 🧩 Model added for round 97 (7/9) from ['node_4']
[ 2026-03-27 18:41:45 | node_1 | INFO ] 🧠 Aggregation complete. Setting new model.
[ 2026-03-27 18:41:45 | node_2 | INFO ] 🧩 Model added for round 97 (9/9) from ['node_9']
[ 2026-03-27 18:41:45 | node | INFO ] 🗣️ Gossiping aggregated model.
[ 2026-03-27 18:41:46 | node_1 | INFO ] 🗣️ Gossiping aggregated model.
[ 2026-03-27 18:41:46 | node_5 | INFO ] 🧩 Model added for round 97 (8/9) from ['node_6']
[ 2026-03-27 18:41:46 | node_8 | INFO ] 🧩 Model added for round 97 (6/7) from ['node_4']
[ 2026-03-27 18:41:46 | node_3 | INFO ] 🧩 Model added for round 97 (9/9) from ['node_9']
[ 2026-03-27 18:41:46 | node_7 | INFO ] 🧩 Model added for round 97 (8/9) from ['node_6']
[ 2026-03-27 18:41:46 | node_9 | INFO ] 🧩 Model added for round 97 (9/10) from ['node_4']
[ 2026-03-27 18:41:46 | node_3 | INFO ] 🧠 Aggregation complete. Setting new model.
[ 2026-03-27 18:41:46 | node_2 | INFO ] 🧠 Aggregation complete. Setting new model.
[ 2026-03-27 18:41:46 | node_4 | INFO ] 🧩 Model added for round 97 (10/10) from ['node_9']
[ 2026-03-27 18:41:46 | node_3 | INFO ] 🗣️ Gossiping aggregated model.
[ 2026-03-27 18:41:46 | node_2 | INFO ] 🗣️ Gossiping aggregated model.
[ 2026-03-27 18:41:46 | node_9 | INFO ] 🧩 Model added for round 97 (10/10) from ['node_6']
[ 2026-03-27 18:41:46 | node_5 | INFO ] 🧩 Model added for round 97 (9/9) from ['node_9']
[ 2026-03-27 18:41:47 | node_4 | INFO ] 🧠 Aggregation complete. Setting new model.
[ 2026-03-27 18:41:47 | node_5 | INFO ] 🧠 Aggregation complete. Setting new model.
[ 2026-03-27 18:41:47 | node_6 | INFO ] 🧩 Model added for round 97 (9/9) from ['node_9']
[ 2026-03-27 18:41:47 | node_6 | INFO ] 🧠 Aggregation complete. Setting new model.
[ 2026-03-27 18:41:47 | node_5 | INFO ] 🗣️ Gossiping aggregated model.
[ 2026-03-27 18:41:47 | node_4 | INFO ] 🗣️ Gossiping aggregated model.
[ 2026-03-27 18:41:47 | node_6 | INFO ] 🗣️ Gossiping aggregated model.
[ 2026-03-27 18:41:47 | node_7 | INFO ] 🧩 Model added for round 97 (9/9) from ['node_9']
[ 2026-03-27 18:41:47 | node_8 | INFO ] 🧩 Model added for round 97 (7/7) from ['node_9']
[ 2026-03-27 18:41:48 | node_7 | INFO ] 🧠 Aggregation complete. Setting new model.
[ 2026-03-27 18:41:48 | node_8 | INFO ] 🧠 Aggregation complete. Setting new model.
[ 2026-03-27 18:41:48 | node_9 | INFO ] 🧠 Aggregation complete. Setting new model.
[ 2026-03-27 18:41:48 | node_8 | INFO ] 🗣️ Gossiping aggregated model.
[ 2026-03-27 18:41:48 | node_7 | INFO ] 🗣️ Gossiping aggregated model.
[ 2026-03-27 18:41:48 | node_9 | INFO ] 🗣️ Gossiping aggregated model.
[ 2026-03-27 18:41:59 | node | INFO ] ⏹️  Gossiping exited for 10 equal rounds.
[ 2026-03-27 18:41:59 | node | INFO ] 🔬 Evaluating...
[ 2026-03-27 18:41:59 | node_1 | INFO ] ⏹️  Gossiping exited for 10 equal rounds.
[ 2026-03-27 18:41:59 | node_1 | INFO ] 🔬 Evaluating...
[ 2026-03-27 18:41:59 | node_2 | INFO ] ⏹️  Gossiping exited for 10 equal rounds.
[ 2026-03-27 18:41:59 | node_2 | INFO ] 🔬 Evaluating...
[ 2026-03-27 18:41:59 | node | INFO ] 📈 Evaluated. Results: {'test_loss': 2.855982542037964, 'test_acc': 0.6800804734230042, 'test_precision': 0.2547700107097626, 'test_recall': 0.17534863948822021, 'test_f1': 0.2066860944032669, 'communication_cost': 26343772}
[ 2026-03-27 18:41:59 | node | INFO ] 📢 Broadcasting metrics.
[ 2026-03-27 18:41:59 | node_1 | INFO ] 📈 Evaluated. Results: {'test_loss': 0.7621659636497498, 'test_acc': 0.9270216822624207, 'test_precision': 0.5013121962547302, 'test_recall': 0.47603490948677063, 'test_f1': 0.48731914162635803, 'communication_cost': 33870564}
[ 2026-03-27 18:41:59 | node_1 | INFO ] 📢 Broadcasting metrics.
[ 2026-03-27 18:41:59 | node_3 | INFO ] ⏹️  Gossiping exited for 10 equal rounds.
[ 2026-03-27 18:41:59 | node_3 | INFO ] 🔬 Evaluating...
[ 2026-03-27 18:42:00 | node_4 | INFO ] ⏹️  Gossiping exited for 10 equal rounds.
[ 2026-03-27 18:42:00 | node_4 | INFO ] 🔬 Evaluating...
[ 2026-03-27 18:42:00 | node_2 | INFO ] 📈 Evaluated. Results: {'test_loss': 1.601364254951477, 'test_acc': 0.8676099181175232, 'test_precision': 0.4044341444969177, 'test_recall': 0.3685733675956726, 'test_f1': 0.3837956488132477, 'communication_cost': 30107168}
[ 2026-03-27 18:42:00 | node_2 | INFO ] 📢 Broadcasting metrics.
[ 2026-03-27 18:42:00 | node_3 | INFO ] 📈 Evaluated. Results: {'test_loss': 6.104896068572998, 'test_acc': 0.5185185074806213, 'test_precision': 0.3007936477661133, 'test_recall': 0.15969231724739075, 'test_f1': 0.19887547194957733, 'communication_cost': 30107168}
[ 2026-03-27 18:42:00 | node | INFO ] 🎉 Round 98 of 100 finished.
[ 2026-03-27 18:42:00 | node_3 | INFO ] 📢 Broadcasting metrics.
[ 2026-03-27 18:42:00 | node | INFO ] 🗳️ [DETERMINISTIC] Train set assigned (No Voting). Size: 10
[ 2026-03-27 18:42:00 | node | INFO ] 🏋️‍♀️ Preparing training...
[ 2026-03-27 18:42:00 | node_6 | INFO ] ⏹️  Gossiping exited for 10 equal rounds.
[ 2026-03-27 18:42:00 | node_6 | INFO ] 🔬 Evaluating...
[ 2026-03-27 18:42:00 | node_1 | INFO ] 🎉 Round 98 of 100 finished.
[ 2026-03-27 18:42:00 | node_1 | INFO ] 🗳️ [DETERMINISTIC] Train set assigned (No Voting). Size: 10
[ 2026-03-27 18:42:00 | node_1 | INFO ] 🏋️‍♀️ Preparing training...
[ 2026-03-27 18:42:00 | node_6 | INFO ] 📈 Evaluated. Results: {'test_loss': 1.930593729019165, 'test_acc': 0.7734806537628174, 'test_precision': 0.20152592658996582, 'test_recall': 0.16516909003257751, 'test_f1': 0.18098898231983185, 'communication_cost': 30107168}
[ 2026-03-27 18:42:00 | node_6 | INFO ] 📢 Broadcasting metrics.
[ 2026-03-27 18:42:00 | node_2 | INFO ] 🎉 Round 98 of 100 finished.
[ 2026-03-27 18:42:00 | node_5 | INFO ] ⏹️  Gossiping exited for 10 equal rounds.
[ 2026-03-27 18:42:00 | node_2 | INFO ] 🗳️ [DETERMINISTIC] Train set assigned (No Voting). Size: 10
[ 2026-03-27 18:42:00 | node_5 | INFO ] 🔬 Evaluating...
[ 2026-03-27 18:42:00 | node_2 | INFO ] 🏋️‍♀️ Preparing training...
[ 2026-03-27 18:42:00 | node_3 | INFO ] 🎉 Round 98 of 100 finished.
[ 2026-03-27 18:42:00 | node_3 | INFO ] 🗳️ [DETERMINISTIC] Train set assigned (No Voting). Size: 10
[ 2026-03-27 18:42:00 | node_3 | INFO ] 🏋️‍♀️ Preparing training...
[ 2026-03-27 18:42:00 | node_4 | INFO ] 📈 Evaluated. Results: {'test_loss': 4.188352584838867, 'test_acc': 0.6740310192108154, 'test_precision': 0.27241042256355286, 'test_recall': 0.19549472630023956, 'test_f1': 0.21684688329696655, 'communication_cost': 33870564}
[ 2026-03-27 18:42:00 | node_4 | INFO ] 📢 Broadcasting metrics.
[ 2026-03-27 18:42:00 | node_8 | INFO ] ⏹️  Gossiping exited for 10 equal rounds.
[ 2026-03-27 18:42:01 | node_8 | INFO ] 🔬 Evaluating...
[ 2026-03-27 18:42:01 | node_7 | INFO ] ⏹️  Gossiping exited for 10 equal rounds.
[ 2026-03-27 18:42:01 | node_6 | INFO ] 🎉 Round 98 of 100 finished.
[ 2026-03-27 18:42:01 | node_7 | INFO ] 🔬 Evaluating...
[ 2026-03-27 18:42:01 | node_6 | INFO ] 🗳️ [DETERMINISTIC] Train set assigned (No Voting). Size: 10
[ 2026-03-27 18:42:01 | node_8 | INFO ] 📈 Evaluated. Results: {'test_loss': 7.422184467315674, 'test_acc': 0.8444444537162781, 'test_precision': 0.5714285969734192, 'test_recall': 0.523809552192688, 'test_f1': 0.5428571701049805, 'communication_cost': 22580376}
[ 2026-03-27 18:42:01 | node_8 | INFO ] 📢 Broadcasting metrics.
[ 2026-03-27 18:42:01 | node_6 | INFO ] 🏋️‍♀️ Preparing training...
[ 2026-03-27 18:42:01 | node_2 | INFO ] 🎓 Training step done.
[ 2026-03-27 18:42:01 | node_2 | INFO ] 🛠️ Calling force_add_local_model...
[ 2026-03-27 18:42:01 | node_9 | INFO ] ⏹️  Gossiping exited for 10 equal rounds.
[ 2026-03-27 18:42:01 | node_2 | INFO ] ✅ [FORCE] Local model added for round 98. (1/9)
[ 2026-03-27 18:42:01 | node_9 | INFO ] 🔬 Evaluating...
[ 2026-03-27 18:42:01 | node_7 | INFO ] 📈 Evaluated. Results: {'test_loss': 1.6637777090072632, 'test_acc': 0.8754863739013672, 'test_precision': 0.43345049023628235, 'test_recall': 0.41383135318756104, 'test_f1': 0.4202093482017517, 'communication_cost': 30107168}
[ 2026-03-27 18:42:01 | node_5 | INFO ] 📈 Evaluated. Results: {'test_loss': 0.8361897468566895, 'test_acc': 0.9040908813476562, 'test_precision': 0.2942991256713867, 'test_recall': 0.27896514534950256, 'test_f1': 0.284266859292984, 'communication_cost': 30107168}
[ 2026-03-27 18:42:01 | node_7 | INFO ] 📢 Broadcasting metrics.
[ 2026-03-27 18:42:01 | node_5 | INFO ] 📢 Broadcasting metrics.
[ 2026-03-27 18:42:01 | node | INFO ] 🎓 Training step done.
[ 2026-03-27 18:42:01 | node_1 | INFO ] 🎓 Training step done.
[ 2026-03-27 18:42:01 | node | INFO ] 🛠️ Calling force_add_local_model...
[ 2026-03-27 18:42:01 | node_1 | INFO ] 🛠️ Calling force_add_local_model...
[ 2026-03-27 18:42:01 | node | INFO ] ✅ [FORCE] Local model added for round 98. (1/8)
[ 2026-03-27 18:42:01 | node_1 | INFO ] ✅ [FORCE] Local model added for round 98. (1/10)
[ 2026-03-27 18:42:01 | node_4 | INFO ] 🎉 Round 98 of 100 finished.
[ 2026-03-27 18:42:01 | node_4 | INFO ] 🗳️ [DETERMINISTIC] Train set assigned (No Voting). Size: 10
[ 2026-03-27 18:42:01 | node_4 | INFO ] 🏋️‍♀️ Preparing training...
[ 2026-03-27 18:42:01 | node_9 | INFO ] 📈 Evaluated. Results: {'test_loss': 1.5738052129745483, 'test_acc': 0.8698501586914062, 'test_precision': 0.38780689239501953, 'test_recall': 0.3497684895992279, 'test_f1': 0.36202293634414673, 'communication_cost': 33870564}
[ 2026-03-27 18:42:01 | node_8 | INFO ] 🎉 Round 98 of 100 finished.
[ 2026-03-27 18:42:01 | node_8 | INFO ] 🗳️ [DETERMINISTIC] Train set assigned (No Voting). Size: 10
[ 2026-03-27 18:42:01 | node_9 | INFO ] 📢 Broadcasting metrics.
[ 2026-03-27 18:42:01 | node_8 | INFO ] 🏋️‍♀️ Preparing training...
[ 2026-03-27 18:42:02 | node_7 | INFO ] 🎉 Round 98 of 100 finished.
[ 2026-03-27 18:42:02 | node_7 | INFO ] 🗳️ [DETERMINISTIC] Train set assigned (No Voting). Size: 10
[ 2026-03-27 18:42:02 | node_3 | INFO ] 🎓 Training step done.
[ 2026-03-27 18:42:02 | node_3 | INFO ] 🛠️ Calling force_add_local_model...
[ 2026-03-27 18:42:02 | node_7 | INFO ] 🏋️‍♀️ Preparing training...
[ 2026-03-27 18:42:02 | node_3 | INFO ] ✅ [FORCE] Local model added for round 98. (1/9)
[ 2026-03-27 18:42:02 | node_5 | INFO ] 🎉 Round 98 of 100 finished.
[ 2026-03-27 18:42:02 | node_5 | INFO ] 🗳️ [DETERMINISTIC] Train set assigned (No Voting). Size: 10
[ 2026-03-27 18:42:02 | node_5 | INFO ] 🏋️‍♀️ Preparing training...
[ 2026-03-27 18:42:02 | node_9 | INFO ] 🎉 Round 98 of 100 finished.
[ 2026-03-27 18:42:02 | node_9 | INFO ] 🗳️ [DETERMINISTIC] Train set assigned (No Voting). Size: 10
[ 2026-03-27 18:42:02 | node_9 | INFO ] 🏋️‍♀️ Preparing training...
[ 2026-03-27 18:42:03 | node_5 | INFO ] 🎓 Training step done.
[ 2026-03-27 18:42:03 | node_5 | INFO ] 🛠️ Calling force_add_local_model...
[ 2026-03-27 18:42:03 | node_5 | INFO ] ✅ [FORCE] Local model added for round 98. (1/9)
[ 2026-03-27 18:42:03 | node_7 | INFO ] 🎓 Training step done.
[ 2026-03-27 18:42:03 | node_7 | INFO ] 🛠️ Calling force_add_local_model...
[ 2026-03-27 18:42:03 | node_8 | INFO ] 🎓 Training step done.
[ 2026-03-27 18:42:03 | node_7 | INFO ] ✅ [FORCE] Local model added for round 98. (1/9)
[ 2026-03-27 18:42:04 | node_8 | INFO ] 🛠️ Calling force_add_local_model...
[ 2026-03-27 18:42:04 | node_8 | INFO ] ✅ [FORCE] Local model added for round 98. (1/7)
[ 2026-03-27 18:42:04 | node_4 | INFO ] 🎓 Training step done.
[ 2026-03-27 18:42:04 | node_4 | INFO ] 🛠️ Calling force_add_local_model...
[ 2026-03-27 18:42:04 | node_4 | INFO ] ✅ [FORCE] Local model added for round 98. (1/10)
[ 2026-03-27 18:42:05 | node_6 | INFO ] 🎓 Training step done.
[ 2026-03-27 18:42:05 | node_6 | INFO ] 🛠️ Calling force_add_local_model...
[ 2026-03-27 18:42:05 | node_6 | INFO ] ✅ [FORCE] Local model added for round 98. (1/9)
[ 2026-03-27 18:42:06 | node_9 | INFO ] 🎓 Training step done.
[ 2026-03-27 18:42:06 | node_9 | INFO ] 🛠️ Calling force_add_local_model...
[ 2026-03-27 18:42:06 | node_9 | INFO ] ✅ [FORCE] Local model added for round 98. (1/10)
[ 2026-03-27 18:42:06 | node_2 | INFO ] 📤 Sending model to 8 direct neighbors: ['node', 'node_1', 'node_3', 'node_4', 'node_5', 'node_6', 'node_8', 'node_9']
[ 2026-03-27 18:42:06 | node | INFO ] 🧩 Model added for round 98 (2/8) from ['node_2']
[ 2026-03-27 18:42:06 | node_1 | INFO ] 🧩 Model added for round 98 (2/10) from ['node_2']
[ 2026-03-27 18:42:06 | node | INFO ] 📤 Sending model to 7 direct neighbors: ['node_1', 'node_2', 'node_3', 'node_4', 'node_6', 'node_7', 'node_9']
[ 2026-03-27 18:42:06 | node_1 | INFO ] 📤 Sending model to 9 direct neighbors: ['node', 'node_2', 'node_3', 'node_4', 'node_5', 'node_6', 'node_7', 'node_8', 'node_9']
[ 2026-03-27 18:42:06 | node_1 | INFO ] 🧩 Model added for round 98 (3/10) from ['node']
[ 2026-03-27 18:42:06 | node | INFO ] 🧩 Model added for round 98 (3/8) from ['node_1']
[ 2026-03-27 18:42:07 | node_3 | INFO ] 🧩 Model added for round 98 (2/9) from ['node_2']
[ 2026-03-27 18:42:07 | node_2 | INFO ] 🧩 Model added for round 98 (2/9) from ['node_1']
[ 2026-03-27 18:42:07 | node_3 | INFO ] 📤 Sending model to 8 direct neighbors: ['node', 'node_1', 'node_2', 'node_4', 'node_5', 'node_6', 'node_7', 'node_9']
[ 2026-03-27 18:42:07 | node_2 | INFO ] 🧩 Model added for round 98 (3/9) from ['node']
[ 2026-03-27 18:42:07 | node | INFO ] 🧩 Model added for round 98 (4/8) from ['node_3']
[ 2026-03-27 18:42:07 | node_4 | INFO ] 🧩 Model added for round 98 (2/10) from ['node_2']
[ 2026-03-27 18:42:07 | node_3 | INFO ] 🧩 Model added for round 98 (3/9) from ['node_1']
[ 2026-03-27 18:42:07 | node_3 | INFO ] 🧩 Model added for round 98 (4/9) from ['node']
[ 2026-03-27 18:42:07 | node_1 | INFO ] 🧩 Model added for round 98 (4/10) from ['node_3']
[ 2026-03-27 18:42:07 | node_5 | INFO ] 🧩 Model added for round 98 (2/9) from ['node_2']
[ 2026-03-27 18:42:07 | node_4 | INFO ] 🧩 Model added for round 98 (3/10) from ['node_1']
[ 2026-03-27 18:42:07 | node_4 | INFO ] 🧩 Model added for round 98 (4/10) from ['node']
[ 2026-03-27 18:42:07 | node_2 | INFO ] 🧩 Model added for round 98 (4/9) from ['node_3']
[ 2026-03-27 18:42:07 | node_6 | INFO ] 🧩 Model added for round 98 (2/9) from ['node_2']
[ 2026-03-27 18:42:08 | node_4 | INFO ] 🧩 Model added for round 98 (5/10) from ['node_3']
[ 2026-03-27 18:42:08 | node_6 | INFO ] 🧩 Model added for round 98 (3/9) from ['node']
[ 2026-03-27 18:42:08 | node_5 | INFO ] 🧩 Model added for round 98 (3/9) from ['node_1']
[ 2026-03-27 18:42:08 | node_8 | INFO ] 🧩 Model added for round 98 (2/7) from ['node_2']
[ 2026-03-27 18:42:08 | node_7 | INFO ] 🧩 Model added for round 98 (2/9) from ['node']
[ 2026-03-27 18:42:08 | node_5 | INFO ] 🧩 Model added for round 98 (4/9) from ['node_3']
[ 2026-03-27 18:42:08 | node_6 | INFO ] 🧩 Model added for round 98 (4/9) from ['node_1']
[ 2026-03-27 18:42:08 | node_9 | INFO ] 🧩 Model added for round 98 (2/10) from ['node_2']
[ 2026-03-27 18:42:08 | node_6 | INFO ] 🧩 Model added for round 98 (5/9) from ['node_3']
[ 2026-03-27 18:42:08 | node_9 | INFO ] 🧩 Model added for round 98 (3/10) from ['node']
[ 2026-03-27 18:42:08 | node_7 | INFO ] 🧩 Model added for round 98 (3/9) from ['node_1']
[ 2026-03-27 18:42:08 | node_5 | INFO ] 📤 Sending model to 8 direct neighbors: ['node_1', 'node_2', 'node_3', 'node_4', 'node_6', 'node_7', 'node_8', 'node_9']
[ 2026-03-27 18:42:08 | node_7 | INFO ] 🧩 Model added for round 98 (4/9) from ['node_3']
[ 2026-03-27 18:42:08 | node_8 | INFO ] 🧩 Model added for round 98 (3/7) from ['node_1']
[ 2026-03-27 18:42:08 | node_1 | INFO ] 🧩 Model added for round 98 (5/10) from ['node_5']
[ 2026-03-27 18:42:09 | node_7 | INFO ] 📤 Sending model to 8 direct neighbors: ['node', 'node_1', 'node_3', 'node_4', 'node_5', 'node_6', 'node_8', 'node_9']
[ 2026-03-27 18:42:09 | node_8 | INFO ] 📤 Sending model to 6 direct neighbors: ['node_1', 'node_2', 'node_4', 'node_5', 'node_7', 'node_9']
[ 2026-03-27 18:42:09 | node_9 | INFO ] 🧩 Model added for round 98 (4/10) from ['node_3']
[ 2026-03-27 18:42:09 | node_9 | INFO ] 🧩 Model added for round 98 (5/10) from ['node_1']
[ 2026-03-27 18:42:09 | node_1 | INFO ] 🧩 Model added for round 98 (6/10) from ['node_8']
[ 2026-03-27 18:42:09 | node | INFO ] 🧩 Model added for round 98 (5/8) from ['node_7']
[ 2026-03-27 18:42:09 | node_2 | INFO ] 🧩 Model added for round 98 (5/9) from ['node_5']
[ 2026-03-27 18:42:09 | node_1 | INFO ] 🧩 Model added for round 98 (7/10) from ['node_7']
[ 2026-03-27 18:42:09 | node_2 | INFO ] 🧩 Model added for round 98 (6/9) from ['node_8']
[ 2026-03-27 18:42:09 | node_3 | INFO ] 🧩 Model added for round 98 (5/9) from ['node_5']
[ 2026-03-27 18:42:09 | node_4 | INFO ] 📤 Sending model to 9 direct neighbors: ['node', 'node_1', 'node_2', 'node_3', 'node_5', 'node_6', 'node_7', 'node_8', 'node_9']
[ 2026-03-27 18:42:09 | node_3 | INFO ] 🧩 Model added for round 98 (6/9) from ['node_7']
[ 2026-03-27 18:42:09 | node | INFO ] 🧩 Model added for round 98 (6/8) from ['node_4']
[ 2026-03-27 18:42:09 | node_4 | INFO ] 🧩 Model added for round 98 (6/10) from ['node_8']
[ 2026-03-27 18:42:09 | node_4 | INFO ] 🧩 Model added for round 98 (7/10) from ['node_5']
[ 2026-03-27 18:42:10 | node_4 | INFO ] 🧩 Model added for round 98 (8/10) from ['node_7']
[ 2026-03-27 18:42:10 | node_1 | INFO ] 🧩 Model added for round 98 (8/10) from ['node_4']
[ 2026-03-27 18:42:10 | node_6 | INFO ] 📤 Sending model to 8 direct neighbors: ['node', 'node_1', 'node_2', 'node_3', 'node_4', 'node_5', 'node_7', 'node_9']
[ 2026-03-27 18:42:10 | node_5 | INFO ] 🧩 Model added for round 98 (5/9) from ['node_8']
[ 2026-03-27 18:42:10 | node_6 | INFO ] 🧩 Model added for round 98 (6/9) from ['node_5']
[ 2026-03-27 18:42:10 | node | INFO ] 🧩 Model added for round 98 (7/8) from ['node_6']
[ 2026-03-27 18:42:10 | node_2 | INFO ] 🧩 Model added for round 98 (7/9) from ['node_4']
[ 2026-03-27 18:42:10 | node_5 | INFO ] 🧩 Model added for round 98 (6/9) from ['node_7']
[ 2026-03-27 18:42:10 | node_7 | INFO ] 🧩 Model added for round 98 (5/9) from ['node_8']
[ 2026-03-27 18:42:10 | node_7 | INFO ] 🧩 Model added for round 98 (6/9) from ['node_5']
[ 2026-03-27 18:42:10 | node_1 | INFO ] 🧩 Model added for round 98 (9/10) from ['node_6']
[ 2026-03-27 18:42:10 | node_3 | INFO ] 🧩 Model added for round 98 (7/9) from ['node_4']
[ 2026-03-27 18:42:10 | node_6 | INFO ] 🧩 Model added for round 98 (7/9) from ['node_7']
[ 2026-03-27 18:42:10 | node_9 | INFO ] 🧩 Model added for round 98 (6/10) from ['node_8']
[ 2026-03-27 18:42:10 | node_2 | INFO ] 🧩 Model added for round 98 (8/9) from ['node_6']
[ 2026-03-27 18:42:10 | node_5 | INFO ] 🧩 Model added for round 98 (7/9) from ['node_4']
[ 2026-03-27 18:42:11 | node_8 | INFO ] 🧩 Model added for round 98 (4/7) from ['node_5']
[ 2026-03-27 18:42:11 | node_8 | INFO ] 🧩 Model added for round 98 (5/7) from ['node_7']
[ 2026-03-27 18:42:11 | node_9 | INFO ] 📤 Sending model to 9 direct neighbors: ['node', 'node_1', 'node_2', 'node_3', 'node_4', 'node_5', 'node_6', 'node_7', 'node_8']
[ 2026-03-27 18:42:11 | node_9 | INFO ] 🧩 Model added for round 98 (7/10) from ['node_5']
[ 2026-03-27 18:42:11 | node | INFO ] 🧩 Model added for round 98 (8/8) from ['node_9']
[ 2026-03-27 18:42:11 | node_3 | INFO ] 🧩 Model added for round 98 (8/9) from ['node_6']
[ 2026-03-27 18:42:11 | node_6 | INFO ] 🧩 Model added for round 98 (8/9) from ['node_4']
[ 2026-03-27 18:42:11 | node_9 | INFO ] 🧩 Model added for round 98 (8/10) from ['node_7']
[ 2026-03-27 18:42:11 | node_1 | INFO ] 🧩 Model added for round 98 (10/10) from ['node_9']
[ 2026-03-27 18:42:11 | node_7 | INFO ] 🧩 Model added for round 98 (7/9) from ['node_4']
[ 2026-03-27 18:42:11 | node_4 | INFO ] 🧩 Model added for round 98 (9/10) from ['node_6']
[ 2026-03-27 18:42:11 | node | INFO ] 🧠 Aggregation complete. Setting new model.
[ 2026-03-27 18:42:11 | node_2 | INFO ] 🧩 Model added for round 98 (9/9) from ['node_9']
[ 2026-03-27 18:42:11 | node_8 | INFO ] 🧩 Model added for round 98 (6/7) from ['node_4']
[ 2026-03-27 18:42:11 | node_1 | INFO ] 🧠 Aggregation complete. Setting new model.
[ 2026-03-27 18:42:11 | node_5 | INFO ] 🧩 Model added for round 98 (8/9) from ['node_6']
[ 2026-03-27 18:42:12 | node | INFO ] 🗣️ Gossiping aggregated model.
[ 2026-03-27 18:42:12 | node_1 | INFO ] 🗣️ Gossiping aggregated model.
[ 2026-03-27 18:42:12 | node_9 | INFO ] 🧩 Model added for round 98 (9/10) from ['node_4']
[ 2026-03-27 18:42:12 | node_3 | INFO ] 🧩 Model added for round 98 (9/9) from ['node_9']
[ 2026-03-27 18:42:12 | node_7 | INFO ] 🧩 Model added for round 98 (8/9) from ['node_6']
[ 2026-03-27 18:42:12 | node_2 | INFO ] 🧠 Aggregation complete. Setting new model.
[ 2026-03-27 18:42:12 | node_3 | INFO ] 🧠 Aggregation complete. Setting new model.
[ 2026-03-27 18:42:12 | node_2 | INFO ] 🗣️ Gossiping aggregated model.
[ 2026-03-27 18:42:12 | node_3 | INFO ] 🗣️ Gossiping aggregated model.
[ 2026-03-27 18:42:12 | node_4 | INFO ] 🧩 Model added for round 98 (10/10) from ['node_9']
[ 2026-03-27 18:42:12 | node_9 | INFO ] 🧩 Model added for round 98 (10/10) from ['node_6']
[ 2026-03-27 18:42:12 | node_5 | INFO ] 🧩 Model added for round 98 (9/9) from ['node_9']
[ 2026-03-27 18:42:12 | node_4 | INFO ] 🧠 Aggregation complete. Setting new model.
[ 2026-03-27 18:42:12 | node_5 | INFO ] 🧠 Aggregation complete. Setting new model.
[ 2026-03-27 18:42:13 | node_5 | INFO ] 🗣️ Gossiping aggregated model.
[ 2026-03-27 18:42:13 | node_4 | INFO ] 🗣️ Gossiping aggregated model.
[ 2026-03-27 18:42:13 | node_6 | INFO ] 🧩 Model added for round 98 (9/9) from ['node_9']
[ 2026-03-27 18:42:13 | node_7 | INFO ] 🧩 Model added for round 98 (9/9) from ['node_9']
[ 2026-03-27 18:42:13 | node_6 | INFO ] 🧠 Aggregation complete. Setting new model.
[ 2026-03-27 18:42:13 | node_7 | INFO ] 🧠 Aggregation complete. Setting new model.
[ 2026-03-27 18:42:13 | node_6 | INFO ] 🗣️ Gossiping aggregated model.
[ 2026-03-27 18:42:13 | node_7 | INFO ] 🗣️ Gossiping aggregated model.
[ 2026-03-27 18:42:13 | node_8 | INFO ] 🧩 Model added for round 98 (7/7) from ['node_9']
[ 2026-03-27 18:42:14 | node_8 | INFO ] 🧠 Aggregation complete. Setting new model.
[ 2026-03-27 18:42:14 | node_9 | INFO ] 🧠 Aggregation complete. Setting new model.
[ 2026-03-27 18:42:14 | node_8 | INFO ] 🗣️ Gossiping aggregated model.
[ 2026-03-27 18:42:14 | node_9 | INFO ] 🗣️ Gossiping aggregated model.
[ 2026-03-27 18:42:25 | node | INFO ] ⏹️  Gossiping exited for 10 equal rounds.
[ 2026-03-27 18:42:25 | node | INFO ] 🔬 Evaluating...
[ 2026-03-27 18:42:25 | node_1 | INFO ] ⏹️  Gossiping exited for 10 equal rounds.
[ 2026-03-27 18:42:25 | node_1 | INFO ] 🔬 Evaluating...
[ 2026-03-27 18:42:25 | node | INFO ] 📈 Evaluated. Results: {'test_loss': 2.5329790115356445, 'test_acc': 0.7344064116477966, 'test_precision': 0.26206710934638977, 'test_recall': 0.1971394270658493, 'test_f1': 0.22399112582206726, 'communication_cost': 26343772}
[ 2026-03-27 18:42:25 | node | INFO ] 📢 Broadcasting metrics.
[ 2026-03-27 18:42:25 | node_2 | INFO ] ⏹️  Gossiping exited for 10 equal rounds.
[ 2026-03-27 18:42:25 | node_2 | INFO ] 🔬 Evaluating...
[ 2026-03-27 18:42:25 | node_3 | INFO ] ⏹️  Gossiping exited for 10 equal rounds.
[ 2026-03-27 18:42:25 | node_3 | INFO ] 🔬 Evaluating...
[ 2026-03-27 18:42:25 | node_1 | INFO ] 📈 Evaluated. Results: {'test_loss': 0.9081246256828308, 'test_acc': 0.9487179517745972, 'test_precision': 0.6003348231315613, 'test_recall': 0.585776686668396, 'test_f1': 0.5924590229988098, 'communication_cost': 33870564}
[ 2026-03-27 18:42:25 | node_1 | INFO ] 📢 Broadcasting metrics.
[ 2026-03-27 18:42:25 | node_3 | INFO ] 📈 Evaluated. Results: {'test_loss': 8.412040710449219, 'test_acc': 0.4021163880825043, 'test_precision': 0.32901236414909363, 'test_recall': 0.12980003654956818, 'test_f1': 0.1632322520017624, 'communication_cost': 30107168}
[ 2026-03-27 18:42:25 | node_3 | INFO ] 📢 Broadcasting metrics.
[ 2026-03-27 18:42:25 | node_4 | INFO ] ⏹️  Gossiping exited for 10 equal rounds.
[ 2026-03-27 18:42:25 | node_4 | INFO ] 🔬 Evaluating...
[ 2026-03-27 18:42:26 | node | INFO ] 🎉 Round 99 of 100 finished.
[ 2026-03-27 18:42:26 | node | INFO ] 🗳️ [DETERMINISTIC] Train set assigned (No Voting). Size: 10
[ 2026-03-27 18:42:26 | node | INFO ] 🏋️‍♀️ Preparing training...
[ 2026-03-27 18:42:26 | node_5 | INFO ] ⏹️  Gossiping exited for 10 equal rounds.
[ 2026-03-27 18:42:26 | node_5 | INFO ] 🔬 Evaluating...
[ 2026-03-27 18:42:26 | node_2 | INFO ] 📈 Evaluated. Results: {'test_loss': 1.427890658378601, 'test_acc': 0.8873168230056763, 'test_precision': 0.42633122205734253, 'test_recall': 0.3940887153148651, 'test_f1': 0.408120334148407, 'communication_cost': 30107168}
[ 2026-03-27 18:42:26 | node_1 | INFO ] 🎉 Round 99 of 100 finished.
[ 2026-03-27 18:42:26 | node_1 | INFO ] 🗳️ [DETERMINISTIC] Train set assigned (No Voting). Size: 10
[ 2026-03-27 18:42:26 | node_2 | INFO ] 📢 Broadcasting metrics.
[ 2026-03-27 18:42:26 | node_1 | INFO ] 🏋️‍♀️ Preparing training...
[ 2026-03-27 18:42:26 | node_6 | INFO ] ⏹️  Gossiping exited for 10 equal rounds.
[ 2026-03-27 18:42:26 | node_6 | INFO ] 🔬 Evaluating...
[ 2026-03-27 18:42:26 | node_3 | INFO ] 🎉 Round 99 of 100 finished.
[ 2026-03-27 18:42:26 | node_3 | INFO ] 🗳️ [DETERMINISTIC] Train set assigned (No Voting). Size: 10
[ 2026-03-27 18:42:26 | node_3 | INFO ] 🏋️‍♀️ Preparing training...
[ 2026-03-27 18:42:26 | node_7 | INFO ] ⏹️  Gossiping exited for 10 equal rounds.
[ 2026-03-27 18:42:26 | node_7 | INFO ] 🔬 Evaluating...
[ 2026-03-27 18:42:26 | node_6 | INFO ] 📈 Evaluated. Results: {'test_loss': 3.101973533630371, 'test_acc': 0.7569060921669006, 'test_precision': 0.22418661415576935, 'test_recall': 0.20601359009742737, 'test_f1': 0.20341593027114868, 'communication_cost': 30107168}
[ 2026-03-27 18:42:26 | node_6 | INFO ] 📢 Broadcasting metrics.
[ 2026-03-27 18:42:26 | node_7 | INFO ] 📈 Evaluated. Results: {'test_loss': 2.6497297286987305, 'test_acc': 0.8949416279792786, 'test_precision': 0.41444721817970276, 'test_recall': 0.37826958298683167, 'test_f1': 0.39085957407951355, 'communication_cost': 30107168}
[ 2026-03-27 18:42:26 | node_5 | INFO ] 📈 Evaluated. Results: {'test_loss': 0.8135184645652771, 'test_acc': 0.932272732257843, 'test_precision': 0.3342106342315674, 'test_recall': 0.32402870059013367, 'test_f1': 0.32738199830055237, 'communication_cost': 30107168}
[ 2026-03-27 18:42:26 | node_4 | INFO ] 📈 Evaluated. Results: {'test_loss': 5.429281711578369, 'test_acc': 0.6139534711837769, 'test_precision': 0.29523807764053345, 'test_recall': 0.2027762532234192, 'test_f1': 0.22240591049194336, 'communication_cost': 33870564}
[ 2026-03-27 18:42:26 | node_7 | INFO ] 📢 Broadcasting metrics.
[ 2026-03-27 18:42:26 | node_5 | INFO ] 📢 Broadcasting metrics.
[ 2026-03-27 18:42:26 | node_4 | INFO ] 📢 Broadcasting metrics.
[ 2026-03-27 18:42:26 | node_8 | INFO ] ⏹️  Gossiping exited for 10 equal rounds.
[ 2026-03-27 18:42:26 | node_8 | INFO ] 🔬 Evaluating...
[ 2026-03-27 18:42:26 | node_2 | INFO ] 🎉 Round 99 of 100 finished.
[ 2026-03-27 18:42:26 | node_2 | INFO ] 🗳️ [DETERMINISTIC] Train set assigned (No Voting). Size: 10
[ 2026-03-27 18:42:27 | node_2 | INFO ] 🏋️‍♀️ Preparing training...
[ 2026-03-27 18:42:27 | node_8 | INFO ] 📈 Evaluated. Results: {'test_loss': 8.08148193359375, 'test_acc': 0.7555555701255798, 'test_precision': 0.5571428537368774, 'test_recall': 0.481601744890213, 'test_f1': 0.5135608315467834, 'communication_cost': 22580376}
[ 2026-03-27 18:42:27 | node_8 | INFO ] 📢 Broadcasting metrics.
[ 2026-03-27 18:42:27 | node_6 | INFO ] 🎉 Round 99 of 100 finished.
[ 2026-03-27 18:42:27 | node_9 | INFO ] ⏹️  Gossiping exited for 10 equal rounds.
[ 2026-03-27 18:42:27 | node_6 | INFO ] 🗳️ [DETERMINISTIC] Train set assigned (No Voting). Size: 10
[ 2026-03-27 18:42:27 | node_9 | INFO ] 🔬 Evaluating...
[ 2026-03-27 18:42:27 | node_6 | INFO ] 🏋️‍♀️ Preparing training...
[ 2026-03-27 18:42:27 | node | INFO ] 🎓 Training step done.
[ 2026-03-27 18:42:27 | node | INFO ] 🛠️ Calling force_add_local_model...
[ 2026-03-27 18:42:27 | node | INFO ] ✅ [FORCE] Local model added for round 99. (1/8)
[ 2026-03-27 18:42:27 | node_2 | INFO ] 🎓 Training step done.
[ 2026-03-27 18:42:27 | node_5 | INFO ] 🎉 Round 99 of 100 finished.
[ 2026-03-27 18:42:27 | node_2 | INFO ] 🛠️ Calling force_add_local_model...
[ 2026-03-27 18:42:27 | node_2 | INFO ] ✅ [FORCE] Local model added for round 99. (1/9)
[ 2026-03-27 18:42:27 | node_5 | INFO ] 🗳️ [DETERMINISTIC] Train set assigned (No Voting). Size: 10
[ 2026-03-27 18:42:27 | node_1 | INFO ] 🎓 Training step done.
[ 2026-03-27 18:42:27 | node_7 | INFO ] 🎉 Round 99 of 100 finished.
[ 2026-03-27 18:42:27 | node_1 | INFO ] 🛠️ Calling force_add_local_model...
[ 2026-03-27 18:42:27 | node_3 | INFO ] 🎓 Training step done.
[ 2026-03-27 18:42:27 | node_5 | INFO ] 🏋️‍♀️ Preparing training...
[ 2026-03-27 18:42:27 | node_1 | INFO ] ✅ [FORCE] Local model added for round 99. (1/10)
[ 2026-03-27 18:42:27 | node_3 | INFO ] 🛠️ Calling force_add_local_model...
[ 2026-03-27 18:42:27 | node_7 | INFO ] 🗳️ [DETERMINISTIC] Train set assigned (No Voting). Size: 10
[ 2026-03-27 18:42:27 | node_7 | INFO ] 🏋️‍♀️ Preparing training...
[ 2026-03-27 18:42:27 | node_8 | INFO ] 🎉 Round 99 of 100 finished.
[ 2026-03-27 18:42:27 | node_3 | INFO ] ✅ [FORCE] Local model added for round 99. (1/9)
[ 2026-03-27 18:42:27 | node_8 | INFO ] 🗳️ [DETERMINISTIC] Train set assigned (No Voting). Size: 10
[ 2026-03-27 18:42:27 | node_4 | INFO ] 🎉 Round 99 of 100 finished.
[ 2026-03-27 18:42:27 | node_4 | INFO ] 🗳️ [DETERMINISTIC] Train set assigned (No Voting). Size: 10
[ 2026-03-27 18:42:27 | node_8 | INFO ] 🏋️‍♀️ Preparing training...
[ 2026-03-27 18:42:27 | node_4 | INFO ] 🏋️‍♀️ Preparing training...
[ 2026-03-27 18:42:27 | node_9 | INFO ] 📈 Evaluated. Results: {'test_loss': 1.775003433227539, 'test_acc': 0.8848314881324768, 'test_precision': 0.42502066493034363, 'test_recall': 0.39109596610069275, 'test_f1': 0.3966923654079437, 'communication_cost': 33870564}
[ 2026-03-27 18:42:27 | node_9 | INFO ] 📢 Broadcasting metrics.
[ 2026-03-27 18:42:28 | node_9 | INFO ] 🎉 Round 99 of 100 finished.
[ 2026-03-27 18:42:28 | node_9 | INFO ] 🗳️ [DETERMINISTIC] Train set assigned (No Voting). Size: 10
[ 2026-03-27 18:42:28 | node_9 | INFO ] 🏋️‍♀️ Preparing training...
[ 2026-03-27 18:42:29 | node_5 | INFO ] 🎓 Training step done.
[ 2026-03-27 18:42:29 | node_5 | INFO ] 🛠️ Calling force_add_local_model...
[ 2026-03-27 18:42:29 | node_5 | INFO ] ✅ [FORCE] Local model added for round 99. (1/9)
[ 2026-03-27 18:42:29 | node_7 | INFO ] 🎓 Training step done.
[ 2026-03-27 18:42:29 | node_7 | INFO ] 🛠️ Calling force_add_local_model...
[ 2026-03-27 18:42:29 | node_7 | INFO ] ✅ [FORCE] Local model added for round 99. (1/9)
[ 2026-03-27 18:42:29 | node_8 | INFO ] 🎓 Training step done.
[ 2026-03-27 18:42:29 | node_8 | INFO ] 🛠️ Calling force_add_local_model...
[ 2026-03-27 18:42:29 | node_8 | INFO ] ✅ [FORCE] Local model added for round 99. (1/7)
[ 2026-03-27 18:42:30 | node_4 | INFO ] 🎓 Training step done.
[ 2026-03-27 18:42:30 | node_4 | INFO ] 🛠️ Calling force_add_local_model...
[ 2026-03-27 18:42:30 | node_4 | INFO ] ✅ [FORCE] Local model added for round 99. (1/10)
[ 2026-03-27 18:42:30 | node_6 | INFO ] 🎓 Training step done.
[ 2026-03-27 18:42:30 | node_6 | INFO ] 🛠️ Calling force_add_local_model...
[ 2026-03-27 18:42:30 | node_6 | INFO ] ✅ [FORCE] Local model added for round 99. (1/9)
[ 2026-03-27 18:42:31 | node_9 | INFO ] 🎓 Training step done.
[ 2026-03-27 18:42:31 | node_9 | INFO ] 🛠️ Calling force_add_local_model...
[ 2026-03-27 18:42:31 | node_9 | INFO ] ✅ [FORCE] Local model added for round 99. (1/10)
[ 2026-03-27 18:42:32 | node | INFO ] 📤 Sending model to 7 direct neighbors: ['node_1', 'node_2', 'node_3', 'node_4', 'node_6', 'node_7', 'node_9']
[ 2026-03-27 18:42:32 | node_2 | INFO ] 📤 Sending model to 8 direct neighbors: ['node', 'node_1', 'node_3', 'node_4', 'node_5', 'node_6', 'node_8', 'node_9']
[ 2026-03-27 18:42:32 | node_1 | INFO ] 🧩 Model added for round 99 (2/10) from ['node']
[ 2026-03-27 18:42:32 | node_1 | INFO ] 📤 Sending model to 9 direct neighbors: ['node', 'node_2', 'node_3', 'node_4', 'node_5', 'node_6', 'node_7', 'node_8', 'node_9']
[ 2026-03-27 18:42:32 | node_3 | INFO ] 📤 Sending model to 8 direct neighbors: ['node', 'node_1', 'node_2', 'node_4', 'node_5', 'node_6', 'node_7', 'node_9']
[ 2026-03-27 18:42:32 | node | INFO ] 🧩 Model added for round 99 (2/8) from ['node_2']
[ 2026-03-27 18:42:32 | node | INFO ] 🧩 Model added for round 99 (3/8) from ['node_1']
[ 2026-03-27 18:42:32 | node | INFO ] 🧩 Model added for round 99 (4/8) from ['node_3']
[ 2026-03-27 18:42:32 | node_2 | INFO ] 🧩 Model added for round 99 (2/9) from ['node']
[ 2026-03-27 18:42:33 | node_1 | INFO ] 🧩 Model added for round 99 (3/10) from ['node_2']
[ 2026-03-27 18:42:33 | node_1 | INFO ] 🧩 Model added for round 99 (4/10) from ['node_3']
[ 2026-03-27 18:42:33 | node_2 | INFO ] 🧩 Model added for round 99 (3/9) from ['node_1']
[ 2026-03-27 18:42:33 | node_3 | INFO ] 🧩 Model added for round 99 (2/9) from ['node']
[ 2026-03-27 18:42:33 | node_3 | INFO ] 🧩 Model added for round 99 (3/9) from ['node_2']
[ 2026-03-27 18:42:33 | node_2 | INFO ] 🧩 Model added for round 99 (4/9) from ['node_3']
[ 2026-03-27 18:42:33 | node_3 | INFO ] 🧩 Model added for round 99 (4/9) from ['node_1']
[ 2026-03-27 18:42:33 | node_4 | INFO ] 🧩 Model added for round 99 (2/10) from ['node']
[ 2026-03-27 18:42:33 | node_4 | INFO ] 🧩 Model added for round 99 (3/10) from ['node_3']
[ 2026-03-27 18:42:33 | node_4 | INFO ] 🧩 Model added for round 99 (4/10) from ['node_2']
[ 2026-03-27 18:42:33 | node_4 | INFO ] 🧩 Model added for round 99 (5/10) from ['node_1']
[ 2026-03-27 18:42:33 | node_6 | INFO ] 🧩 Model added for round 99 (2/9) from ['node']
[ 2026-03-27 18:42:33 | node_5 | INFO ] 🧩 Model added for round 99 (2/9) from ['node_3']
[ 2026-03-27 18:42:33 | node_5 | INFO ] 🧩 Model added for round 99 (3/9) from ['node_2']
[ 2026-03-27 18:42:34 | node_5 | INFO ] 📤 Sending model to 8 direct neighbors: ['node_1', 'node_2', 'node_3', 'node_4', 'node_6', 'node_7', 'node_8', 'node_9']
[ 2026-03-27 18:42:34 | node_5 | INFO ] 🧩 Model added for round 99 (4/9) from ['node_1']
[ 2026-03-27 18:42:34 | node_7 | INFO ] 🧩 Model added for round 99 (2/9) from ['node']
[ 2026-03-27 18:42:34 | node_1 | INFO ] 🧩 Model added for round 99 (5/10) from ['node_5']
[ 2026-03-27 18:42:34 | node_6 | INFO ] 🧩 Model added for round 99 (3/9) from ['node_2']
[ 2026-03-27 18:42:34 | node_6 | INFO ] 🧩 Model added for round 99 (4/9) from ['node_3']
[ 2026-03-27 18:42:34 | node_6 | INFO ] 🧩 Model added for round 99 (5/9) from ['node_1']
[ 2026-03-27 18:42:34 | node_7 | INFO ] 📤 Sending model to 8 direct neighbors: ['node', 'node_1', 'node_3', 'node_4', 'node_5', 'node_6', 'node_8', 'node_9']
[ 2026-03-27 18:42:34 | node_9 | INFO ] 🧩 Model added for round 99 (2/10) from ['node']
[ 2026-03-27 18:42:34 | node_8 | INFO ] 🧩 Model added for round 99 (2/7) from ['node_2']
[ 2026-03-27 18:42:34 | node_2 | INFO ] 🧩 Model added for round 99 (5/9) from ['node_5']
[ 2026-03-27 18:42:34 | node | INFO ] 🧩 Model added for round 99 (5/8) from ['node_7']
[ 2026-03-27 18:42:34 | node_7 | INFO ] 🧩 Model added for round 99 (3/9) from ['node_1']
[ 2026-03-27 18:42:34 | node_7 | INFO ] 🧩 Model added for round 99 (4/9) from ['node_3']
[ 2026-03-27 18:42:34 | node_8 | INFO ] 📤 Sending model to 6 direct neighbors: ['node_1', 'node_2', 'node_4', 'node_5', 'node_7', 'node_9']
[ 2026-03-27 18:42:34 | node_9 | INFO ] 🧩 Model added for round 99 (3/10) from ['node_2']
[ 2026-03-27 18:42:35 | node_1 | INFO ] 🧩 Model added for round 99 (6/10) from ['node_7']
[ 2026-03-27 18:42:35 | node_8 | INFO ] 🧩 Model added for round 99 (3/7) from ['node_1']
[ 2026-03-27 18:42:35 | node_3 | INFO ] 🧩 Model added for round 99 (5/9) from ['node_5']
[ 2026-03-27 18:42:35 | node_1 | INFO ] 🧩 Model added for round 99 (7/10) from ['node_8']
[ 2026-03-27 18:42:35 | node_9 | INFO ] 🧩 Model added for round 99 (4/10) from ['node_3']
[ 2026-03-27 18:42:35 | node_4 | INFO ] 📤 Sending model to 9 direct neighbors: ['node', 'node_1', 'node_2', 'node_3', 'node_5', 'node_6', 'node_7', 'node_8', 'node_9']
[ 2026-03-27 18:42:35 | node_9 | INFO ] 🧩 Model added for round 99 (5/10) from ['node_1']
[ 2026-03-27 18:42:35 | node_4 | INFO ] 🧩 Model added for round 99 (6/10) from ['node_5']
[ 2026-03-27 18:42:35 | node_2 | INFO ] 🧩 Model added for round 99 (6/9) from ['node_8']
[ 2026-03-27 18:42:35 | node_3 | INFO ] 🧩 Model added for round 99 (6/9) from ['node_7']
[ 2026-03-27 18:42:35 | node | INFO ] 🧩 Model added for round 99 (6/8) from ['node_4']
[ 2026-03-27 18:42:35 | node_6 | INFO ] 🧩 Model added for round 99 (6/9) from ['node_5']
[ 2026-03-27 18:42:35 | node_4 | INFO ] 🧩 Model added for round 99 (7/10) from ['node_8']
[ 2026-03-27 18:42:35 | node_4 | INFO ] 🧩 Model added for round 99 (8/10) from ['node_7']
[ 2026-03-27 18:42:35 | node_1 | INFO ] 🧩 Model added for round 99 (8/10) from ['node_4']
[ 2026-03-27 18:42:35 | node_6 | INFO ] 📤 Sending model to 8 direct neighbors: ['node', 'node_1', 'node_2', 'node_3', 'node_4', 'node_5', 'node_7', 'node_9']
[ 2026-03-27 18:42:36 | node_7 | INFO ] 🧩 Model added for round 99 (5/9) from ['node_5']
[ 2026-03-27 18:42:36 | node_5 | INFO ] 🧩 Model added for round 99 (5/9) from ['node_8']
[ 2026-03-27 18:42:36 | node | INFO ] 🧩 Model added for round 99 (7/8) from ['node_6']
[ 2026-03-27 18:42:36 | node_5 | INFO ] 🧩 Model added for round 99 (6/9) from ['node_7']
[ 2026-03-27 18:42:36 | node_2 | INFO ] 🧩 Model added for round 99 (7/9) from ['node_4']
[ 2026-03-27 18:42:36 | node_8 | INFO ] 🧩 Model added for round 99 (4/7) from ['node_5']
[ 2026-03-27 18:42:36 | node_1 | INFO ] 🧩 Model added for round 99 (9/10) from ['node_6']
[ 2026-03-27 18:42:36 | node_6 | INFO ] 🧩 Model added for round 99 (7/9) from ['node_7']
[ 2026-03-27 18:42:36 | node_7 | INFO ] 🧩 Model added for round 99 (6/9) from ['node_8']
[ 2026-03-27 18:42:36 | node_3 | INFO ] 🧩 Model added for round 99 (7/9) from ['node_4']
[ 2026-03-27 18:42:36 | node_9 | INFO ] 🧩 Model added for round 99 (6/10) from ['node_5']
[ 2026-03-27 18:42:36 | node_8 | INFO ] 🧩 Model added for round 99 (5/7) from ['node_7']
[ 2026-03-27 18:42:36 | node_2 | INFO ] 🧩 Model added for round 99 (8/9) from ['node_6']
[ 2026-03-27 18:42:36 | node_5 | INFO ] 🧩 Model added for round 99 (7/9) from ['node_4']
[ 2026-03-27 18:42:36 | node_9 | INFO ] 🧩 Model added for round 99 (7/10) from ['node_8']
[ 2026-03-27 18:42:36 | node_9 | INFO ] 🧩 Model added for round 99 (8/10) from ['node_7']
[ 2026-03-27 18:42:36 | node_9 | INFO ] 📤 Sending model to 9 direct neighbors: ['node', 'node_1', 'node_2', 'node_3', 'node_4', 'node_5', 'node_6', 'node_7', 'node_8']
[ 2026-03-27 18:42:37 | node_3 | INFO ] 🧩 Model added for round 99 (8/9) from ['node_6']
[ 2026-03-27 18:42:37 | node | INFO ] 🧩 Model added for round 99 (8/8) from ['node_9']
[ 2026-03-27 18:42:37 | node_6 | INFO ] 🧩 Model added for round 99 (8/9) from ['node_4']
[ 2026-03-27 18:42:37 | node_4 | INFO ] 🧩 Model added for round 99 (9/10) from ['node_6']
[ 2026-03-27 18:42:37 | node_1 | INFO ] 🧩 Model added for round 99 (10/10) from ['node_9']
[ 2026-03-27 18:42:37 | node_7 | INFO ] 🧩 Model added for round 99 (7/9) from ['node_4']
[ 2026-03-27 18:42:37 | node_5 | INFO ] 🧩 Model added for round 99 (8/9) from ['node_6']
[ 2026-03-27 18:42:37 | node | INFO ] 🧠 Aggregation complete. Setting new model.
[ 2026-03-27 18:42:37 | node_2 | INFO ] 🧩 Model added for round 99 (9/9) from ['node_9']
[ 2026-03-27 18:42:37 | node | INFO ] 🗣️ Gossiping aggregated model.
[ 2026-03-27 18:42:37 | node_7 | INFO ] 🧩 Model added for round 99 (8/9) from ['node_6']
[ 2026-03-27 18:42:37 | node_1 | INFO ] 🧠 Aggregation complete. Setting new model.
[ 2026-03-27 18:42:37 | node_8 | INFO ] 🧩 Model added for round 99 (6/7) from ['node_4']
[ 2026-03-27 18:42:38 | node_3 | INFO ] 🧩 Model added for round 99 (9/9) from ['node_9']
[ 2026-03-27 18:42:38 | node_1 | INFO ] 🗣️ Gossiping aggregated model.
[ 2026-03-27 18:42:38 | node_9 | INFO ] 🧩 Model added for round 99 (9/10) from ['node_4']
[ 2026-03-27 18:42:38 | node_2 | INFO ] 🧠 Aggregation complete. Setting new model.
[ 2026-03-27 18:42:38 | node_9 | INFO ] 🧩 Model added for round 99 (10/10) from ['node_6']
[ 2026-03-27 18:42:38 | node_3 | INFO ] 🧠 Aggregation complete. Setting new model.
[ 2026-03-27 18:42:38 | node_4 | INFO ] 🧩 Model added for round 99 (10/10) from ['node_9']
[ 2026-03-27 18:42:38 | node_2 | INFO ] 🗣️ Gossiping aggregated model.
[ 2026-03-27 18:42:38 | node_3 | INFO ] 🗣️ Gossiping aggregated model.
[ 2026-03-27 18:42:38 | node_5 | INFO ] 🧩 Model added for round 99 (9/9) from ['node_9']
[ 2026-03-27 18:42:38 | node_4 | INFO ] 🧠 Aggregation complete. Setting new model.
[ 2026-03-27 18:42:38 | node_5 | INFO ] 🧠 Aggregation complete. Setting new model.
[ 2026-03-27 18:42:38 | node_6 | INFO ] 🧩 Model added for round 99 (9/9) from ['node_9']
[ 2026-03-27 18:42:38 | node_6 | INFO ] 🧠 Aggregation complete. Setting new model.
[ 2026-03-27 18:42:39 | node_4 | INFO ] 🗣️ Gossiping aggregated model.
[ 2026-03-27 18:42:39 | node_6 | INFO ] 🗣️ Gossiping aggregated model.
[ 2026-03-27 18:42:39 | node_5 | INFO ] 🗣️ Gossiping aggregated model.
[ 2026-03-27 18:42:39 | node_7 | INFO ] 🧩 Model added for round 99 (9/9) from ['node_9']
[ 2026-03-27 18:42:39 | node_8 | INFO ] 🧩 Model added for round 99 (7/7) from ['node_9']
[ 2026-03-27 18:42:39 | node_7 | INFO ] 🧠 Aggregation complete. Setting new model.
[ 2026-03-27 18:42:39 | node_8 | INFO ] 🧠 Aggregation complete. Setting new model.
[ 2026-03-27 18:42:39 | node_9 | INFO ] 🧠 Aggregation complete. Setting new model.
[ 2026-03-27 18:42:40 | node_8 | INFO ] 🗣️ Gossiping aggregated model.
[ 2026-03-27 18:42:40 | node_7 | INFO ] 🗣️ Gossiping aggregated model.
[ 2026-03-27 18:42:40 | node_9 | INFO ] 🗣️ Gossiping aggregated model.
[ 2026-03-27 18:42:51 | node_1 | INFO ] ⏹️  Gossiping exited for 10 equal rounds.
[ 2026-03-27 18:42:51 | node_1 | INFO ] 🔬 Evaluating...
[ 2026-03-27 18:42:51 | node_1 | INFO ] 📈 Evaluated. Results: {'test_loss': 0.6560108065605164, 'test_acc': 0.9684418439865112, 'test_precision': 0.6606059670448303, 'test_recall': 0.6490048766136169, 'test_f1': 0.6543751955032349, 'communication_cost': 33870564}
[ 2026-03-27 18:42:51 | node_1 | INFO ] 📢 Broadcasting metrics.
[ 2026-03-27 18:42:51 | node_4 | INFO ] ⏹️  Gossiping exited for 10 equal rounds.
[ 2026-03-27 18:42:51 | node_4 | INFO ] 🔬 Evaluating...
[ 2026-03-27 18:42:51 | node_5 | INFO ] ⏹️  Gossiping exited for 10 equal rounds.
[ 2026-03-27 18:42:51 | node_5 | INFO ] 🔬 Evaluating...
[ 2026-03-27 18:42:52 | node_1 | INFO ] 🎉 Round 100 of 100 finished.
[ 2026-03-27 18:42:52 | node_1 | INFO ] 😋 Training finished!!
[ 2026-03-27 18:42:52 | node_4 | INFO ] 📈 Evaluated. Results: {'test_loss': 3.435173749923706, 'test_acc': 0.7011628150939941, 'test_precision': 0.27766701579093933, 'test_recall': 0.21590881049633026, 'test_f1': 0.23503844439983368, 'communication_cost': 33870564}
[ 2026-03-27 18:42:52 | node_4 | INFO ] 📢 Broadcasting metrics.
[ 2026-03-27 18:42:52 | node_5 | INFO ] 📈 Evaluated. Results: {'test_loss': 1.1547800302505493, 'test_acc': 0.8945454359054565, 'test_precision': 0.36864936351776123, 'test_recall': 0.35245147347450256, 'test_f1': 0.35879814624786377, 'communication_cost': 30107168}
[ 2026-03-27 18:42:52 | node_5 | INFO ] 📢 Broadcasting metrics.
[ 2026-03-27 18:42:52 | node_4 | INFO ] 🎉 Round 100 of 100 finished.
[ 2026-03-27 18:42:52 | node_4 | INFO ] 😋 Training finished!!
[ 2026-03-27 18:42:53 | node_5 | INFO ] 🎉 Round 100 of 100 finished.
[ 2026-03-27 18:42:53 | node_5 | INFO ] 😋 Training finished!!
[ 2026-03-27 18:42:53 | node_8 | INFO ] ⏹️  Gossiping exited for 10 equal rounds.
[ 2026-03-27 18:42:53 | node_8 | INFO ] 🔬 Evaluating...
[ 2026-03-27 18:42:53 | node_8 | INFO ] 📈 Evaluated. Results: {'test_loss': 6.061004638671875, 'test_acc': 0.8222222328186035, 'test_precision': 0.5604395866394043, 'test_recall': 0.5173160433769226, 'test_f1': 0.5338205695152283, 'communication_cost': 22580376}
[ 2026-03-27 18:42:53 | node_8 | INFO ] 📢 Broadcasting metrics.
[ 2026-03-27 18:42:53 | node_8 | INFO ] 🎉 Round 100 of 100 finished.
[ 2026-03-27 18:42:53 | node_8 | INFO ] 😋 Training finished!!
[ 2026-03-27 18:43:01 | node | INFO ] ⏹️  Gossiping exited for 10 equal rounds.
[ 2026-03-27 18:43:01 | node | INFO ] 🔬 Evaluating...
[ 2026-03-27 18:43:02 | node | INFO ] 📈 Evaluated. Results: {'test_loss': 3.0595996379852295, 'test_acc': 0.7193158864974976, 'test_precision': 0.2709740102291107, 'test_recall': 0.19837862253189087, 'test_f1': 0.22813862562179565, 'communication_cost': 26343772}
[ 2026-03-27 18:43:02 | node | INFO ] 📢 Broadcasting metrics.
[ 2026-03-27 18:43:02 | node | INFO ] 🎉 Round 100 of 100 finished.
[ 2026-03-27 18:43:02 | node | INFO ] 😋 Training finished!!
[ 2026-03-27 18:43:03 | node_2 | INFO ] ⏹️  Gossiping exited for 10 equal rounds.
[ 2026-03-27 18:43:03 | node_2 | INFO ] 🔬 Evaluating...
[ 2026-03-27 18:43:03 | node_3 | INFO ] ⏹️  Gossiping exited for 10 equal rounds.
[ 2026-03-27 18:43:03 | node_3 | INFO ] 🔬 Evaluating...
[ 2026-03-27 18:43:03 | node_7 | INFO ] ⏹️  Gossiping exited for 10 equal rounds.
[ 2026-03-27 18:43:03 | node_6 | INFO ] ⏹️  Gossiping exited for 10 equal rounds.
[ 2026-03-27 18:43:03 | node_7 | INFO ] 🔬 Evaluating...
[ 2026-03-27 18:43:03 | node_6 | INFO ] 🔬 Evaluating...
[ 2026-03-27 18:43:03 | node_3 | INFO ] 📈 Evaluated. Results: {'test_loss': 3.3725695610046387, 'test_acc': 0.6402116417884827, 'test_precision': 0.27821871638298035, 'test_recall': 0.17936553061008453, 'test_f1': 0.21643489599227905, 'communication_cost': 30107168}
[ 2026-03-27 18:43:03 | node_3 | INFO ] 📢 Broadcasting metrics.
[ 2026-03-27 18:43:03 | node_6 | INFO ] 📈 Evaluated. Results: {'test_loss': 3.022933006286621, 'test_acc': 0.7900552749633789, 'test_precision': 0.3038674294948578, 'test_recall': 0.2529749274253845, 'test_f1': 0.2754315137863159, 'communication_cost': 30107168}
[ 2026-03-27 18:43:03 | node_6 | INFO ] 📢 Broadcasting metrics.
[ 2026-03-27 18:43:03 | node_7 | INFO ] 📈 Evaluated. Results: {'test_loss': 2.0151290893554688, 'test_acc': 0.9377431869506836, 'test_precision': 0.49601632356643677, 'test_recall': 0.49887174367904663, 'test_f1': 0.4935169816017151, 'communication_cost': 30107168}
[ 2026-03-27 18:43:03 | node_9 | INFO ] ⏹️  Gossiping exited for 10 equal rounds.
[ 2026-03-27 18:43:03 | node_7 | INFO ] 📢 Broadcasting metrics.
[ 2026-03-27 18:43:03 | node_9 | INFO ] 🔬 Evaluating...
[ 2026-03-27 18:43:03 | node_2 | INFO ] 📈 Evaluated. Results: {'test_loss': 1.0413663387298584, 'test_acc': 0.9216775894165039, 'test_precision': 0.4821957051753998, 'test_recall': 0.463705837726593, 'test_f1': 0.47146275639533997, 'communication_cost': 30107168}
[ 2026-03-27 18:43:03 | node_2 | INFO ] 📢 Broadcasting metrics.
[ 2026-03-27 18:43:03 | node_3 | INFO ] 🎉 Round 100 of 100 finished.
[ 2026-03-27 18:43:03 | node_6 | INFO ] 🎉 Round 100 of 100 finished.
[ 2026-03-27 18:43:03 | node_3 | INFO ] 😋 Training finished!!
[ 2026-03-27 18:43:03 | node_6 | INFO ] 😋 Training finished!!
[ 2026-03-27 18:43:03 | node_9 | INFO ] 📈 Evaluated. Results: {'test_loss': 1.3051083087921143, 'test_acc': 0.8979400992393494, 'test_precision': 0.473803848028183, 'test_recall': 0.44402119517326355, 'test_f1': 0.45343467593193054, 'communication_cost': 33870564}
[ 2026-03-27 18:43:03 | node_9 | INFO ] 📢 Broadcasting metrics.
[ 2026-03-27 18:43:03 | node_7 | INFO ] 🎉 Round 100 of 100 finished.
[ 2026-03-27 18:43:03 | node_7 | INFO ] 😋 Training finished!!
[ 2026-03-27 18:43:04 | node_2 | INFO ] 🎉 Round 100 of 100 finished.
[ 2026-03-27 18:43:04 | node_2 | INFO ] 😋 Training finished!!
[ 2026-03-27 18:43:04 | node_9 | INFO ] 🎉 Round 100 of 100 finished.
[ 2026-03-27 18:43:04 | node_9 | INFO ] 😋 Training finished!!
[ 2026-03-27 18:43:05 | None | INFO ] 🏁 All nodes finished training. Waiting 10s for final synchronization...
[ 2026-03-27 18:43:15 | node | INFO ] Stopping node...
[ 2026-03-27 18:43:15 | node | INFO ] 🛑 Stopping gossiper...
[ 2026-03-27 18:43:15 | node | INFO ] InMemoryServer stopped at node
[ 2026-03-27 18:43:15 | node_1 | INFO ] Stopping node...
[ 2026-03-27 18:43:15 | node_1 | INFO ] 🛑 Stopping gossiper...
[ 2026-03-27 18:43:15 | node_1 | INFO ] InMemoryServer stopped at node_1
[ 2026-03-27 18:43:15 | node_2 | INFO ] Stopping node...
[ 2026-03-27 18:43:15 | node_2 | INFO ] 🛑 Stopping gossiper...
[ 2026-03-27 18:43:15 | node_2 | INFO ] InMemoryServer stopped at node_2
[ 2026-03-27 18:43:15 | node_3 | INFO ] Stopping node...
[ 2026-03-27 18:43:15 | node_3 | INFO ] 🛑 Stopping gossiper...
[ 2026-03-27 18:43:15 | node_3 | INFO ] InMemoryServer stopped at node_3
[ 2026-03-27 18:43:15 | node_4 | INFO ] Stopping node...
[ 2026-03-27 18:43:15 | node_4 | INFO ] 🛑 Stopping gossiper...
[ 2026-03-27 18:43:15 | node_4 | INFO ] InMemoryServer stopped at node_4
[ 2026-03-27 18:43:15 | node_5 | INFO ] Stopping node...
[ 2026-03-27 18:43:15 | node_5 | INFO ] 🛑 Stopping gossiper...
[ 2026-03-27 18:43:15 | node_5 | INFO ] InMemoryServer stopped at node_5
[ 2026-03-27 18:43:15 | node_6 | INFO ] Stopping node...
[ 2026-03-27 18:43:15 | node_6 | INFO ] 🛑 Stopping gossiper...
[ 2026-03-27 18:43:15 | node_6 | INFO ] InMemoryServer stopped at node_6
[ 2026-03-27 18:43:15 | node_7 | INFO ] Stopping node...
[ 2026-03-27 18:43:15 | node_7 | INFO ] 🛑 Stopping gossiper...
[ 2026-03-27 18:43:15 | node_7 | INFO ] InMemoryServer stopped at node_7
[ 2026-03-27 18:43:15 | node_8 | INFO ] Stopping node...
[ 2026-03-27 18:43:15 | node_8 | INFO ] 🛑 Stopping gossiper...
[ 2026-03-27 18:43:15 | node_8 | INFO ] InMemoryServer stopped at node_8
[ 2026-03-27 18:43:16 | node_9 | INFO ] Stopping node...
[ 2026-03-27 18:43:16 | node_9 | INFO ] 🛑 Stopping gossiper...
[ 2026-03-27 18:43:16 | node_9 | INFO ] InMemoryServer stopped at node_9
