[ 2026-03-20 05:49:45 | None | INFO ] Created experiment folder: /mnt/c/Users/thaih/HK252/DATN/p2pfl/experiments/fraudTrain.csv_fraudTest.csv_RandomIIDPartitionStrategy_DFedAdp_model_build_fn_20260320_054945 and copied test.yaml
[ 2026-03-20 05:49:45 | None | INFO ] Set simulation heartbeat: timeout=300s, period=10s
[ 2026-03-20 05:50:56 | node | INFO ] InMemoryServer started at node
[ 2026-03-20 05:50:56 | node | INFO ] 🏁 Starting gossiper...
[ 2026-03-20 05:50:56 | None | INFO ] 🚀 Created 0/3 nodes, waiting 1.00s for CPU to breathe...
[ 2026-03-20 05:50:56 | node_1 | INFO ] InMemoryServer started at node_1
[ 2026-03-20 05:50:56 | node_1 | INFO ] 🏁 Starting gossiper...
[ 2026-03-20 05:50:57 | node_2 | INFO ] InMemoryServer started at node_2
[ 2026-03-20 05:50:57 | node_2 | INFO ] 🏁 Starting gossiper...
[ 2026-03-20 05:50:59 |  | INFO ] Connected nodes node and node_1
[ 2026-03-20 05:50:59 |  | INFO ] Connected nodes node and node_2
[ 2026-03-20 05:50:59 |  | INFO ] Connected nodes node_1 and node_2
[ 2026-03-20 05:50:59 | None | INFO ] 📡 Performing global simulation discovery for 3 nodes...
[ 2026-03-20 05:50:59 | None | INFO ] ⌛ Waiting for direct topology connections (2-2 per node)...
[ 2026-03-20 05:50:59 | None | INFO ] ✅ Network topology ready.
[ 2026-03-20 05:50:59 | node | INFO ] 🚀 Broadcasting start learning to 3 nodes...
[ 2026-03-20 05:50:59 | node_1 | INFO ] 🔍 Neighbors found: ['node', 'node_2'] | Degree: 2
[ 2026-03-20 05:50:59 | node_2 | INFO ] 🔍 Neighbors found: ['node', 'node_1'] | Degree: 2
[ 2026-03-20 05:50:59 | node_1 | INFO ] ⏳ Waiting initialization.
[ 2026-03-20 05:50:59 | node_2 | INFO ] ⏳ Waiting initialization.
[ 2026-03-20 05:50:59 | node | INFO ] 🔍 Neighbors found: ['node_1', 'node_2'] | Degree: 2
[ 2026-03-20 05:50:59 | node | INFO ] ⏳ Waiting initialization.
[ 2026-03-20 05:50:59 | node | INFO ] 🗣️ Gossiping model initialization.
[ 2026-03-20 05:51:00 | node_1 | INFO ] 🗣️ Gossiping model initialization.
[ 2026-03-20 05:51:00 | node_2 | INFO ] 🗣️ Gossiping model initialization.
[ 2026-03-20 05:51:01 | node_1 | INFO ] 🤫 Gossip finished.
[ 2026-03-20 05:51:01 | node_2 | INFO ] 🤫 Gossip finished.
[ 2026-03-20 05:51:01 | node | INFO ] 🤫 Gossip finished.
[ 2026-03-20 05:51:19 | node_1 | INFO ] 🚂 Train set of 3 nodes (all available nodes): ['node', 'node_2', 'node_1']
[ 2026-03-20 05:51:19 | node_2 | INFO ] 🚂 Train set of 3 nodes (all available nodes): ['node', 'node_1', 'node_2']
[ 2026-03-20 05:51:19 | node | INFO ] 🚂 Train set of 3 nodes (all available nodes): ['node_1', 'node_2', 'node']
[ 2026-03-20 05:51:19 | node_1 | INFO ] 🏋️‍♀️ Preparing training...
[ 2026-03-20 05:51:19 | node | INFO ] 🏋️‍♀️ Preparing training...
[ 2026-03-20 05:51:19 | node_2 | INFO ] 🏋️‍♀️ Preparing training...
[ 2026-03-20 06:00:44 | node | INFO ] 🎓 Training step done.
[ 2026-03-20 06:00:44 | node | INFO ] 🛠️ Calling force_add_local_model...
[ 2026-03-20 06:00:44 | node | INFO ] ✅ [FORCE] Local model added for round 0. (1/3)
[ 2026-03-20 06:00:44 | node_1 | INFO ] 🎓 Training step done.
[ 2026-03-20 06:00:44 | node_1 | INFO ] 🛠️ Calling force_add_local_model...
[ 2026-03-20 06:00:44 | node_1 | INFO ] ✅ [FORCE] Local model added for round 0. (1/3)
[ 2026-03-20 06:00:49 | node | INFO ] 📤 Sending model to 2 direct neighbors: ['node_1', 'node_2']
[ 2026-03-20 06:00:49 | node_1 | INFO ] 🧩 Model added for round 0 (2/3) from ['node']
[ 2026-03-20 06:00:49 | node_2 | INFO ] 🧩 Model added for round 0 (1/3) from ['node']
[ 2026-03-20 06:00:49 | node_1 | INFO ] 📤 Sending model to 2 direct neighbors: ['node', 'node_2']
[ 2026-03-20 06:00:49 | node | INFO ] 🧩 Model added for round 0 (2/3) from ['node_1']
[ 2026-03-20 06:00:49 | node_2 | INFO ] 🧩 Model added for round 0 (2/3) from ['node_1']
[ 2026-03-20 06:01:11 | node_2 | INFO ] 🎓 Training step done.
[ 2026-03-20 06:01:11 | node_2 | INFO ] 🛠️ Calling force_add_local_model...
[ 2026-03-20 06:01:11 | node_2 | INFO ] ✅ [FORCE] Local model added for round 0. (3/3)
[ 2026-03-20 06:01:16 | node_2 | INFO ] 📤 Sending model to 2 direct neighbors: ['node', 'node_1']
[ 2026-03-20 06:01:17 | node | INFO ] 🧩 Model added for round 0 (3/3) from ['node_2']
[ 2026-03-20 06:01:17 | node_1 | INFO ] 🧩 Model added for round 0 (3/3) from ['node_2']
[ 2026-03-20 06:01:17 | ModelPackager | INFO ] Round 0: Consensus detected (dist: 0.003760). Patience: 1/1
[ 2026-03-20 06:01:18 | ModelPackager | INFO ] Round 0: Node node is AUTHORIZED. Packaging model...
[ 2026-03-20 06:01:18 | ModelPackager | INFO ] 🚀 DIRECT PUSH success: Model Round 0 sent to Inference Service (~185.2 KB)
[ 2026-03-20 06:01:18 | node | INFO ] 🧠 Aggregation complete. Setting new model.
[ 2026-03-20 06:01:18 | ModelPackager | INFO ] Round 0: Consensus detected (dist: 0.003760). Patience: 1/1
[ 2026-03-20 06:01:18 | ModelPackager | INFO ] Round 0: Consensus detected (dist: 0.003760). Patience: 1/1
[ 2026-03-20 06:01:19 | node_1 | INFO ] 🧠 Aggregation complete. Setting new model.
[ 2026-03-20 06:01:19 | node_2 | INFO ] 🧠 Aggregation complete. Setting new model.
[ 2026-03-20 06:01:19 | node | INFO ] 🗣️ Gossiping aggregated model.
[ 2026-03-20 06:01:19 | node_1 | INFO ] 🗣️ Gossiping aggregated model.
[ 2026-03-20 06:01:20 | node_2 | INFO ] 🗣️ Gossiping aggregated model.
[ 2026-03-20 06:01:20 | node | INFO ] 🤫 Gossip finished.
[ 2026-03-20 06:01:20 | node_1 | INFO ] 🤫 Gossip finished.
[ 2026-03-20 06:01:20 | node_2 | INFO ] 🤫 Gossip finished.
[ 2026-03-20 06:01:20 | node | INFO ] 🔬 Evaluating...
[ 2026-03-20 06:01:20 | node_1 | INFO ] 🔬 Evaluating...
[ 2026-03-20 06:01:20 | node_2 | INFO ] 🔬 Evaluating...
[ 2026-03-20 06:02:54 | node | INFO ] 📈 Evaluated. Results: {'test_loss': 0.13314038515090942, 'test_accuracy': 0.986428439617157, 'test_precision': 0.16319160163402557, 'test_recall': 0.28135034441947937, 'test_f1': 0.19333556294441223, 'communication_cost': 741972}
[ 2026-03-20 06:02:54 | node | INFO ] 📢 Broadcasting metrics.
[ 2026-03-20 06:02:54 | node | INFO ] 🎉 Round 1 of 5 finished.
[ 2026-03-20 06:02:54 | node | INFO ] 🗳️ [DETERMINISTIC] Train set assigned (No Voting). Size: 3
[ 2026-03-20 06:02:54 | node | INFO ] 🏋️‍♀️ Preparing training...
[ 2026-03-20 06:02:55 | node_1 | INFO ] 📈 Evaluated. Results: {'test_loss': 0.21402765810489655, 'test_accuracy': 0.9947095513343811, 'test_precision': 0.08764126151800156, 'test_recall': 0.0854531079530716, 'test_f1': 0.08176777511835098, 'communication_cost': 741972}
[ 2026-03-20 06:02:55 | node_1 | INFO ] 📢 Broadcasting metrics.
[ 2026-03-20 06:02:55 | node_1 | INFO ] 🎉 Round 1 of 5 finished.
[ 2026-03-20 06:02:55 | node_1 | INFO ] 🗳️ [DETERMINISTIC] Train set assigned (No Voting). Size: 3
[ 2026-03-20 06:02:55 | node_1 | INFO ] 🏋️‍♀️ Preparing training...
[ 2026-03-20 06:02:56 | node_2 | INFO ] 📈 Evaluated. Results: {'test_loss': 0.14661654829978943, 'test_accuracy': 0.9863149523735046, 'test_precision': 0.14361418783664703, 'test_recall': 0.2631555199623108, 'test_f1': 0.17221298813819885, 'communication_cost': 741972}
[ 2026-03-20 06:02:56 | node_2 | INFO ] 📢 Broadcasting metrics.
[ 2026-03-20 06:02:56 | node_2 | INFO ] 🎉 Round 1 of 5 finished.
[ 2026-03-20 06:02:56 | node_2 | INFO ] 🗳️ [DETERMINISTIC] Train set assigned (No Voting). Size: 3
[ 2026-03-20 06:02:56 | node_2 | INFO ] 🏋️‍♀️ Preparing training...
[ 2026-03-20 06:06:02 | node | INFO ] 🎓 Training step done.
[ 2026-03-20 06:06:02 | node | INFO ] 🛠️ Calling force_add_local_model...
[ 2026-03-20 06:06:02 | node | INFO ] ✅ [FORCE] Local model added for round 1. (1/3)
[ 2026-03-20 06:06:04 | node_1 | INFO ] 🎓 Training step done.
[ 2026-03-20 06:06:04 | node_1 | INFO ] 🛠️ Calling force_add_local_model...
[ 2026-03-20 06:06:04 | node_1 | INFO ] ✅ [FORCE] Local model added for round 1. (1/3)
[ 2026-03-20 06:06:05 | node_2 | INFO ] 🎓 Training step done.
[ 2026-03-20 06:06:05 | node_2 | INFO ] 🛠️ Calling force_add_local_model...
[ 2026-03-20 06:06:05 | node_2 | INFO ] ✅ [FORCE] Local model added for round 1. (1/3)
[ 2026-03-20 06:06:06 | node | INFO ] 📤 Sending model to 2 direct neighbors: ['node_1', 'node_2']
[ 2026-03-20 06:06:06 | node_1 | INFO ] 🧩 Model added for round 1 (2/3) from ['node']
[ 2026-03-20 06:06:06 | node_2 | INFO ] 🧩 Model added for round 1 (2/3) from ['node']
[ 2026-03-20 06:06:08 | node_1 | INFO ] 📤 Sending model to 2 direct neighbors: ['node', 'node_2']
[ 2026-03-20 06:06:08 | node | INFO ] 🧩 Model added for round 1 (2/3) from ['node_1']
[ 2026-03-20 06:06:08 | node_2 | INFO ] 🧩 Model added for round 1 (3/3) from ['node_1']
[ 2026-03-20 06:06:09 | node_2 | INFO ] 📤 Sending model to 2 direct neighbors: ['node', 'node_1']
[ 2026-03-20 06:06:09 | node | INFO ] 🧩 Model added for round 1 (3/3) from ['node_2']
[ 2026-03-20 06:06:09 | ModelPackager | INFO ] Round 1: Consensus detected (dist: 0.003331). Patience: 1/1
[ 2026-03-20 06:06:09 | node_1 | INFO ] 🧩 Model added for round 1 (3/3) from ['node_2']
[ 2026-03-20 06:06:09 | ModelPackager | INFO ] Round 1: Node node is AUTHORIZED. Packaging model...
[ 2026-03-20 06:06:09 | ModelPackager | INFO ] Round 1: Consensus detected (dist: 0.003331). Patience: 1/1
[ 2026-03-20 06:06:09 | ModelPackager | INFO ] Round 1: Consensus detected (dist: 0.003331). Patience: 1/1
[ 2026-03-20 06:06:09 | ModelPackager | INFO ] 🚀 DIRECT PUSH success: Model Round 1 sent to Inference Service (~185.2 KB)
[ 2026-03-20 06:06:09 | node | INFO ] 🧠 Aggregation complete. Setting new model.
[ 2026-03-20 06:06:09 | node_1 | INFO ] 🧠 Aggregation complete. Setting new model.
[ 2026-03-20 06:06:09 | node_2 | INFO ] 🧠 Aggregation complete. Setting new model.
[ 2026-03-20 06:06:09 | node_1 | INFO ] 🗣️ Gossiping aggregated model.
[ 2026-03-20 06:06:09 | node_2 | INFO ] 🗣️ Gossiping aggregated model.
[ 2026-03-20 06:06:09 | node | INFO ] 🗣️ Gossiping aggregated model.
[ 2026-03-20 06:06:09 | node_1 | INFO ] 🤫 Gossip finished.
[ 2026-03-20 06:06:09 | node_2 | INFO ] 🤫 Gossip finished.
[ 2026-03-20 06:06:09 | node | INFO ] 🤫 Gossip finished.
[ 2026-03-20 06:06:09 | node_1 | INFO ] 🔬 Evaluating...
[ 2026-03-20 06:06:09 | node_2 | INFO ] 🔬 Evaluating...
[ 2026-03-20 06:06:09 | node | INFO ] 🔬 Evaluating...
[ 2026-03-20 06:07:39 | node | INFO ] 📈 Evaluated. Results: {'test_loss': 0.12245063483715057, 'test_accuracy': 0.9865687489509583, 'test_precision': 0.168661966919899, 'test_recall': 0.294076144695282, 'test_f1': 0.2005416750907898, 'communication_cost': 1112752}
[ 2026-03-20 06:07:39 | node | INFO ] 📢 Broadcasting metrics.
[ 2026-03-20 06:07:39 | node | INFO ] 🎉 Round 2 of 5 finished.
[ 2026-03-20 06:07:39 | node | INFO ] 🗳️ [DETERMINISTIC] Train set assigned (No Voting). Size: 3
[ 2026-03-20 06:07:39 | node | INFO ] 🏋️‍♀️ Preparing training...
[ 2026-03-20 06:07:40 | node_2 | INFO ] 📈 Evaluated. Results: {'test_loss': 0.13754282891750336, 'test_accuracy': 0.9871787428855896, 'test_precision': 0.1500149965286255, 'test_recall': 0.2673014998435974, 'test_f1': 0.17818698287010193, 'communication_cost': 1112752}
[ 2026-03-20 06:07:40 | node_2 | INFO ] 📢 Broadcasting metrics.
[ 2026-03-20 06:07:40 | node_2 | INFO ] 🎉 Round 2 of 5 finished.
[ 2026-03-20 06:07:40 | node_2 | INFO ] 🗳️ [DETERMINISTIC] Train set assigned (No Voting). Size: 3
[ 2026-03-20 06:07:40 | node_2 | INFO ] 🏋️‍♀️ Preparing training...
[ 2026-03-20 06:07:40 | node_1 | INFO ] 📈 Evaluated. Results: {'test_loss': 0.20566652715206146, 'test_accuracy': 0.9951144456863403, 'test_precision': 0.10353414714336395, 'test_recall': 0.10157635807991028, 'test_f1': 0.09715395420789719, 'communication_cost': 1112752}
[ 2026-03-20 06:07:40 | node_1 | INFO ] 📢 Broadcasting metrics.
[ 2026-03-20 06:07:40 | node_1 | INFO ] 🎉 Round 2 of 5 finished.
[ 2026-03-20 06:07:40 | node_1 | INFO ] 🗳️ [DETERMINISTIC] Train set assigned (No Voting). Size: 3
[ 2026-03-20 06:07:40 | node_1 | INFO ] 🏋️‍♀️ Preparing training...
[ 2026-03-20 06:10:33 | node | INFO ] 🎓 Training step done.
[ 2026-03-20 06:10:33 | node | INFO ] 🛠️ Calling force_add_local_model...
[ 2026-03-20 06:10:33 | node | INFO ] ✅ [FORCE] Local model added for round 2. (1/3)
[ 2026-03-20 06:10:35 | node_1 | INFO ] 🎓 Training step done.
[ 2026-03-20 06:10:35 | node_1 | INFO ] 🛠️ Calling force_add_local_model...
[ 2026-03-20 06:10:35 | node_1 | INFO ] ✅ [FORCE] Local model added for round 2. (1/3)
[ 2026-03-20 06:10:35 | node_2 | INFO ] 🎓 Training step done.
[ 2026-03-20 06:10:35 | node_2 | INFO ] 🛠️ Calling force_add_local_model...
[ 2026-03-20 06:10:35 | node_2 | INFO ] ✅ [FORCE] Local model added for round 2. (1/3)
[ 2026-03-20 06:10:38 | node | INFO ] 📤 Sending model to 2 direct neighbors: ['node_1', 'node_2']
[ 2026-03-20 06:10:39 | node_1 | INFO ] 🧩 Model added for round 2 (2/3) from ['node']
[ 2026-03-20 06:10:39 | node_2 | INFO ] 🧩 Model added for round 2 (2/3) from ['node']
[ 2026-03-20 06:10:40 | node_1 | INFO ] 📤 Sending model to 2 direct neighbors: ['node', 'node_2']
[ 2026-03-20 06:10:40 | node | INFO ] 🧩 Model added for round 2 (2/3) from ['node_1']
[ 2026-03-20 06:10:40 | node_2 | INFO ] 🧩 Model added for round 2 (3/3) from ['node_1']
[ 2026-03-20 06:10:40 | node_2 | INFO ] 📤 Sending model to 2 direct neighbors: ['node', 'node_1']
[ 2026-03-20 06:10:40 | node | INFO ] 🧩 Model added for round 2 (3/3) from ['node_2']
[ 2026-03-20 06:10:40 | ModelPackager | INFO ] Round 2: Consensus detected (dist: 0.003166). Patience: 1/1
[ 2026-03-20 06:10:40 | ModelPackager | INFO ] Round 2: Node node is AUTHORIZED. Packaging model...
[ 2026-03-20 06:10:41 | ModelPackager | INFO ] 🚀 DIRECT PUSH success: Model Round 2 sent to Inference Service (~185.2 KB)
[ 2026-03-20 06:10:41 | node | INFO ] 🧠 Aggregation complete. Setting new model.
[ 2026-03-20 06:10:41 | node_1 | INFO ] 🧩 Model added for round 2 (3/3) from ['node_2']
[ 2026-03-20 06:10:41 | ModelPackager | INFO ] Round 2: Consensus detected (dist: 0.003166). Patience: 1/1
[ 2026-03-20 06:10:41 | node_1 | INFO ] 🧠 Aggregation complete. Setting new model.
[ 2026-03-20 06:10:41 | node | INFO ] 🗣️ Gossiping aggregated model.
[ 2026-03-20 06:10:41 | ModelPackager | INFO ] Round 2: Consensus detected (dist: 0.003166). Patience: 1/1
[ 2026-03-20 06:10:41 | node_2 | INFO ] 🧠 Aggregation complete. Setting new model.
[ 2026-03-20 06:10:41 | node_1 | INFO ] 🗣️ Gossiping aggregated model.
[ 2026-03-20 06:10:41 | node_2 | INFO ] 🗣️ Gossiping aggregated model.
[ 2026-03-20 06:10:41 | node_2 | INFO ] 🤫 Gossip finished.
[ 2026-03-20 06:10:41 | node_2 | INFO ] 🔬 Evaluating...
[ 2026-03-20 06:10:42 | node_1 | INFO ] 🤫 Gossip finished.
[ 2026-03-20 06:10:42 | node_1 | INFO ] 🔬 Evaluating...
[ 2026-03-20 06:10:42 | node | INFO ] 🤫 Gossip finished.
[ 2026-03-20 06:10:42 | node | INFO ] 🔬 Evaluating...
[ 2026-03-20 06:11:50 | node_2 | INFO ] 📈 Evaluated. Results: {'test_loss': 0.13383662700653076, 'test_accuracy': 0.9881450533866882, 'test_precision': 0.15465620160102844, 'test_recall': 0.26488304138183594, 'test_f1': 0.18139617145061493, 'communication_cost': 1482468}
[ 2026-03-20 06:11:50 | node_2 | INFO ] 📢 Broadcasting metrics.
[ 2026-03-20 06:11:50 | node_2 | INFO ] 🎉 Round 3 of 5 finished.
[ 2026-03-20 06:11:50 | node_2 | INFO ] 🗳️ [DETERMINISTIC] Train set assigned (No Voting). Size: 3
[ 2026-03-20 06:11:50 | node_2 | INFO ] 🏋️‍♀️ Preparing training...
[ 2026-03-20 06:11:50 | node | INFO ] 📈 Evaluated. Results: {'test_loss': 0.11806389689445496, 'test_accuracy': 0.9870707988739014, 'test_precision': 0.1726401448249817, 'test_recall': 0.2933851480484009, 'test_f1': 0.20300786197185516, 'communication_cost': 1482468}
[ 2026-03-20 06:11:50 | node | INFO ] 📢 Broadcasting metrics.
[ 2026-03-20 06:11:50 | node | INFO ] 🎉 Round 3 of 5 finished.
[ 2026-03-20 06:11:50 | node | INFO ] 🗳️ [DETERMINISTIC] Train set assigned (No Voting). Size: 3
[ 2026-03-20 06:11:50 | node | INFO ] 🏋️‍♀️ Preparing training...
[ 2026-03-20 06:11:51 | node_1 | INFO ] 📈 Evaluated. Results: {'test_loss': 0.21568764746189117, 'test_accuracy': 0.9953088164329529, 'test_precision': 0.10226733237504959, 'test_recall': 0.09950336068868637, 'test_f1': 0.09538038074970245, 'communication_cost': 1482468}
[ 2026-03-20 06:11:51 | node_1 | INFO ] 📢 Broadcasting metrics.
[ 2026-03-20 06:11:51 | node_1 | INFO ] 🎉 Round 3 of 5 finished.
[ 2026-03-20 06:11:51 | node_1 | INFO ] 🗳️ [DETERMINISTIC] Train set assigned (No Voting). Size: 3
[ 2026-03-20 06:11:51 | node_1 | INFO ] 🏋️‍♀️ Preparing training...
[ 2026-03-20 06:14:34 | node | INFO ] 🎓 Training step done.
[ 2026-03-20 06:14:34 | node | INFO ] 🛠️ Calling force_add_local_model...
[ 2026-03-20 06:14:34 | node | INFO ] ✅ [FORCE] Local model added for round 3. (1/3)
[ 2026-03-20 06:14:36 | node_2 | INFO ] 🎓 Training step done.
[ 2026-03-20 06:14:36 | node_2 | INFO ] 🛠️ Calling force_add_local_model...
[ 2026-03-20 06:14:36 | node_2 | INFO ] ✅ [FORCE] Local model added for round 3. (1/3)
[ 2026-03-20 06:14:36 | node_1 | INFO ] 🎓 Training step done.
[ 2026-03-20 06:14:36 | node_1 | INFO ] 🛠️ Calling force_add_local_model...
[ 2026-03-20 06:14:36 | node_1 | INFO ] ✅ [FORCE] Local model added for round 3. (1/3)
[ 2026-03-20 06:14:39 | node | INFO ] 📤 Sending model to 2 direct neighbors: ['node_1', 'node_2']
[ 2026-03-20 06:14:39 | node_1 | INFO ] 🧩 Model added for round 3 (2/3) from ['node']
[ 2026-03-20 06:14:39 | node_2 | INFO ] 🧩 Model added for round 3 (2/3) from ['node']
[ 2026-03-20 06:14:41 | node_2 | INFO ] 📤 Sending model to 2 direct neighbors: ['node', 'node_1']
[ 2026-03-20 06:14:41 | node | INFO ] 🧩 Model added for round 3 (2/3) from ['node_2']
[ 2026-03-20 06:14:41 | node_1 | INFO ] 🧩 Model added for round 3 (3/3) from ['node_2']
[ 2026-03-20 06:14:41 | node_1 | INFO ] 📤 Sending model to 2 direct neighbors: ['node', 'node_2']
[ 2026-03-20 06:14:41 | node | INFO ] 🧩 Model added for round 3 (3/3) from ['node_1']
[ 2026-03-20 06:14:41 | ModelPackager | INFO ] Round 3: Consensus detected (dist: 0.003164). Patience: 1/1
[ 2026-03-20 06:14:41 | ModelPackager | INFO ] Round 3: Node node is AUTHORIZED. Packaging model...
[ 2026-03-20 06:14:41 | node_2 | INFO ] 🧩 Model added for round 3 (3/3) from ['node_1']
[ 2026-03-20 06:14:41 | ModelPackager | INFO ] 🚀 DIRECT PUSH success: Model Round 3 sent to Inference Service (~185.2 KB)
[ 2026-03-20 06:14:41 | ModelPackager | INFO ] Round 3: Consensus detected (dist: 0.003164). Patience: 1/1
[ 2026-03-20 06:14:41 | ModelPackager | INFO ] Round 3: Consensus detected (dist: 0.003164). Patience: 1/1
[ 2026-03-20 06:14:41 | node | INFO ] 🧠 Aggregation complete. Setting new model.
[ 2026-03-20 06:14:41 | node_2 | INFO ] 🧠 Aggregation complete. Setting new model.
[ 2026-03-20 06:14:41 | node_1 | INFO ] 🧠 Aggregation complete. Setting new model.
[ 2026-03-20 06:14:42 | node | INFO ] 🗣️ Gossiping aggregated model.
[ 2026-03-20 06:14:42 | node | INFO ] 🤫 Gossip finished.
[ 2026-03-20 06:14:42 | node_1 | INFO ] 🗣️ Gossiping aggregated model.
[ 2026-03-20 06:14:42 | node_2 | INFO ] 🗣️ Gossiping aggregated model.
[ 2026-03-20 06:14:42 | node_1 | INFO ] 🤫 Gossip finished.
[ 2026-03-20 06:14:42 | node_2 | INFO ] 🤫 Gossip finished.
[ 2026-03-20 06:14:42 | node | INFO ] 🔬 Evaluating...
[ 2026-03-20 06:14:42 | node_1 | INFO ] 🔬 Evaluating...
[ 2026-03-20 06:14:42 | node_2 | INFO ] 🔬 Evaluating...
[ 2026-03-20 06:15:52 | node | INFO ] 📈 Evaluated. Results: {'test_loss': 0.11523732542991638, 'test_accuracy': 0.987389326095581, 'test_precision': 0.17714805901050568, 'test_recall': 0.29465198516845703, 'test_f1': 0.20613707602024078, 'communication_cost': 1482536}
[ 2026-03-20 06:15:52 | node | INFO ] 📢 Broadcasting metrics.
[ 2026-03-20 06:15:53 | node | INFO ] 🎉 Round 4 of 5 finished.
[ 2026-03-20 06:15:53 | node | INFO ] 🗳️ [DETERMINISTIC] Train set assigned (No Voting). Size: 3
[ 2026-03-20 06:15:53 | node | INFO ] 🏋️‍♀️ Preparing training...
[ 2026-03-20 06:15:54 | node_1 | INFO ] 📈 Evaluated. Results: {'test_loss': 0.21959656476974487, 'test_accuracy': 0.9955247044563293, 'test_precision': 0.10780968517065048, 'test_recall': 0.10435471683740616, 'test_f1': 0.10078456252813339, 'communication_cost': 1482536}
[ 2026-03-20 06:15:54 | node_1 | INFO ] 📢 Broadcasting metrics.
[ 2026-03-20 06:15:54 | node_1 | INFO ] 🎉 Round 4 of 5 finished.
[ 2026-03-20 06:15:54 | node_1 | INFO ] 🗳️ [DETERMINISTIC] Train set assigned (No Voting). Size: 3
[ 2026-03-20 06:15:54 | node_1 | INFO ] 🏋️‍♀️ Preparing training...
[ 2026-03-20 06:15:55 | node_2 | INFO ] 📈 Evaluated. Results: {'test_loss': 0.1302632987499237, 'test_accuracy': 0.9889709949493408, 'test_precision': 0.1606942117214203, 'test_recall': 0.2638465464115143, 'test_f1': 0.1859787106513977, 'communication_cost': 1482536}
[ 2026-03-20 06:15:55 | node_2 | INFO ] 📢 Broadcasting metrics.
[ 2026-03-20 06:15:55 | node_2 | INFO ] 🎉 Round 4 of 5 finished.
[ 2026-03-20 06:15:55 | node_2 | INFO ] 🗳️ [DETERMINISTIC] Train set assigned (No Voting). Size: 3
[ 2026-03-20 06:15:55 | node_2 | INFO ] 🏋️‍♀️ Preparing training...
[ 2026-03-20 06:18:40 | node | INFO ] 🎓 Training step done.
[ 2026-03-20 06:18:40 | node | INFO ] 🛠️ Calling force_add_local_model...
[ 2026-03-20 06:18:40 | node | INFO ] ✅ [FORCE] Local model added for round 4. (1/3)
[ 2026-03-20 06:18:41 | node_1 | INFO ] 🎓 Training step done.
[ 2026-03-20 06:18:41 | node_1 | INFO ] 🛠️ Calling force_add_local_model...
[ 2026-03-20 06:18:41 | node_1 | INFO ] ✅ [FORCE] Local model added for round 4. (1/3)
[ 2026-03-20 06:18:42 | node_2 | INFO ] 🎓 Training step done.
[ 2026-03-20 06:18:42 | node_2 | INFO ] 🛠️ Calling force_add_local_model...
[ 2026-03-20 06:18:42 | node_2 | INFO ] ✅ [FORCE] Local model added for round 4. (1/3)
[ 2026-03-20 06:18:45 | node | INFO ] 📤 Sending model to 2 direct neighbors: ['node_1', 'node_2']
[ 2026-03-20 06:18:45 | node_1 | INFO ] 🧩 Model added for round 4 (2/3) from ['node']
[ 2026-03-20 06:18:45 | node_2 | INFO ] 🧩 Model added for round 4 (2/3) from ['node']
[ 2026-03-20 06:18:46 | node_1 | INFO ] 📤 Sending model to 2 direct neighbors: ['node', 'node_2']
[ 2026-03-20 06:18:46 | node | INFO ] 🧩 Model added for round 4 (2/3) from ['node_1']
[ 2026-03-20 06:18:46 | node_2 | INFO ] 🧩 Model added for round 4 (3/3) from ['node_1']
[ 2026-03-20 06:18:47 | node_2 | INFO ] 📤 Sending model to 2 direct neighbors: ['node', 'node_1']
[ 2026-03-20 06:18:47 | node | INFO ] 🧩 Model added for round 4 (3/3) from ['node_2']
[ 2026-03-20 06:18:47 | ModelPackager | INFO ] Round 4: Consensus detected (dist: 0.003142). Patience: 1/1
[ 2026-03-20 06:18:47 | ModelPackager | INFO ] Round 4: Node node is AUTHORIZED. Packaging model...
[ 2026-03-20 06:18:47 | node_1 | INFO ] 🧩 Model added for round 4 (3/3) from ['node_2']
[ 2026-03-20 06:18:47 | ModelPackager | INFO ] Round 4: Consensus detected (dist: 0.003142). Patience: 1/1
[ 2026-03-20 06:18:47 | ModelPackager | INFO ] 🚀 DIRECT PUSH success: Model Round 4 sent to Inference Service (~185.2 KB)
[ 2026-03-20 06:18:47 | node_1 | INFO ] 🧠 Aggregation complete. Setting new model.
[ 2026-03-20 06:18:48 | node | INFO ] 🧠 Aggregation complete. Setting new model.
[ 2026-03-20 06:18:48 | node_1 | INFO ] 🗣️ Gossiping aggregated model.
[ 2026-03-20 06:18:48 | ModelPackager | INFO ] Round 4: Consensus detected (dist: 0.003142). Patience: 1/1
[ 2026-03-20 06:18:48 | node | INFO ] 🗣️ Gossiping aggregated model.
[ 2026-03-20 06:18:48 | node_2 | INFO ] 🧠 Aggregation complete. Setting new model.
[ 2026-03-20 06:18:48 | node_2 | INFO ] 🗣️ Gossiping aggregated model.
[ 2026-03-20 06:18:48 | node_2 | INFO ] 🤫 Gossip finished.
[ 2026-03-20 06:18:48 | node_2 | INFO ] 🔬 Evaluating...
[ 2026-03-20 06:18:49 | node | INFO ] 🤫 Gossip finished.
[ 2026-03-20 06:18:49 | node | INFO ] 🔬 Evaluating...
[ 2026-03-20 06:18:49 | node_1 | INFO ] 🤫 Gossip finished.
[ 2026-03-20 06:18:49 | node_1 | INFO ] 🔬 Evaluating...
[ 2026-03-20 06:19:58 | node | INFO ] 📈 Evaluated. Results: {'test_loss': 0.11512100696563721, 'test_accuracy': 0.9866551756858826, 'test_precision': 0.17178957164287567, 'test_recall': 0.2949974834918976, 'test_f1': 0.2023925632238388, 'communication_cost': 1482536}
[ 2026-03-20 06:19:58 | node | INFO ] 📢 Broadcasting metrics.
[ 2026-03-20 06:19:58 | node | INFO ] 🎉 Round 5 of 5 finished.
[ 2026-03-20 06:19:58 | node | INFO ] 😋 Training finished!!
[ 2026-03-20 06:19:58 | node_2 | INFO ] 📈 Evaluated. Results: {'test_loss': 0.12923377752304077, 'test_accuracy': 0.9888144731521606, 'test_precision': 0.15992096066474915, 'test_recall': 0.2648254334926605, 'test_f1': 0.1854374259710312, 'communication_cost': 1482536}
[ 2026-03-20 06:19:58 | node_2 | INFO ] 📢 Broadcasting metrics.
[ 2026-03-20 06:19:58 | node_2 | INFO ] 🎉 Round 5 of 5 finished.
[ 2026-03-20 06:19:58 | node_2 | INFO ] 😋 Training finished!!
[ 2026-03-20 06:19:58 | node_1 | INFO ] 📈 Evaluated. Results: {'test_loss': 0.21995870769023895, 'test_accuracy': 0.9955409169197083, 'test_precision': 0.11345281451940536, 'test_recall': 0.10757936537265778, 'test_f1': 0.10493053495883942, 'communication_cost': 1482536}
[ 2026-03-20 06:19:58 | node_1 | INFO ] 📢 Broadcasting metrics.
[ 2026-03-20 06:19:58 | node_1 | INFO ] 🎉 Round 5 of 5 finished.
[ 2026-03-20 06:19:58 | node_1 | INFO ] 😋 Training finished!!
[ 2026-03-20 06:19:58 | None | INFO ] 🏁 All nodes finished training. Waiting 10s for final synchronization...
[ 2026-03-20 06:20:08 | node | INFO ] Stopping node...
[ 2026-03-20 06:20:08 | node | INFO ] 🛑 Stopping gossiper...
[ 2026-03-20 06:20:08 | node | INFO ] InMemoryServer stopped at node
[ 2026-03-20 06:20:08 | node_1 | INFO ] Stopping node...
[ 2026-03-20 06:20:08 | node_1 | INFO ] 🛑 Stopping gossiper...
[ 2026-03-20 06:20:08 | node_1 | INFO ] InMemoryServer stopped at node_1
[ 2026-03-20 06:20:08 | node_2 | INFO ] Stopping node...
[ 2026-03-20 06:20:08 | node_2 | INFO ] 🛑 Stopping gossiper...
[ 2026-03-20 06:20:08 | node_2 | INFO ] InMemoryServer stopped at node_2
