[ 2026-03-14 04:57:18 | None | INFO ] Created experiment folder: /mnt/c/Users/thaih/HK252/DATN/p2pfl/experiments/fraudTrain.csv_fraudTest.csv_RandomIIDPartitionStrategy_DFedAdp_model_build_fn_20260314_045718 and copied fraud.yaml
[ 2026-03-14 04:57:18 | None | INFO ] Set simulation heartbeat: timeout=10s, period=2s
[ 2026-03-14 04:58:27 | node | INFO ] InMemoryServer started at node
[ 2026-03-14 04:58:27 | node | INFO ] 🏁 Starting gossiper...
[ 2026-03-14 04:58:27 | None | INFO ] 🚀 Created 0/3 nodes, waiting 0.50s...
[ 2026-03-14 04:58:27 | node_1 | INFO ] InMemoryServer started at node_1
[ 2026-03-14 04:58:27 | node_1 | INFO ] 🏁 Starting gossiper...
[ 2026-03-14 04:58:28 | node_2 | INFO ] InMemoryServer started at node_2
[ 2026-03-14 04:58:28 | node_2 | INFO ] 🏁 Starting gossiper...
[ 2026-03-14 04:58:29 |  | INFO ] Connected nodes node and node_1
[ 2026-03-14 04:58:29 |  | INFO ] Connected nodes node and node_2
[ 2026-03-14 04:58:29 |  | INFO ] Connected nodes node_1 and node_2
[ 2026-03-14 04:58:29 | None | INFO ] 📡 Performing global simulation discovery for 3 nodes...
[ 2026-03-14 04:58:29 | None | INFO ] ⌛ Waiting for direct topology connections (2-2 per node)...
[ 2026-03-14 04:58:29 | None | INFO ] ✅ Network topology ready.
[ 2026-03-14 04:58:29 | node | INFO ] 🚀 Broadcasting start learning to 3 nodes...
[ 2026-03-14 04:58:29 | node_1 | INFO ] 🔍 Neighbors found: ['node', 'node_2'] | Degree: 2
[ 2026-03-14 04:58:29 | node_2 | INFO ] 🔍 Neighbors found: ['node', 'node_1'] | Degree: 2
[ 2026-03-14 04:58:29 | node_1 | INFO ] ⏳ Waiting initialization.
[ 2026-03-14 04:58:29 | node_2 | INFO ] ⏳ Waiting initialization.
[ 2026-03-14 04:58:29 | node | INFO ] 🔍 Neighbors found: ['node_1', 'node_2'] | Degree: 2
[ 2026-03-14 04:58:29 | node | INFO ] ⏳ Waiting initialization.
[ 2026-03-14 04:58:29 | node | INFO ] 🗣️ Gossiping model initialization.
[ 2026-03-14 04:58:30 | node_1 | INFO ] 🗣️ Gossiping model initialization.
[ 2026-03-14 04:58:30 | node_2 | INFO ] 🗣️ Gossiping model initialization.
[ 2026-03-14 04:58:31 | node_1 | INFO ] 🤫 Gossip finished.
[ 2026-03-14 04:58:31 | node_2 | INFO ] 🤫 Gossip finished.
[ 2026-03-14 04:58:31 | node | INFO ] 🤫 Gossip finished.
[ 2026-03-14 04:58:33 | node_1 | INFO ] 🚂 Train set of 3 nodes (all available nodes): ['node', 'node_2', 'node_1']
[ 2026-03-14 04:58:33 | node_2 | INFO ] 🚂 Train set of 3 nodes (all available nodes): ['node', 'node_1', 'node_2']
[ 2026-03-14 04:58:33 | node_1 | INFO ] 🏋️‍♀️ Preparing training...
[ 2026-03-14 04:58:33 | node_2 | INFO ] 🏋️‍♀️ Preparing training...
[ 2026-03-14 04:58:33 | node | INFO ] 🚂 Train set of 3 nodes (all available nodes): ['node_1', 'node_2', 'node']
[ 2026-03-14 04:58:33 | node | INFO ] 🏋️‍♀️ Preparing training...
[ 2026-03-14 05:08:32 | node_1 | INFO ] 🎓 Training step done.
[ 2026-03-14 05:08:32 | node | INFO ] 🎓 Training step done.
[ 2026-03-14 05:08:32 | node_1 | INFO ] 🛠️ Calling force_add_local_model...
[ 2026-03-14 05:08:32 | node_1 | INFO ] ✅ [FORCE] Local model added for round 0. (1/3)
[ 2026-03-14 05:08:32 | node | INFO ] 🛠️ Calling force_add_local_model...
[ 2026-03-14 05:08:32 | node | INFO ] ✅ [FORCE] Local model added for round 0. (1/3)
[ 2026-03-14 05:08:37 | node_1 | INFO ] 📤 Sending model to 2 direct neighbors: ['node', 'node_2']
[ 2026-03-14 05:08:37 | node | INFO ] 📤 Sending model to 2 direct neighbors: ['node_1', 'node_2']
[ 2026-03-14 05:08:37 | node | INFO ] 🧩 Model added for round 0 (2/3) from ['node_1']
[ 2026-03-14 05:08:37 | node_1 | INFO ] 🧩 Model added for round 0 (2/3) from ['node']
[ 2026-03-14 05:08:37 | node_2 | INFO ] 🧩 Model added for round 0 (1/3) from ['node_1']
[ 2026-03-14 05:08:37 | node_2 | INFO ] 🧩 Model added for round 0 (2/3) from ['node']
[ 2026-03-14 05:09:04 | node_2 | INFO ] 🎓 Training step done.
[ 2026-03-14 05:09:04 | node_2 | INFO ] 🛠️ Calling force_add_local_model...
[ 2026-03-14 05:09:04 | node_2 | INFO ] ✅ [FORCE] Local model added for round 0. (3/3)
[ 2026-03-14 05:09:09 | node_2 | INFO ] 📤 Sending model to 2 direct neighbors: ['node', 'node_1']
[ 2026-03-14 05:09:09 | node | INFO ] 🧩 Model added for round 0 (3/3) from ['node_2']
[ 2026-03-14 05:09:09 | node_1 | INFO ] 🧩 Model added for round 0 (3/3) from ['node_2']
[ 2026-03-14 05:09:09 | node_1 | ERROR ] Error ValueError: operands could not be broadcast together with shapes (128,10) (128,) 
Traceback (most recent call last):
  File "/mnt/c/Users/thaih/HK252/DATN/p2pfl/p2pfl/node.py", line 417, in __start_learning
    self.learning_workflow.run(
  File "/mnt/c/Users/thaih/HK252/DATN/p2pfl/p2pfl/stages/workflows.py", line 46, in run
    next_stage = self.current_stage.execute(**kwargs)
                 ^^^^^^^^^^^^^^^^^^^^^^^^^^^^^^^^^^^^
  File "/mnt/c/Users/thaih/HK252/DATN/p2pfl/p2pfl/stages/base_node/train_stage.py", line 97, in execute
    agg_model = aggregator.wait_and_get_aggregation(state=state)
                ^^^^^^^^^^^^^^^^^^^^^^^^^^^^^^^^^^^^^^^^^^^^^^^^
  File "/mnt/c/Users/thaih/HK252/DATN/p2pfl/p2pfl/utils/node_component.py", line 36, in wrapper
    return method(self, *args, **kwargs)
           ^^^^^^^^^^^^^^^^^^^^^^^^^^^^^
  File "/mnt/c/Users/thaih/HK252/DATN/p2pfl/p2pfl/learning/aggregators/aggregator.py", line 233, in wait_and_get_aggregation
    result = self.aggregate(self.__models)
             ^^^^^^^^^^^^^^^^^^^^^^^^^^^^^
  File "/mnt/c/Users/thaih/HK252/DATN/p2pfl/p2pfl/utils/node_component.py", line 36, in wrapper
    return method(self, *args, **kwargs)
           ^^^^^^^^^^^^^^^^^^^^^^^^^^^^^
  File "/mnt/c/Users/thaih/HK252/DATN/p2pfl/p2pfl/learning/aggregators/dfedadp.py", line 104, in aggregate
    updated_consensus.append(acc + w_ij * self_delta[idx])
                             ~~~~^~~~~~~~~~~~~~~~~~~~~~~~
ValueError: operands could not be broadcast together with shapes (128,10) (128,) 

[ 2026-03-14 05:09:09 | node | ERROR ] Error ValueError: operands could not be broadcast together with shapes (128,10) (128,) 
Traceback (most recent call last):
  File "/mnt/c/Users/thaih/HK252/DATN/p2pfl/p2pfl/node.py", line 417, in __start_learning
    self.learning_workflow.run(
  File "/mnt/c/Users/thaih/HK252/DATN/p2pfl/p2pfl/stages/workflows.py", line 46, in run
    next_stage = self.current_stage.execute(**kwargs)
                 ^^^^^^^^^^^^^^^^^^^^^^^^^^^^^^^^^^^^
  File "/mnt/c/Users/thaih/HK252/DATN/p2pfl/p2pfl/stages/base_node/train_stage.py", line 97, in execute
    agg_model = aggregator.wait_and_get_aggregation(state=state)
                ^^^^^^^^^^^^^^^^^^^^^^^^^^^^^^^^^^^^^^^^^^^^^^^^
  File "/mnt/c/Users/thaih/HK252/DATN/p2pfl/p2pfl/utils/node_component.py", line 36, in wrapper
    return method(self, *args, **kwargs)
           ^^^^^^^^^^^^^^^^^^^^^^^^^^^^^
  File "/mnt/c/Users/thaih/HK252/DATN/p2pfl/p2pfl/learning/aggregators/aggregator.py", line 233, in wait_and_get_aggregation
    result = self.aggregate(self.__models)
             ^^^^^^^^^^^^^^^^^^^^^^^^^^^^^
  File "/mnt/c/Users/thaih/HK252/DATN/p2pfl/p2pfl/utils/node_component.py", line 36, in wrapper
    return method(self, *args, **kwargs)
           ^^^^^^^^^^^^^^^^^^^^^^^^^^^^^
  File "/mnt/c/Users/thaih/HK252/DATN/p2pfl/p2pfl/learning/aggregators/dfedadp.py", line 104, in aggregate
    updated_consensus.append(acc + w_ij * self_delta[idx])
                             ~~~~^~~~~~~~~~~~~~~~~~~~~~~~
ValueError: operands could not be broadcast together with shapes (128,10) (128,) 

[ 2026-03-14 05:09:09 | node_1 | INFO ] Stopping node...
[ 2026-03-14 05:09:09 | node_2 | ERROR ] Error ValueError: operands could not be broadcast together with shapes (128,10) (128,) 
Traceback (most recent call last):
  File "/mnt/c/Users/thaih/HK252/DATN/p2pfl/p2pfl/node.py", line 417, in __start_learning
    self.learning_workflow.run(
  File "/mnt/c/Users/thaih/HK252/DATN/p2pfl/p2pfl/stages/workflows.py", line 46, in run
    next_stage = self.current_stage.execute(**kwargs)
                 ^^^^^^^^^^^^^^^^^^^^^^^^^^^^^^^^^^^^
  File "/mnt/c/Users/thaih/HK252/DATN/p2pfl/p2pfl/stages/base_node/train_stage.py", line 97, in execute
    agg_model = aggregator.wait_and_get_aggregation(state=state)
                ^^^^^^^^^^^^^^^^^^^^^^^^^^^^^^^^^^^^^^^^^^^^^^^^
  File "/mnt/c/Users/thaih/HK252/DATN/p2pfl/p2pfl/utils/node_component.py", line 36, in wrapper
    return method(self, *args, **kwargs)
           ^^^^^^^^^^^^^^^^^^^^^^^^^^^^^
  File "/mnt/c/Users/thaih/HK252/DATN/p2pfl/p2pfl/learning/aggregators/aggregator.py", line 233, in wait_and_get_aggregation
    result = self.aggregate(self.__models)
             ^^^^^^^^^^^^^^^^^^^^^^^^^^^^^
  File "/mnt/c/Users/thaih/HK252/DATN/p2pfl/p2pfl/utils/node_component.py", line 36, in wrapper
    return method(self, *args, **kwargs)
           ^^^^^^^^^^^^^^^^^^^^^^^^^^^^^
  File "/mnt/c/Users/thaih/HK252/DATN/p2pfl/p2pfl/learning/aggregators/dfedadp.py", line 104, in aggregate
    updated_consensus.append(acc + w_ij * self_delta[idx])
                             ~~~~^~~~~~~~~~~~~~~~~~~~~~~~
ValueError: operands could not be broadcast together with shapes (128,10) (128,) 

[ 2026-03-14 05:09:09 | node | INFO ] Stopping node...
[ 2026-03-14 05:09:09 | ActorPool | INFO ] Shutting down pool with 1 idle actors.
[ 2026-03-14 05:09:09 | node_2 | INFO ] Stopping node...
[ 2026-03-14 05:09:09 | ActorPool | INFO ] Shutting down pool with 1 idle actors.
[ 2026-03-14 05:09:09 | node_1 | INFO ] 🛑 Stopping gossiper...
[ 2026-03-14 05:09:09 | ActorPool | INFO ] Shutting down pool with 1 idle actors.
[ 2026-03-14 05:09:09 | node | INFO ] 🛑 Stopping gossiper...
[ 2026-03-14 05:09:09 | node_1 | INFO ] InMemoryServer stopped at node_1
[ 2026-03-14 05:09:09 | node_2 | INFO ] 🛑 Stopping gossiper...
[ 2026-03-14 05:09:09 | node | INFO ] InMemoryServer stopped at node
[ 2026-03-14 05:09:09 | node_2 | INFO ] InMemoryServer stopped at node_2
[ 2026-03-14 05:23:57 | node | INFO ] Stopping node...
[ 2026-03-14 05:23:57 | node_1 | INFO ] Stopping node...
[ 2026-03-14 05:23:57 | node_2 | INFO ] Stopping node...
