[ 2026-03-20 02:53:07 | None | INFO ] Created experiment folder: /mnt/c/Users/thaih/HK252/DATN/p2pfl/experiments/p2pfl_MNIST_RandomIIDPartitionStrategy_FedAvg_model_build_fn_20260320_025307 and copied mnist.yaml
[ 2026-03-20 02:53:07 | None | INFO ] Set simulation heartbeat: timeout=99999s, period=10s
[ 2026-03-20 02:53:22 | node | INFO ] InMemoryServer started at node
[ 2026-03-20 02:53:22 | node | INFO ] 🏁 Starting gossiper...
[ 2026-03-20 02:53:22 | None | INFO ] 🚀 Created 0/3 nodes, waiting 1.00s for CPU to breathe...
[ 2026-03-20 02:53:23 | node_1 | INFO ] InMemoryServer started at node_1
[ 2026-03-20 02:53:23 | node_1 | INFO ] 🏁 Starting gossiper...
[ 2026-03-20 02:53:24 | node_2 | INFO ] InMemoryServer started at node_2
[ 2026-03-20 02:53:24 | node_2 | INFO ] 🏁 Starting gossiper...
[ 2026-03-20 02:53:25 |  | INFO ] Connected nodes node and node_1
[ 2026-03-20 02:53:25 |  | INFO ] Connected nodes node and node_2
[ 2026-03-20 02:53:25 |  | INFO ] Connected nodes node_1 and node_2
[ 2026-03-20 02:53:25 | None | INFO ] 📡 Performing global simulation discovery for 3 nodes...
[ 2026-03-20 02:53:25 | None | INFO ] ⌛ Waiting for direct topology connections (2-2 per node)...
[ 2026-03-20 02:53:25 | None | INFO ] ✅ Network topology ready.
[ 2026-03-20 02:53:25 | node | INFO ] 🚀 Broadcasting start learning to 3 nodes...
[ 2026-03-20 02:53:25 | node_1 | INFO ] 🔍 Neighbors found: ['node', 'node_2'] | Degree: 2
[ 2026-03-20 02:53:25 | node_2 | INFO ] 🔍 Neighbors found: ['node', 'node_1'] | Degree: 2
[ 2026-03-20 02:53:25 | node_1 | INFO ] ⏳ Waiting initialization.
[ 2026-03-20 02:53:25 | node_2 | INFO ] ⏳ Waiting initialization.
[ 2026-03-20 02:53:25 | node | INFO ] 🔍 Neighbors found: ['node_1', 'node_2'] | Degree: 2
[ 2026-03-20 02:53:25 | node | INFO ] ⏳ Waiting initialization.
[ 2026-03-20 02:53:25 | node | INFO ] 🗣️ Gossiping model initialization.
[ 2026-03-20 02:53:27 | node_1 | INFO ] 🗣️ Gossiping model initialization.
[ 2026-03-20 02:53:27 | node_2 | INFO ] 🗣️ Gossiping model initialization.
[ 2026-03-20 02:53:28 | node_1 | INFO ] 🤫 Gossip finished.
[ 2026-03-20 02:53:28 | node_2 | INFO ] 🤫 Gossip finished.
[ 2026-03-20 02:53:28 | node | INFO ] 🤫 Gossip finished.
[ 2026-03-20 02:53:45 | node_1 | INFO ] 🚂 Train set of 3 nodes (all available nodes): ['node', 'node_2', 'node_1']
[ 2026-03-20 02:53:45 | node_2 | INFO ] 🚂 Train set of 3 nodes (all available nodes): ['node', 'node_1', 'node_2']
[ 2026-03-20 02:53:45 | node | INFO ] 🚂 Train set of 3 nodes (all available nodes): ['node_1', 'node_2', 'node']
[ 2026-03-20 02:53:45 | node_1 | INFO ] 🏋️‍♀️ Preparing training...
[ 2026-03-20 02:53:45 | node_2 | INFO ] 🏋️‍♀️ Preparing training...
[ 2026-03-20 02:53:45 | node | INFO ] 🏋️‍♀️ Preparing training...
[ 2026-03-20 02:57:19 | node | INFO ] 🎓 Training step done.
[ 2026-03-20 02:57:19 | node_1 | INFO ] 🎓 Training step done.
[ 2026-03-20 02:57:19 | node | INFO ] 🛠️ Calling force_add_local_model...
[ 2026-03-20 02:57:19 | node_1 | INFO ] 🛠️ Calling force_add_local_model...
[ 2026-03-20 02:57:19 | node | INFO ] ✅ [FORCE] Local model added for round 0. (1/3)
[ 2026-03-20 02:57:19 | node_1 | INFO ] ✅ [FORCE] Local model added for round 0. (1/3)
[ 2026-03-20 02:57:24 | node | INFO ] 📤 Sending model to 2 direct neighbors: ['node_1', 'node_2']
[ 2026-03-20 02:57:24 | node_1 | INFO ] 📤 Sending model to 2 direct neighbors: ['node', 'node_2']
[ 2026-03-20 02:57:24 | node_1 | INFO ] 🧩 Model added for round 0 (2/3) from ['node']
[ 2026-03-20 02:57:24 | node | INFO ] 🧩 Model added for round 0 (2/3) from ['node_1']
[ 2026-03-20 02:57:25 | node_2 | INFO ] 🧩 Model added for round 0 (1/3) from ['node']
[ 2026-03-20 02:57:25 | node_2 | INFO ] 🧩 Model added for round 0 (2/3) from ['node_1']
[ 2026-03-20 02:57:46 | node_2 | INFO ] 🎓 Training step done.
[ 2026-03-20 02:57:46 | node_2 | INFO ] 🛠️ Calling force_add_local_model...
[ 2026-03-20 02:57:46 | node_2 | INFO ] ✅ [FORCE] Local model added for round 0. (3/3)
[ 2026-03-20 02:57:51 | node_2 | INFO ] 📤 Sending model to 2 direct neighbors: ['node', 'node_1']
[ 2026-03-20 02:57:52 | node | INFO ] 🧩 Model added for round 0 (3/3) from ['node_2']
[ 2026-03-20 02:57:52 | node | INFO ] 🧠 Aggregation complete. Setting new model.
[ 2026-03-20 02:57:52 | node_1 | INFO ] 🧩 Model added for round 0 (3/3) from ['node_2']
[ 2026-03-20 02:57:52 | node_1 | INFO ] 🧠 Aggregation complete. Setting new model.
[ 2026-03-20 02:57:52 | node_2 | INFO ] 🧠 Aggregation complete. Setting new model.
[ 2026-03-20 02:57:52 | node | INFO ] 🗣️ Gossiping aggregated model.
[ 2026-03-20 02:57:52 | node_1 | INFO ] 🗣️ Gossiping aggregated model.
[ 2026-03-20 02:57:52 | node_2 | INFO ] 🗣️ Gossiping aggregated model.
[ 2026-03-20 02:57:52 | node | INFO ] 🤫 Gossip finished.
[ 2026-03-20 02:57:52 | node_1 | INFO ] 🤫 Gossip finished.
[ 2026-03-20 02:57:52 | node_2 | INFO ] 🤫 Gossip finished.
[ 2026-03-20 02:57:52 | node | INFO ] 🔬 Evaluating...
[ 2026-03-20 02:57:52 | node_2 | INFO ] 🔬 Evaluating...
[ 2026-03-20 02:57:52 | node_1 | INFO ] 🔬 Evaluating...
[ 2026-03-20 02:57:53 | node_2 | INFO ] 📈 Evaluated. Results: {'test_loss': 0.5582956075668335, 'test_acc': 0.8443113565444946, 'test_precision': 0.870481550693512, 'test_recall': 0.8537596464157104, 'test_f1': 0.8322877287864685, 'communication_cost': 1882068}
[ 2026-03-20 02:57:53 | node | INFO ] 📈 Evaluated. Results: {'test_loss': 0.40218526124954224, 'test_acc': 0.8622754216194153, 'test_precision': 0.8801771998405457, 'test_recall': 0.8566609621047974, 'test_f1': 0.8459839820861816, 'communication_cost': 1882068}
[ 2026-03-20 02:57:53 | node_2 | INFO ] 📢 Broadcasting metrics.
[ 2026-03-20 02:57:53 | node | INFO ] 📢 Broadcasting metrics.
[ 2026-03-20 02:57:53 | node_2 | INFO ] 🎉 Round 1 of 10 finished.
[ 2026-03-20 02:57:53 | node | INFO ] 🎉 Round 1 of 10 finished.
[ 2026-03-20 02:57:53 | node_1 | INFO ] 📈 Evaluated. Results: {'test_loss': 0.44174033403396606, 'test_acc': 0.8622754216194153, 'test_precision': 0.8804897665977478, 'test_recall': 0.8398022651672363, 'test_f1': 0.8315353989601135, 'communication_cost': 1882068}
[ 2026-03-20 02:57:53 | node_1 | INFO ] 📢 Broadcasting metrics.
[ 2026-03-20 02:57:53 | node_2 | INFO ] 🗳️ [DETERMINISTIC] Train set assigned (No Voting). Size: 3
[ 2026-03-20 02:57:53 | node | INFO ] 🗳️ [DETERMINISTIC] Train set assigned (No Voting). Size: 3
[ 2026-03-20 02:57:53 | node_2 | INFO ] 🏋️‍♀️ Preparing training...
[ 2026-03-20 02:57:53 | node | INFO ] 🏋️‍♀️ Preparing training...
[ 2026-03-20 02:57:53 | node_1 | INFO ] 🎉 Round 1 of 10 finished.
[ 2026-03-20 02:57:53 | node_1 | INFO ] 🗳️ [DETERMINISTIC] Train set assigned (No Voting). Size: 3
[ 2026-03-20 02:57:53 | node_1 | INFO ] 🏋️‍♀️ Preparing training...
[ 2026-03-20 02:57:56 | node_2 | INFO ] 🎓 Training step done.
[ 2026-03-20 02:57:56 | node_2 | INFO ] 🛠️ Calling force_add_local_model...
[ 2026-03-20 02:57:56 | node | INFO ] 🎓 Training step done.
[ 2026-03-20 02:57:56 | node_2 | INFO ] ✅ [FORCE] Local model added for round 1. (1/3)
[ 2026-03-20 02:57:56 | node | INFO ] 🛠️ Calling force_add_local_model...
[ 2026-03-20 02:57:56 | node | INFO ] ✅ [FORCE] Local model added for round 1. (1/3)
[ 2026-03-20 02:57:56 | node_1 | INFO ] 🎓 Training step done.
[ 2026-03-20 02:57:56 | node_1 | INFO ] 🛠️ Calling force_add_local_model...
[ 2026-03-20 02:57:56 | node_1 | INFO ] ✅ [FORCE] Local model added for round 1. (1/3)
[ 2026-03-20 02:58:01 | node_2 | INFO ] 📤 Sending model to 2 direct neighbors: ['node', 'node_1']
[ 2026-03-20 02:58:01 | node | INFO ] 📤 Sending model to 2 direct neighbors: ['node_1', 'node_2']
[ 2026-03-20 02:58:01 | node_1 | INFO ] 🧩 Model added for round 1 (2/3) from ['node']
[ 2026-03-20 02:58:01 | node | INFO ] 🧩 Model added for round 1 (2/3) from ['node_2']
[ 2026-03-20 02:58:01 | node_2 | INFO ] 🧩 Model added for round 1 (2/3) from ['node']
[ 2026-03-20 02:58:01 | node_1 | INFO ] 🧩 Model added for round 1 (3/3) from ['node_2']
[ 2026-03-20 02:58:01 | node_1 | INFO ] 📤 Sending model to 2 direct neighbors: ['node', 'node_2']
[ 2026-03-20 02:58:01 | node | INFO ] 🧩 Model added for round 1 (3/3) from ['node_1']
[ 2026-03-20 02:58:01 | node | INFO ] 🧠 Aggregation complete. Setting new model.
[ 2026-03-20 02:58:01 | node | INFO ] 🗣️ Gossiping aggregated model.
[ 2026-03-20 02:58:01 | node_2 | INFO ] 🧩 Model added for round 1 (3/3) from ['node_1']
[ 2026-03-20 02:58:01 | node_2 | INFO ] 🧠 Aggregation complete. Setting new model.
[ 2026-03-20 02:58:01 | node_1 | INFO ] 🧠 Aggregation complete. Setting new model.
[ 2026-03-20 02:58:01 | node_2 | INFO ] 🗣️ Gossiping aggregated model.
[ 2026-03-20 02:58:01 | node_1 | INFO ] 🗣️ Gossiping aggregated model.
[ 2026-03-20 02:58:00 | node_1 | INFO ] 🤫 Gossip finished.
[ 2026-03-20 02:58:00 | node_2 | INFO ] 🤫 Gossip finished.
[ 2026-03-20 02:58:00 | node_1 | INFO ] 🔬 Evaluating...
[ 2026-03-20 02:58:00 | node_2 | INFO ] 🔬 Evaluating...
[ 2026-03-20 02:58:01 | node_1 | INFO ] 📈 Evaluated. Results: {'test_loss': 0.2730924189090729, 'test_acc': 0.886227548122406, 'test_precision': 0.8785814046859741, 'test_recall': 0.8606899976730347, 'test_f1': 0.8558109402656555, 'communication_cost': 1882068}
[ 2026-03-20 02:58:01 | node_2 | INFO ] 📈 Evaluated. Results: {'test_loss': 0.37915724515914917, 'test_acc': 0.901197612285614, 'test_precision': 0.9031179547309875, 'test_recall': 0.9044396877288818, 'test_f1': 0.8935879468917847, 'communication_cost': 1882068}
[ 2026-03-20 02:58:01 | node_1 | INFO ] 📢 Broadcasting metrics.
[ 2026-03-20 02:58:01 | node_2 | INFO ] 📢 Broadcasting metrics.
[ 2026-03-20 02:58:01 | node_1 | INFO ] 🎉 Round 2 of 10 finished.
[ 2026-03-20 02:58:01 | node_2 | INFO ] 🎉 Round 2 of 10 finished.
[ 2026-03-20 02:58:01 | node_1 | INFO ] 🗳️ [DETERMINISTIC] Train set assigned (No Voting). Size: 3
[ 2026-03-20 02:58:01 | node_2 | INFO ] 🗳️ [DETERMINISTIC] Train set assigned (No Voting). Size: 3
[ 2026-03-20 02:58:01 | node_1 | INFO ] 🏋️‍♀️ Preparing training...
[ 2026-03-20 02:58:01 | node_2 | INFO ] 🏋️‍♀️ Preparing training...
[ 2026-03-20 02:58:01 | node | INFO ] 🤫 Gossip finished.
[ 2026-03-20 02:58:01 | node | INFO ] 🔬 Evaluating...
[ 2026-03-20 02:58:02 | node | INFO ] 📈 Evaluated. Results: {'test_loss': 0.30465155839920044, 'test_acc': 0.916167676448822, 'test_precision': 0.9283604621887207, 'test_recall': 0.9072303771972656, 'test_f1': 0.9062753319740295, 'communication_cost': 1882068}
[ 2026-03-20 02:58:02 | node | INFO ] 📢 Broadcasting metrics.
[ 2026-03-20 02:58:02 | node | INFO ] 🎉 Round 2 of 10 finished.
[ 2026-03-20 02:58:02 | node | INFO ] 🗳️ [DETERMINISTIC] Train set assigned (No Voting). Size: 3
[ 2026-03-20 02:58:02 | node | INFO ] 🏋️‍♀️ Preparing training...
[ 2026-03-20 02:58:03 | node_2 | INFO ] 🎓 Training step done.
[ 2026-03-20 02:58:03 | node_2 | INFO ] 🛠️ Calling force_add_local_model...
[ 2026-03-20 02:58:03 | node_1 | INFO ] 🎓 Training step done.
[ 2026-03-20 02:58:03 | node_2 | INFO ] ✅ [FORCE] Local model added for round 2. (1/3)
[ 2026-03-20 02:58:03 | node_1 | INFO ] 🛠️ Calling force_add_local_model...
[ 2026-03-20 02:58:03 | node_1 | INFO ] ✅ [FORCE] Local model added for round 2. (1/3)
[ 2026-03-20 02:58:04 | node | INFO ] 🎓 Training step done.
[ 2026-03-20 02:58:04 | node | INFO ] 🛠️ Calling force_add_local_model...
[ 2026-03-20 02:58:04 | node | INFO ] ✅ [FORCE] Local model added for round 2. (1/3)
[ 2026-03-20 02:58:08 | node_2 | INFO ] 📤 Sending model to 2 direct neighbors: ['node', 'node_1']
[ 2026-03-20 02:58:08 | node_1 | INFO ] 📤 Sending model to 2 direct neighbors: ['node', 'node_2']
[ 2026-03-20 02:58:08 | node | INFO ] 🧩 Model added for round 2 (2/3) from ['node_2']
[ 2026-03-20 02:58:08 | node | INFO ] 🧩 Model added for round 2 (3/3) from ['node_1']
[ 2026-03-20 02:58:08 | node_1 | INFO ] 🧩 Model added for round 2 (2/3) from ['node_2']
[ 2026-03-20 02:58:08 | node_2 | INFO ] 🧩 Model added for round 2 (2/3) from ['node_1']
[ 2026-03-20 02:58:09 | node | INFO ] 📤 Sending model to 2 direct neighbors: ['node_1', 'node_2']
[ 2026-03-20 02:58:09 | node_1 | INFO ] 🧩 Model added for round 2 (3/3) from ['node']
[ 2026-03-20 02:58:09 | node_1 | INFO ] 🧠 Aggregation complete. Setting new model.
[ 2026-03-20 02:58:09 | node_1 | INFO ] 🗣️ Gossiping aggregated model.
[ 2026-03-20 02:58:09 | node_2 | INFO ] 🧩 Model added for round 2 (3/3) from ['node']
[ 2026-03-20 02:58:09 | node_2 | INFO ] 🧠 Aggregation complete. Setting new model.
[ 2026-03-20 02:58:09 | node | INFO ] 🧠 Aggregation complete. Setting new model.
[ 2026-03-20 02:58:09 | node_2 | INFO ] 🗣️ Gossiping aggregated model.
[ 2026-03-20 02:58:09 | node | INFO ] 🗣️ Gossiping aggregated model.
[ 2026-03-20 02:58:09 | node_2 | INFO ] 🤫 Gossip finished.
[ 2026-03-20 02:58:09 | node | INFO ] 🤫 Gossip finished.
[ 2026-03-20 02:58:09 | node_2 | INFO ] 🔬 Evaluating...
[ 2026-03-20 02:58:09 | node | INFO ] 🔬 Evaluating...
[ 2026-03-20 02:58:10 | node_2 | INFO ] 📈 Evaluated. Results: {'test_loss': 0.27025169134140015, 'test_acc': 0.9131736755371094, 'test_precision': 0.9127214550971985, 'test_recall': 0.916415810585022, 'test_f1': 0.9068484902381897, 'communication_cost': 1882068}
[ 2026-03-20 02:58:10 | node | INFO ] 📈 Evaluated. Results: {'test_loss': 0.18661291897296906, 'test_acc': 0.946107804775238, 'test_precision': 0.9524062871932983, 'test_recall': 0.9374660849571228, 'test_f1': 0.94007807970047, 'communication_cost': 1882068}
[ 2026-03-20 02:58:10 | node_2 | INFO ] 📢 Broadcasting metrics.
[ 2026-03-20 02:58:10 | node | INFO ] 📢 Broadcasting metrics.
[ 2026-03-20 02:58:10 | node_2 | INFO ] 🎉 Round 3 of 10 finished.
[ 2026-03-20 02:58:10 | node_2 | INFO ] 🗳️ [DETERMINISTIC] Train set assigned (No Voting). Size: 3
[ 2026-03-20 02:58:10 | node_2 | INFO ] 🏋️‍♀️ Preparing training...
[ 2026-03-20 02:58:10 | node | INFO ] 🎉 Round 3 of 10 finished.
[ 2026-03-20 02:58:10 | node | INFO ] 🗳️ [DETERMINISTIC] Train set assigned (No Voting). Size: 3
[ 2026-03-20 02:58:10 | node | INFO ] 🏋️‍♀️ Preparing training...
[ 2026-03-20 02:58:10 | node_1 | INFO ] 🤫 Gossip finished.
[ 2026-03-20 02:58:10 | node_1 | INFO ] 🔬 Evaluating...
[ 2026-03-20 02:58:11 | node_1 | INFO ] 📈 Evaluated. Results: {'test_loss': 0.18006323277950287, 'test_acc': 0.9431137442588806, 'test_precision': 0.9276734590530396, 'test_recall': 0.9263139367103577, 'test_f1': 0.9172743558883667, 'communication_cost': 1882068}
[ 2026-03-20 02:58:11 | node_1 | INFO ] 📢 Broadcasting metrics.
[ 2026-03-20 02:58:12 | node_1 | INFO ] 🎉 Round 3 of 10 finished.
[ 2026-03-20 02:58:12 | node_1 | INFO ] 🗳️ [DETERMINISTIC] Train set assigned (No Voting). Size: 3
[ 2026-03-20 02:58:12 | node_1 | INFO ] 🏋️‍♀️ Preparing training...
[ 2026-03-20 02:58:12 | node_2 | INFO ] 🎓 Training step done.
[ 2026-03-20 02:58:12 | node_2 | INFO ] 🛠️ Calling force_add_local_model...
[ 2026-03-20 02:58:12 | node_2 | INFO ] ✅ [FORCE] Local model added for round 3. (1/3)
[ 2026-03-20 02:58:13 | node | INFO ] 🎓 Training step done.
[ 2026-03-20 02:58:13 | node | INFO ] 🛠️ Calling force_add_local_model...
[ 2026-03-20 02:58:13 | node | INFO ] ✅ [FORCE] Local model added for round 3. (1/3)
[ 2026-03-20 02:58:13 | node_1 | INFO ] 🎓 Training step done.
[ 2026-03-20 02:58:13 | node_1 | INFO ] 🛠️ Calling force_add_local_model...
[ 2026-03-20 02:58:13 | node_1 | INFO ] ✅ [FORCE] Local model added for round 3. (1/3)
[ 2026-03-20 02:58:17 | node_2 | INFO ] 📤 Sending model to 2 direct neighbors: ['node', 'node_1']
[ 2026-03-20 02:58:18 | node | INFO ] 🧩 Model added for round 3 (2/3) from ['node_2']
[ 2026-03-20 02:58:18 | node | INFO ] 📤 Sending model to 2 direct neighbors: ['node_1', 'node_2']
[ 2026-03-20 02:58:18 | node_1 | INFO ] 🧩 Model added for round 3 (2/3) from ['node_2']
[ 2026-03-20 02:58:18 | node_1 | INFO ] 🧩 Model added for round 3 (3/3) from ['node']
[ 2026-03-20 02:58:18 | node_2 | INFO ] 🧩 Model added for round 3 (2/3) from ['node']
[ 2026-03-20 02:58:18 | node_1 | INFO ] 📤 Sending model to 2 direct neighbors: ['node', 'node_2']
[ 2026-03-20 02:58:18 | node | INFO ] 🧩 Model added for round 3 (3/3) from ['node_1']
[ 2026-03-20 02:58:18 | node | INFO ] 🧠 Aggregation complete. Setting new model.
[ 2026-03-20 02:58:18 | node | INFO ] 🗣️ Gossiping aggregated model.
[ 2026-03-20 02:58:18 | node_2 | INFO ] 🧩 Model added for round 3 (3/3) from ['node_1']
[ 2026-03-20 02:58:19 | node_2 | INFO ] 🧠 Aggregation complete. Setting new model.
[ 2026-03-20 02:58:19 | node_1 | INFO ] 🧠 Aggregation complete. Setting new model.
[ 2026-03-20 02:58:19 | node_2 | INFO ] 🗣️ Gossiping aggregated model.
[ 2026-03-20 02:58:19 | node_2 | INFO ] 🤫 Gossip finished.
[ 2026-03-20 02:58:19 | node_1 | INFO ] 🗣️ Gossiping aggregated model.
[ 2026-03-20 02:58:19 | node_2 | INFO ] 🔬 Evaluating...
[ 2026-03-20 02:58:19 | node_1 | INFO ] 🤫 Gossip finished.
[ 2026-03-20 02:58:19 | node_1 | INFO ] 🔬 Evaluating...
[ 2026-03-20 02:58:19 | node_2 | INFO ] 📈 Evaluated. Results: {'test_loss': 0.2855527400970459, 'test_acc': 0.9221556782722473, 'test_precision': 0.9311269521713257, 'test_recall': 0.9320417642593384, 'test_f1': 0.9263558983802795, 'communication_cost': 1882068}
[ 2026-03-20 02:58:19 | node_1 | INFO ] 📈 Evaluated. Results: {'test_loss': 0.14680933952331543, 'test_acc': 0.9520958065986633, 'test_precision': 0.9404565691947937, 'test_recall': 0.9346317052841187, 'test_f1': 0.9289774894714355, 'communication_cost': 1882068}
[ 2026-03-20 02:58:19 | node_2 | INFO ] 📢 Broadcasting metrics.
[ 2026-03-20 02:58:19 | node_1 | INFO ] 📢 Broadcasting metrics.
[ 2026-03-20 02:58:19 | node_2 | INFO ] 🎉 Round 4 of 10 finished.
[ 2026-03-20 02:58:19 | node_2 | INFO ] 🗳️ [DETERMINISTIC] Train set assigned (No Voting). Size: 3
[ 2026-03-20 02:58:19 | node_2 | INFO ] 🏋️‍♀️ Preparing training...
[ 2026-03-20 02:58:19 | node_1 | INFO ] 🎉 Round 4 of 10 finished.
[ 2026-03-20 02:58:19 | node_1 | INFO ] 🗳️ [DETERMINISTIC] Train set assigned (No Voting). Size: 3
[ 2026-03-20 02:58:20 | node_1 | INFO ] 🏋️‍♀️ Preparing training...
[ 2026-03-20 02:58:20 | node | INFO ] 🤫 Gossip finished.
[ 2026-03-20 02:58:20 | node | INFO ] 🔬 Evaluating...
[ 2026-03-20 02:58:21 | node | INFO ] 📈 Evaluated. Results: {'test_loss': 0.22449274361133575, 'test_acc': 0.9520958065986633, 'test_precision': 0.957443118095398, 'test_recall': 0.9477778673171997, 'test_f1': 0.9464066624641418, 'communication_cost': 1882068}
[ 2026-03-20 02:58:21 | node | INFO ] 📢 Broadcasting metrics.
[ 2026-03-20 02:58:21 | node | INFO ] 🎉 Round 4 of 10 finished.
[ 2026-03-20 02:58:21 | node | INFO ] 🗳️ [DETERMINISTIC] Train set assigned (No Voting). Size: 3
[ 2026-03-20 02:58:21 | node | INFO ] 🏋️‍♀️ Preparing training...
[ 2026-03-20 02:58:22 | node_2 | INFO ] 🎓 Training step done.
[ 2026-03-20 02:58:22 | node_2 | INFO ] 🛠️ Calling force_add_local_model...
[ 2026-03-20 02:58:22 | node_2 | INFO ] ✅ [FORCE] Local model added for round 4. (1/3)
[ 2026-03-20 02:58:22 | node_1 | INFO ] 🎓 Training step done.
[ 2026-03-20 02:58:22 | node_1 | INFO ] 🛠️ Calling force_add_local_model...
[ 2026-03-20 02:58:22 | node_1 | INFO ] ✅ [FORCE] Local model added for round 4. (1/3)
[ 2026-03-20 02:58:22 | node | INFO ] 🎓 Training step done.
[ 2026-03-20 02:58:22 | node | INFO ] 🛠️ Calling force_add_local_model...
[ 2026-03-20 02:58:22 | node | INFO ] ✅ [FORCE] Local model added for round 4. (1/3)
[ 2026-03-20 02:58:27 | node_2 | INFO ] 📤 Sending model to 2 direct neighbors: ['node', 'node_1']
[ 2026-03-20 02:58:27 | node | INFO ] 🧩 Model added for round 4 (2/3) from ['node_2']
[ 2026-03-20 02:58:27 | node_1 | INFO ] 🧩 Model added for round 4 (2/3) from ['node_2']
[ 2026-03-20 02:58:27 | node_1 | INFO ] 📤 Sending model to 2 direct neighbors: ['node', 'node_2']
[ 2026-03-20 02:58:27 | node | INFO ] 🧩 Model added for round 4 (3/3) from ['node_1']
[ 2026-03-20 02:58:27 | node_2 | INFO ] 🧩 Model added for round 4 (2/3) from ['node_1']
[ 2026-03-20 02:58:27 | node | INFO ] 📤 Sending model to 2 direct neighbors: ['node_1', 'node_2']
[ 2026-03-20 02:58:27 | node_1 | INFO ] 🧩 Model added for round 4 (3/3) from ['node']
[ 2026-03-20 02:58:28 | node_1 | INFO ] 🧠 Aggregation complete. Setting new model.
[ 2026-03-20 02:58:28 | node_1 | INFO ] 🗣️ Gossiping aggregated model.
[ 2026-03-20 02:58:28 | node_2 | INFO ] 🧩 Model added for round 4 (3/3) from ['node']
[ 2026-03-20 02:58:28 | node_2 | INFO ] 🧠 Aggregation complete. Setting new model.
[ 2026-03-20 02:58:28 | node | INFO ] 🧠 Aggregation complete. Setting new model.
[ 2026-03-20 02:58:28 | node_2 | INFO ] 🗣️ Gossiping aggregated model.
[ 2026-03-20 02:58:28 | node | INFO ] 🗣️ Gossiping aggregated model.
[ 2026-03-20 02:58:28 | node | INFO ] 🤫 Gossip finished.
[ 2026-03-20 02:58:28 | node | INFO ] 🔬 Evaluating...
[ 2026-03-20 02:58:28 | node | INFO ] 📈 Evaluated. Results: {'test_loss': 0.13184764981269836, 'test_acc': 0.9670658707618713, 'test_precision': 0.9727251529693604, 'test_recall': 0.9641327857971191, 'test_f1': 0.9651823043823242, 'communication_cost': 1882068}
[ 2026-03-20 02:58:28 | node | INFO ] 📢 Broadcasting metrics.
[ 2026-03-20 02:58:28 | node | INFO ] 🎉 Round 5 of 10 finished.
[ 2026-03-20 02:58:28 | node | INFO ] 🗳️ [DETERMINISTIC] Train set assigned (No Voting). Size: 3
[ 2026-03-20 02:58:29 | node | INFO ] 🏋️‍♀️ Preparing training...
[ 2026-03-20 02:58:29 | node_1 | INFO ] 🤫 Gossip finished.
[ 2026-03-20 02:58:29 | node_2 | INFO ] 🤫 Gossip finished.
[ 2026-03-20 02:58:29 | node_1 | INFO ] 🔬 Evaluating...
[ 2026-03-20 02:58:29 | node_2 | INFO ] 🔬 Evaluating...
[ 2026-03-20 02:58:30 | node_2 | INFO ] 📈 Evaluated. Results: {'test_loss': 0.25647592544555664, 'test_acc': 0.9431137442588806, 'test_precision': 0.9443190097808838, 'test_recall': 0.9449039101600647, 'test_f1': 0.9396843910217285, 'communication_cost': 1882068}
[ 2026-03-20 02:58:30 | node_1 | INFO ] 📈 Evaluated. Results: {'test_loss': 0.1441551148891449, 'test_acc': 0.9670658707618713, 'test_precision': 0.9612019062042236, 'test_recall': 0.9613224267959595, 'test_f1': 0.956040620803833, 'communication_cost': 1882068}
[ 2026-03-20 02:58:30 | node_2 | INFO ] 📢 Broadcasting metrics.
[ 2026-03-20 02:58:30 | node_1 | INFO ] 📢 Broadcasting metrics.
[ 2026-03-20 02:58:30 | node_2 | INFO ] 🎉 Round 5 of 10 finished.
[ 2026-03-20 02:58:30 | node_2 | INFO ] 🗳️ [DETERMINISTIC] Train set assigned (No Voting). Size: 3
[ 2026-03-20 02:58:30 | node_2 | INFO ] 🏋️‍♀️ Preparing training...
[ 2026-03-20 02:58:30 | node_1 | INFO ] 🎉 Round 5 of 10 finished.
[ 2026-03-20 02:58:30 | node_1 | INFO ] 🗳️ [DETERMINISTIC] Train set assigned (No Voting). Size: 3
[ 2026-03-20 02:58:30 | node_1 | INFO ] 🏋️‍♀️ Preparing training...
[ 2026-03-20 02:58:31 | node | INFO ] 🎓 Training step done.
[ 2026-03-20 02:58:31 | node | INFO ] 🛠️ Calling force_add_local_model...
[ 2026-03-20 02:58:31 | node | INFO ] ✅ [FORCE] Local model added for round 5. (1/3)
[ 2026-03-20 02:58:32 | node_2 | INFO ] 🎓 Training step done.
[ 2026-03-20 02:58:32 | node_2 | INFO ] 🛠️ Calling force_add_local_model...
[ 2026-03-20 02:58:32 | node_2 | INFO ] ✅ [FORCE] Local model added for round 5. (1/3)
[ 2026-03-20 02:58:32 | node_1 | INFO ] 🎓 Training step done.
[ 2026-03-20 02:58:32 | node_1 | INFO ] 🛠️ Calling force_add_local_model...
[ 2026-03-20 02:58:32 | node_1 | INFO ] ✅ [FORCE] Local model added for round 5. (1/3)
[ 2026-03-20 02:58:35 | node | INFO ] 📤 Sending model to 2 direct neighbors: ['node_1', 'node_2']
[ 2026-03-20 02:58:35 | node_1 | INFO ] 🧩 Model added for round 5 (2/3) from ['node']
[ 2026-03-20 02:58:35 | node_2 | INFO ] 🧩 Model added for round 5 (2/3) from ['node']
[ 2026-03-20 02:58:35 | node_2 | INFO ] 📤 Sending model to 2 direct neighbors: ['node', 'node_1']
[ 2026-03-20 02:58:35 | node_1 | INFO ] 📤 Sending model to 2 direct neighbors: ['node', 'node_2']
[ 2026-03-20 02:58:35 | node | INFO ] 🧩 Model added for round 5 (2/3) from ['node_2']
[ 2026-03-20 02:58:35 | node | INFO ] 🧩 Model added for round 5 (3/3) from ['node_1']
[ 2026-03-20 02:58:36 | node | INFO ] 🧠 Aggregation complete. Setting new model.
[ 2026-03-20 02:58:36 | node | INFO ] 🗣️ Gossiping aggregated model.
[ 2026-03-20 02:58:36 | node_1 | INFO ] 🧩 Model added for round 5 (3/3) from ['node_2']
[ 2026-03-20 02:58:36 | node_2 | INFO ] 🧩 Model added for round 5 (3/3) from ['node_1']
[ 2026-03-20 02:58:36 | node_2 | INFO ] 🧠 Aggregation complete. Setting new model.
[ 2026-03-20 02:58:36 | node_1 | INFO ] 🧠 Aggregation complete. Setting new model.
[ 2026-03-20 02:58:36 | node_2 | INFO ] 🗣️ Gossiping aggregated model.
[ 2026-03-20 02:58:36 | node_2 | INFO ] 🤫 Gossip finished.
[ 2026-03-20 02:58:36 | node_1 | INFO ] 🗣️ Gossiping aggregated model.
[ 2026-03-20 02:58:36 | node_1 | INFO ] 🤫 Gossip finished.
[ 2026-03-20 02:58:36 | node_2 | INFO ] 🔬 Evaluating...
[ 2026-03-20 02:58:36 | node_1 | INFO ] 🔬 Evaluating...
[ 2026-03-20 02:58:36 | node_1 | INFO ] 📈 Evaluated. Results: {'test_loss': 0.12645746767520905, 'test_acc': 0.955089807510376, 'test_precision': 0.9404866099357605, 'test_recall': 0.9440840482711792, 'test_f1': 0.9378109574317932, 'communication_cost': 1882068}
[ 2026-03-20 02:58:36 | node_2 | INFO ] 📈 Evaluated. Results: {'test_loss': 0.29979559779167175, 'test_acc': 0.9371257424354553, 'test_precision': 0.9350347518920898, 'test_recall': 0.9423490166664124, 'test_f1': 0.9315012097358704, 'communication_cost': 1882068}
[ 2026-03-20 02:58:36 | node_1 | INFO ] 📢 Broadcasting metrics.
[ 2026-03-20 02:58:36 | node_2 | INFO ] 📢 Broadcasting metrics.
[ 2026-03-20 02:58:36 | node_1 | INFO ] 🎉 Round 6 of 10 finished.
[ 2026-03-20 02:58:37 | node_1 | INFO ] 🗳️ [DETERMINISTIC] Train set assigned (No Voting). Size: 3
[ 2026-03-20 02:58:37 | node_1 | INFO ] 🏋️‍♀️ Preparing training...
[ 2026-03-20 02:58:37 | node_2 | INFO ] 🎉 Round 6 of 10 finished.
[ 2026-03-20 02:58:37 | node_2 | INFO ] 🗳️ [DETERMINISTIC] Train set assigned (No Voting). Size: 3
[ 2026-03-20 02:58:37 | node_2 | INFO ] 🏋️‍♀️ Preparing training...
[ 2026-03-20 02:58:37 | node | INFO ] 🤫 Gossip finished.
[ 2026-03-20 02:58:37 | node | INFO ] 🔬 Evaluating...
[ 2026-03-20 02:58:38 | node | INFO ] 📈 Evaluated. Results: {'test_loss': 0.19211329519748688, 'test_acc': 0.961077868938446, 'test_precision': 0.9639122486114502, 'test_recall': 0.9591522216796875, 'test_f1': 0.9594613313674927, 'communication_cost': 1882068}
[ 2026-03-20 02:58:38 | node | INFO ] 📢 Broadcasting metrics.
[ 2026-03-20 02:58:38 | node | INFO ] 🎉 Round 6 of 10 finished.
[ 2026-03-20 02:58:38 | node | INFO ] 🗳️ [DETERMINISTIC] Train set assigned (No Voting). Size: 3
[ 2026-03-20 02:58:38 | node | INFO ] 🏋️‍♀️ Preparing training...
[ 2026-03-20 02:58:39 | node_1 | INFO ] 🎓 Training step done.
[ 2026-03-20 02:58:39 | node_1 | INFO ] 🛠️ Calling force_add_local_model...
[ 2026-03-20 02:58:39 | node_1 | INFO ] ✅ [FORCE] Local model added for round 6. (1/3)
[ 2026-03-20 02:58:39 | node_2 | INFO ] 🎓 Training step done.
[ 2026-03-20 02:58:39 | node_2 | INFO ] 🛠️ Calling force_add_local_model...
[ 2026-03-20 02:58:39 | node_2 | INFO ] ✅ [FORCE] Local model added for round 6. (1/3)
[ 2026-03-20 02:58:40 | node | INFO ] 🎓 Training step done.
[ 2026-03-20 02:58:40 | node | INFO ] 🛠️ Calling force_add_local_model...
[ 2026-03-20 02:58:40 | node | INFO ] ✅ [FORCE] Local model added for round 6. (1/3)
[ 2026-03-20 02:58:44 | node_1 | INFO ] 📤 Sending model to 2 direct neighbors: ['node', 'node_2']
[ 2026-03-20 02:58:44 | node | INFO ] 🧩 Model added for round 6 (2/3) from ['node_1']
[ 2026-03-20 02:58:44 | node_2 | INFO ] 📤 Sending model to 2 direct neighbors: ['node', 'node_1']
[ 2026-03-20 02:58:44 | node_2 | INFO ] 🧩 Model added for round 6 (2/3) from ['node_1']
[ 2026-03-20 02:58:44 | node | INFO ] 🧩 Model added for round 6 (3/3) from ['node_2']
[ 2026-03-20 02:58:44 | node_1 | INFO ] 🧩 Model added for round 6 (2/3) from ['node_2']
[ 2026-03-20 02:58:45 | node | INFO ] 📤 Sending model to 2 direct neighbors: ['node_1', 'node_2']
[ 2026-03-20 02:58:45 | node_1 | INFO ] 🧩 Model added for round 6 (3/3) from ['node']
[ 2026-03-20 02:58:45 | node_1 | INFO ] 🧠 Aggregation complete. Setting new model.
[ 2026-03-20 02:58:45 | node_1 | INFO ] 🗣️ Gossiping aggregated model.
[ 2026-03-20 02:58:45 | node_2 | INFO ] 🧩 Model added for round 6 (3/3) from ['node']
[ 2026-03-20 02:58:45 | node_2 | INFO ] 🧠 Aggregation complete. Setting new model.
[ 2026-03-20 02:58:45 | node | INFO ] 🧠 Aggregation complete. Setting new model.
[ 2026-03-20 02:58:45 | node_2 | INFO ] 🗣️ Gossiping aggregated model.
[ 2026-03-20 02:58:45 | node | INFO ] 🗣️ Gossiping aggregated model.
[ 2026-03-20 02:58:45 | node_2 | INFO ] 🤫 Gossip finished.
[ 2026-03-20 02:58:45 | node | INFO ] 🤫 Gossip finished.
[ 2026-03-20 02:58:45 | node_2 | INFO ] 🔬 Evaluating...
[ 2026-03-20 02:58:45 | node | INFO ] 🔬 Evaluating...
[ 2026-03-20 02:58:46 | node_2 | INFO ] 📈 Evaluated. Results: {'test_loss': 0.29848819971084595, 'test_acc': 0.9371257424354553, 'test_precision': 0.9344556331634521, 'test_recall': 0.9418741464614868, 'test_f1': 0.9310879111289978, 'communication_cost': 1882068}
[ 2026-03-20 02:58:46 | node | INFO ] 📈 Evaluated. Results: {'test_loss': 0.23480448126792908, 'test_acc': 0.9640718698501587, 'test_precision': 0.967994213104248, 'test_recall': 0.9599506855010986, 'test_f1': 0.9615147113800049, 'communication_cost': 1882068}
[ 2026-03-20 02:58:46 | node_2 | INFO ] 📢 Broadcasting metrics.
[ 2026-03-20 02:58:46 | node | INFO ] 📢 Broadcasting metrics.
[ 2026-03-20 02:58:46 | node_2 | INFO ] 🎉 Round 7 of 10 finished.
[ 2026-03-20 02:58:46 | node_2 | INFO ] 🗳️ [DETERMINISTIC] Train set assigned (No Voting). Size: 3
[ 2026-03-20 02:58:46 | node_2 | INFO ] 🏋️‍♀️ Preparing training...
[ 2026-03-20 02:58:46 | node | INFO ] 🎉 Round 7 of 10 finished.
[ 2026-03-20 02:58:46 | node | INFO ] 🗳️ [DETERMINISTIC] Train set assigned (No Voting). Size: 3
[ 2026-03-20 02:58:46 | node | INFO ] 🏋️‍♀️ Preparing training...
[ 2026-03-20 02:58:46 | node_1 | INFO ] 🤫 Gossip finished.
[ 2026-03-20 02:58:46 | node_1 | INFO ] 🔬 Evaluating...
[ 2026-03-20 02:58:47 | node_1 | INFO ] 📈 Evaluated. Results: {'test_loss': 0.16799353063106537, 'test_acc': 0.9640718698501587, 'test_precision': 0.951344907283783, 'test_recall': 0.9469727873802185, 'test_f1': 0.9443609714508057, 'communication_cost': 1882068}
[ 2026-03-20 02:58:47 | node_1 | INFO ] 📢 Broadcasting metrics.
[ 2026-03-20 02:58:48 | node_1 | INFO ] 🎉 Round 7 of 10 finished.
[ 2026-03-20 02:58:48 | node_1 | INFO ] 🗳️ [DETERMINISTIC] Train set assigned (No Voting). Size: 3
[ 2026-03-20 02:58:48 | node_1 | INFO ] 🏋️‍♀️ Preparing training...
[ 2026-03-20 02:58:48 | node_2 | INFO ] 🎓 Training step done.
[ 2026-03-20 02:58:48 | node_2 | INFO ] 🛠️ Calling force_add_local_model...
[ 2026-03-20 02:58:48 | node_2 | INFO ] ✅ [FORCE] Local model added for round 7. (1/3)
[ 2026-03-20 02:58:49 | node | INFO ] 🎓 Training step done.
[ 2026-03-20 02:58:49 | node | INFO ] 🛠️ Calling force_add_local_model...
[ 2026-03-20 02:58:49 | node | INFO ] ✅ [FORCE] Local model added for round 7. (1/3)
[ 2026-03-20 02:58:49 | node_1 | INFO ] 🎓 Training step done.
[ 2026-03-20 02:58:49 | node_1 | INFO ] 🛠️ Calling force_add_local_model...
[ 2026-03-20 02:58:49 | node_1 | INFO ] ✅ [FORCE] Local model added for round 7. (1/3)
[ 2026-03-20 02:58:53 | node_2 | INFO ] 📤 Sending model to 2 direct neighbors: ['node', 'node_1']
[ 2026-03-20 02:58:53 | node | INFO ] 🧩 Model added for round 7 (2/3) from ['node_2']
[ 2026-03-20 02:58:54 | node | INFO ] 📤 Sending model to 2 direct neighbors: ['node_1', 'node_2']
[ 2026-03-20 02:58:54 | node_1 | INFO ] 🧩 Model added for round 7 (2/3) from ['node_2']
[ 2026-03-20 02:58:54 | node_1 | INFO ] 🧩 Model added for round 7 (3/3) from ['node']
[ 2026-03-20 02:58:54 | node_2 | INFO ] 🧩 Model added for round 7 (2/3) from ['node']
[ 2026-03-20 02:58:54 | node_1 | INFO ] 📤 Sending model to 2 direct neighbors: ['node', 'node_2']
[ 2026-03-20 02:58:54 | node | INFO ] 🧩 Model added for round 7 (3/3) from ['node_1']
[ 2026-03-20 02:58:54 | node | INFO ] 🧠 Aggregation complete. Setting new model.
[ 2026-03-20 02:58:54 | node | INFO ] 🗣️ Gossiping aggregated model.
[ 2026-03-20 02:58:54 | node_2 | INFO ] 🧩 Model added for round 7 (3/3) from ['node_1']
[ 2026-03-20 02:58:54 | node_2 | INFO ] 🧠 Aggregation complete. Setting new model.
[ 2026-03-20 02:58:54 | node_1 | INFO ] 🧠 Aggregation complete. Setting new model.
[ 2026-03-20 02:58:54 | node_2 | INFO ] 🗣️ Gossiping aggregated model.
[ 2026-03-20 02:58:54 | node_1 | INFO ] 🗣️ Gossiping aggregated model.
[ 2026-03-20 02:58:54 | node_1 | INFO ] 🤫 Gossip finished.
[ 2026-03-20 02:58:54 | node_1 | INFO ] 🔬 Evaluating...
[ 2026-03-20 02:58:55 | node_1 | INFO ] 📈 Evaluated. Results: {'test_loss': 0.17556124925613403, 'test_acc': 0.9640718698501587, 'test_precision': 0.9585322737693787, 'test_recall': 0.9566617608070374, 'test_f1': 0.9522396326065063, 'communication_cost': 1882068}
[ 2026-03-20 02:58:55 | node_1 | INFO ] 📢 Broadcasting metrics.
[ 2026-03-20 02:58:55 | node_1 | INFO ] 🎉 Round 8 of 10 finished.
[ 2026-03-20 02:58:55 | node_1 | INFO ] 🗳️ [DETERMINISTIC] Train set assigned (No Voting). Size: 3
[ 2026-03-20 02:58:55 | node_1 | INFO ] 🏋️‍♀️ Preparing training...
[ 2026-03-20 02:58:55 | node_2 | INFO ] 🤫 Gossip finished.
[ 2026-03-20 02:58:55 | node_2 | INFO ] 🔬 Evaluating...
[ 2026-03-20 02:58:55 | node | INFO ] 🤫 Gossip finished.
[ 2026-03-20 02:58:55 | node | INFO ] 🔬 Evaluating...
[ 2026-03-20 02:58:57 | node_2 | INFO ] 📈 Evaluated. Results: {'test_loss': 0.35089683532714844, 'test_acc': 0.9371257424354553, 'test_precision': 0.9410077929496765, 'test_recall': 0.9462989568710327, 'test_f1': 0.9371103048324585, 'communication_cost': 1882068}
[ 2026-03-20 02:58:57 | node | INFO ] 📈 Evaluated. Results: {'test_loss': 0.19054853916168213, 'test_acc': 0.970059871673584, 'test_precision': 0.972328245639801, 'test_recall': 0.9659348130226135, 'test_f1': 0.9664848446846008, 'communication_cost': 1882068}
[ 2026-03-20 02:58:57 | node_2 | INFO ] 📢 Broadcasting metrics.
[ 2026-03-20 02:58:57 | node | INFO ] 📢 Broadcasting metrics.
[ 2026-03-20 02:58:57 | node_2 | INFO ] 🎉 Round 8 of 10 finished.
[ 2026-03-20 02:58:57 | node_2 | INFO ] 🗳️ [DETERMINISTIC] Train set assigned (No Voting). Size: 3
[ 2026-03-20 02:58:57 | node | INFO ] 🎉 Round 8 of 10 finished.
[ 2026-03-20 02:58:57 | node | INFO ] 🗳️ [DETERMINISTIC] Train set assigned (No Voting). Size: 3
[ 2026-03-20 02:58:57 | node_2 | INFO ] 🏋️‍♀️ Preparing training...
[ 2026-03-20 02:58:57 | node | INFO ] 🏋️‍♀️ Preparing training...
[ 2026-03-20 02:58:58 | node_1 | INFO ] 🎓 Training step done.
[ 2026-03-20 02:58:58 | node_1 | INFO ] 🛠️ Calling force_add_local_model...
[ 2026-03-20 02:58:58 | node_1 | INFO ] ✅ [FORCE] Local model added for round 8. (1/3)
[ 2026-03-20 02:58:59 | node | INFO ] 🎓 Training step done.
[ 2026-03-20 02:58:59 | node | INFO ] 🛠️ Calling force_add_local_model...
[ 2026-03-20 02:58:59 | node_2 | INFO ] 🎓 Training step done.
[ 2026-03-20 02:58:59 | node | INFO ] ✅ [FORCE] Local model added for round 8. (1/3)
[ 2026-03-20 02:58:59 | node_2 | INFO ] 🛠️ Calling force_add_local_model...
[ 2026-03-20 02:58:59 | node_2 | INFO ] ✅ [FORCE] Local model added for round 8. (1/3)
[ 2026-03-20 02:59:03 | node_1 | INFO ] 📤 Sending model to 2 direct neighbors: ['node', 'node_2']
[ 2026-03-20 02:59:03 | node | INFO ] 🧩 Model added for round 8 (2/3) from ['node_1']
[ 2026-03-20 02:59:03 | node_2 | INFO ] 🧩 Model added for round 8 (2/3) from ['node_1']
[ 2026-03-20 02:59:02 | node | INFO ] 📤 Sending model to 2 direct neighbors: ['node_1', 'node_2']
[ 2026-03-20 02:59:02 | node_2 | INFO ] 📤 Sending model to 2 direct neighbors: ['node', 'node_1']
[ 2026-03-20 02:59:02 | node_1 | INFO ] 🧩 Model added for round 8 (2/3) from ['node']
[ 2026-03-20 02:59:02 | node | INFO ] 🧩 Model added for round 8 (3/3) from ['node_2']
[ 2026-03-20 02:59:02 | node_2 | INFO ] 🧩 Model added for round 8 (3/3) from ['node']
[ 2026-03-20 02:59:02 | node_1 | INFO ] 🧩 Model added for round 8 (3/3) from ['node_2']
[ 2026-03-20 02:59:02 | node_1 | INFO ] 🧠 Aggregation complete. Setting new model.
[ 2026-03-20 02:59:03 | node_1 | INFO ] 🗣️ Gossiping aggregated model.
[ 2026-03-20 02:59:03 | node | INFO ] 🧠 Aggregation complete. Setting new model.
[ 2026-03-20 02:59:03 | node_2 | INFO ] 🧠 Aggregation complete. Setting new model.
[ 2026-03-20 02:59:03 | node | INFO ] 🗣️ Gossiping aggregated model.
[ 2026-03-20 02:59:03 | node_2 | INFO ] 🗣️ Gossiping aggregated model.
[ 2026-03-20 02:59:03 | node | INFO ] 🤫 Gossip finished.
[ 2026-03-20 02:59:03 | node_2 | INFO ] 🤫 Gossip finished.
[ 2026-03-20 02:59:03 | node | INFO ] 🔬 Evaluating...
[ 2026-03-20 02:59:03 | node_2 | INFO ] 🔬 Evaluating...
[ 2026-03-20 02:59:03 | node | INFO ] 📈 Evaluated. Results: {'test_loss': 0.22098390758037567, 'test_acc': 0.9640718698501587, 'test_precision': 0.9637600779533386, 'test_recall': 0.9584298729896545, 'test_f1': 0.9584968090057373, 'communication_cost': 1882068}
[ 2026-03-20 02:59:03 | node_2 | INFO ] 📈 Evaluated. Results: {'test_loss': 0.24061165750026703, 'test_acc': 0.940119743347168, 'test_precision': 0.9428635835647583, 'test_recall': 0.9492451548576355, 'test_f1': 0.9406959414482117, 'communication_cost': 1882068}
[ 2026-03-20 02:59:03 | node | INFO ] 📢 Broadcasting metrics.
[ 2026-03-20 02:59:03 | node_2 | INFO ] 📢 Broadcasting metrics.
[ 2026-03-20 02:59:03 | node | INFO ] 🎉 Round 9 of 10 finished.
[ 2026-03-20 02:59:03 | node | INFO ] 🗳️ [DETERMINISTIC] Train set assigned (No Voting). Size: 3
[ 2026-03-20 02:59:03 | node | INFO ] 🏋️‍♀️ Preparing training...
[ 2026-03-20 02:59:03 | node_2 | INFO ] 🎉 Round 9 of 10 finished.
[ 2026-03-20 02:59:03 | node_2 | INFO ] 🗳️ [DETERMINISTIC] Train set assigned (No Voting). Size: 3
[ 2026-03-20 02:59:03 | node_2 | INFO ] 🏋️‍♀️ Preparing training...
[ 2026-03-20 02:59:04 | node_1 | INFO ] 🤫 Gossip finished.
[ 2026-03-20 02:59:04 | node_1 | INFO ] 🔬 Evaluating...
[ 2026-03-20 02:59:05 | node_1 | INFO ] 📈 Evaluated. Results: {'test_loss': 0.1286167949438095, 'test_acc': 0.9730538725852966, 'test_precision': 0.9664410948753357, 'test_recall': 0.9635578989982605, 'test_f1': 0.9608622193336487, 'communication_cost': 1882068}
[ 2026-03-20 02:59:05 | node_1 | INFO ] 📢 Broadcasting metrics.
[ 2026-03-20 02:59:05 | node_1 | INFO ] 🎉 Round 9 of 10 finished.
[ 2026-03-20 02:59:05 | node_1 | INFO ] 🗳️ [DETERMINISTIC] Train set assigned (No Voting). Size: 3
[ 2026-03-20 02:59:05 | node_1 | INFO ] 🏋️‍♀️ Preparing training...
[ 2026-03-20 02:59:06 | node_2 | INFO ] 🎓 Training step done.
[ 2026-03-20 02:59:06 | node | INFO ] 🎓 Training step done.
[ 2026-03-20 02:59:06 | node_2 | INFO ] 🛠️ Calling force_add_local_model...
[ 2026-03-20 02:59:06 | node | INFO ] 🛠️ Calling force_add_local_model...
[ 2026-03-20 02:59:06 | node_2 | INFO ] ✅ [FORCE] Local model added for round 9. (1/3)
[ 2026-03-20 02:59:06 | node | INFO ] ✅ [FORCE] Local model added for round 9. (1/3)
[ 2026-03-20 02:59:07 | node_1 | INFO ] 🎓 Training step done.
[ 2026-03-20 02:59:07 | node_1 | INFO ] 🛠️ Calling force_add_local_model...
[ 2026-03-20 02:59:07 | node_1 | INFO ] ✅ [FORCE] Local model added for round 9. (1/3)
[ 2026-03-20 02:59:11 | node_2 | INFO ] 📤 Sending model to 2 direct neighbors: ['node', 'node_1']
[ 2026-03-20 02:59:11 | node | INFO ] 📤 Sending model to 2 direct neighbors: ['node_1', 'node_2']
[ 2026-03-20 02:59:11 | node_1 | INFO ] 🧩 Model added for round 9 (2/3) from ['node']
[ 2026-03-20 02:59:11 | node | INFO ] 🧩 Model added for round 9 (2/3) from ['node_2']
[ 2026-03-20 02:59:11 | node_2 | INFO ] 🧩 Model added for round 9 (2/3) from ['node']
[ 2026-03-20 02:59:11 | node_1 | INFO ] 🧩 Model added for round 9 (3/3) from ['node_2']
[ 2026-03-20 02:59:12 | node_1 | INFO ] 📤 Sending model to 2 direct neighbors: ['node', 'node_2']
[ 2026-03-20 02:59:12 | node | INFO ] 🧩 Model added for round 9 (3/3) from ['node_1']
[ 2026-03-20 02:59:12 | node | INFO ] 🧠 Aggregation complete. Setting new model.
[ 2026-03-20 02:59:12 | node | INFO ] 🗣️ Gossiping aggregated model.
[ 2026-03-20 02:59:12 | node_2 | INFO ] 🧩 Model added for round 9 (3/3) from ['node_1']
[ 2026-03-20 02:59:12 | node_2 | INFO ] 🧠 Aggregation complete. Setting new model.
[ 2026-03-20 02:59:12 | node_1 | INFO ] 🧠 Aggregation complete. Setting new model.
[ 2026-03-20 02:59:12 | node_2 | INFO ] 🗣️ Gossiping aggregated model.
[ 2026-03-20 02:59:12 | node_1 | INFO ] 🗣️ Gossiping aggregated model.
[ 2026-03-20 02:59:12 | node_1 | INFO ] 🤫 Gossip finished.
[ 2026-03-20 02:59:12 | node_1 | INFO ] 🔬 Evaluating...
[ 2026-03-20 02:59:12 | node_1 | INFO ] 📈 Evaluated. Results: {'test_loss': 0.1119379997253418, 'test_acc': 0.9670658707618713, 'test_precision': 0.9545562267303467, 'test_recall': 0.956596851348877, 'test_f1': 0.9529036283493042, 'communication_cost': 1882068}
[ 2026-03-20 02:59:12 | node_1 | INFO ] 📢 Broadcasting metrics.
[ 2026-03-20 02:59:13 | node_1 | INFO ] 🎉 Round 10 of 10 finished.
[ 2026-03-20 02:59:13 | node_1 | INFO ] 😋 Training finished!!
[ 2026-03-20 02:59:13 | node | INFO ] 🤫 Gossip finished.
[ 2026-03-20 02:59:13 | node | INFO ] 🔬 Evaluating...
[ 2026-03-20 02:59:13 | node_2 | INFO ] 🤫 Gossip finished.
[ 2026-03-20 02:59:13 | node_2 | INFO ] 🔬 Evaluating...
[ 2026-03-20 02:59:14 | node | INFO ] 📈 Evaluated. Results: {'test_loss': 0.2242581993341446, 'test_acc': 0.9730538725852966, 'test_precision': 0.9727928638458252, 'test_recall': 0.9702234268188477, 'test_f1': 0.969565749168396, 'communication_cost': 1882068}
[ 2026-03-20 02:59:14 | node | INFO ] 📢 Broadcasting metrics.
[ 2026-03-20 02:59:14 | node | INFO ] 🎉 Round 10 of 10 finished.
[ 2026-03-20 02:59:14 | node | INFO ] 😋 Training finished!!
[ 2026-03-20 02:59:14 | node_2 | INFO ] 📈 Evaluated. Results: {'test_loss': 0.2600274980068207, 'test_acc': 0.946107804775238, 'test_precision': 0.9433726072311401, 'test_recall': 0.951842188835144, 'test_f1': 0.9397127032279968, 'communication_cost': 1882068}
[ 2026-03-20 02:59:14 | node_2 | INFO ] 📢 Broadcasting metrics.
[ 2026-03-20 02:59:14 | node_2 | INFO ] 🎉 Round 10 of 10 finished.
[ 2026-03-20 02:59:14 | node_2 | INFO ] 😋 Training finished!!
[ 2026-03-20 02:59:14 | None | INFO ] 🏁 All nodes finished training. Waiting 10s for final synchronization...
[ 2026-03-20 02:59:24 | node | INFO ] Stopping node...
[ 2026-03-20 02:59:24 | node | INFO ] 🛑 Stopping gossiper...
[ 2026-03-20 02:59:24 | node | INFO ] InMemoryServer stopped at node
[ 2026-03-20 02:59:24 | node_1 | INFO ] Stopping node...
[ 2026-03-20 02:59:24 | node_1 | INFO ] 🛑 Stopping gossiper...
[ 2026-03-20 02:59:24 | node_1 | INFO ] InMemoryServer stopped at node_1
[ 2026-03-20 02:59:24 | node_2 | INFO ] Stopping node...
[ 2026-03-20 02:59:24 | node_2 | INFO ] 🛑 Stopping gossiper...
[ 2026-03-20 02:59:24 | node_2 | INFO ] InMemoryServer stopped at node_2
