[ 2026-03-06 14:15:52 | None | INFO ] Created experiment folder: /root/p2pfl/experiments/p2pfl_MNIST_RandomIIDPartitionStrategy_FedAvg_model_build_fn_20260306_141552 and copied 99_centralized_mnist_test_verify.yaml
[ 2026-03-06 14:15:52 | None | INFO ] Set simulation heartbeat: timeout=99999s, period=1.0s
[ 2026-03-06 14:15:52 | None | INFO ] 🏗️ Running in CENTRALIZED mode.
[ 2026-03-06 14:15:56 | node | INFO ] InMemoryServer started at node
[ 2026-03-06 14:15:56 | node | INFO ] 🏁 Starting gossiper...
[ 2026-03-06 14:15:56 | None | INFO ] 🚀 Created 0/5 nodes, waiting 0.50s...
[ 2026-03-06 14:15:56 | node_1 | INFO ] InMemoryServer started at node_1
[ 2026-03-06 14:15:56 | node_1 | INFO ] 🏁 Starting gossiper...
[ 2026-03-06 14:15:57 | node_2 | INFO ] InMemoryServer started at node_2
[ 2026-03-06 14:15:57 | node_2 | INFO ] 🏁 Starting gossiper...
[ 2026-03-06 14:15:57 | node_3 | INFO ] InMemoryServer started at node_3
[ 2026-03-06 14:15:57 | node_3 | INFO ] 🏁 Starting gossiper...
[ 2026-03-06 14:15:58 | node_4 | INFO ] InMemoryServer started at node_4
[ 2026-03-06 14:15:58 | node_4 | INFO ] 🏁 Starting gossiper...
[ 2026-03-06 14:15:59 |  | INFO ] Connected nodes node and node_1
[ 2026-03-06 14:15:59 |  | INFO ] Connected nodes node and node_2
[ 2026-03-06 14:15:59 |  | INFO ] Connected nodes node and node_3
[ 2026-03-06 14:15:59 |  | INFO ] Connected nodes node and node_4
[ 2026-03-06 14:15:59 | None | INFO ] 📡 Performing global simulation discovery for 5 nodes...
[ 2026-03-06 14:15:59 | None | INFO ] ⌛ Waiting for direct topology connections (1-4 per node)...
[ 2026-03-06 14:15:59 | None | INFO ] ✅ Network topology ready.
[ 2026-03-06 14:15:59 | node | INFO ] 🚀 Broadcasting start learning to 5 nodes...
[ 2026-03-06 14:15:59 | node_1 | INFO ] 🔍 Neighbors found: ['node'] | Degree: 1
[ 2026-03-06 14:15:59 | node_2 | INFO ] 🔍 Neighbors found: ['node'] | Degree: 1
[ 2026-03-06 14:15:59 | node_1 | INFO ] 💻 Node is CLIENT. Waiting for initialization.
[ 2026-03-06 14:15:59 | node_3 | INFO ] 🔍 Neighbors found: ['node'] | Degree: 1
[ 2026-03-06 14:15:59 | node_2 | INFO ] 💻 Node is CLIENT. Waiting for initialization.
[ 2026-03-06 14:15:59 | node_4 | INFO ] 🔍 Neighbors found: ['node'] | Degree: 1
[ 2026-03-06 14:15:59 | node_3 | INFO ] 💻 Node is CLIENT. Waiting for initialization.
[ 2026-03-06 14:15:59 | node_4 | INFO ] 💻 Node is CLIENT. Waiting for initialization.
[ 2026-03-06 14:15:59 | node | INFO ] 🔍 Neighbors found: ['node_1', 'node_2', 'node_3', 'node_4'] | Degree: 4
[ 2026-03-06 14:15:59 | node | INFO ] 👑 Node is SERVER. Broadcasting initial model.
[ 2026-03-06 14:15:59 | node_1 | INFO ] 🔬 Evaluating...
[ 2026-03-06 14:15:59 | node_2 | INFO ] 🔬 Evaluating...
[ 2026-03-06 14:15:59 | node_3 | INFO ] 🔬 Evaluating...
[ 2026-03-06 14:15:59 | node_4 | INFO ] 🔬 Evaluating...
[ 2026-03-06 14:15:59 | node | INFO ] ⏳ Round 0: Server waiting for 4 updates.
[ 2026-03-06 14:16:01 | node_1 | INFO ] 📈 Evaluated. Results: {'test_loss': 20.3647518157959, 'test_acc': 0.07500000298023224, 'test_precision': 0.01383254025131464, 'test_recall': 0.07967619597911835, 'test_f1': 0.022624492645263672, 'communication_cost': 0}
[ 2026-03-06 14:16:01 | node_1 | INFO ] 🚂 Round 0: Client training...
[ 2026-03-06 14:16:01 | node | INFO ] 🧩 Model added for round 0 (1/4) from ['node_1']
[ 2026-03-06 14:16:01 | node_2 | INFO ] 📈 Evaluated. Results: {'test_loss': 20.648475646972656, 'test_acc': 0.10000000149011612, 'test_precision': 0.018725518137216568, 'test_recall': 0.09769697487354279, 'test_f1': 0.028889266774058342, 'communication_cost': 0}
[ 2026-03-06 14:16:01 | node_2 | INFO ] 🚂 Round 0: Client training...
[ 2026-03-06 14:16:01 | node | INFO ] 🧩 Model added for round 0 (2/4) from ['node_2']
[ 2026-03-06 14:16:02 | node_3 | INFO ] 📈 Evaluated. Results: {'test_loss': 19.053787231445312, 'test_acc': 0.14499999582767487, 'test_precision': 0.024591291323304176, 'test_recall': 0.11173684149980545, 'test_f1': 0.039397720247507095, 'communication_cost': 0}
[ 2026-03-06 14:16:02 | node_3 | INFO ] 🚂 Round 0: Client training...
[ 2026-03-06 14:16:02 | node | INFO ] 🧩 Model added for round 0 (3/4) from ['node_3']
[ 2026-03-06 14:16:02 | node_4 | INFO ] 📈 Evaluated. Results: {'test_loss': 21.147005081176758, 'test_acc': 0.10499999672174454, 'test_precision': 0.01820400170981884, 'test_recall': 0.10276666283607483, 'test_f1': 0.03031773492693901, 'communication_cost': 0}
[ 2026-03-06 14:16:02 | node_4 | INFO ] 🚂 Round 0: Client training...
[ 2026-03-06 14:16:03 | node | INFO ] 🧩 Model added for round 0 (4/4) from ['node_4']
[ 2026-03-06 14:16:03 | node | INFO ] 🔬 Evaluating...
[ 2026-03-06 14:16:04 | node | INFO ] 📈 Evaluated. Results: {'test_loss': 0.7676283121109009, 'test_acc': 0.75, 'test_precision': 0.7853033542633057, 'test_recall': 0.7486955523490906, 'test_f1': 0.7494751214981079, 'communication_cost': 3764136}
[ 2026-03-06 14:16:04 | node | INFO ] ⏳ Round 1: Server waiting for 4 updates.
[ 2026-03-06 14:16:04 | node_2 | INFO ] 🔬 Evaluating...
[ 2026-03-06 14:16:04 | node_2 | INFO ] 📈 Evaluated. Results: {'test_loss': 0.8970409631729126, 'test_acc': 0.7250000238418579, 'test_precision': 0.7651050090789795, 'test_recall': 0.7336031198501587, 'test_f1': 0.7224165201187134, 'communication_cost': 0}
[ 2026-03-06 14:16:04 | node_2 | INFO ] 🚂 Round 1: Client training...
[ 2026-03-06 14:16:04 | node_1 | INFO ] 🔬 Evaluating...
[ 2026-03-06 14:16:04 | node_4 | INFO ] 🔬 Evaluating...
[ 2026-03-06 14:16:04 | node_1 | INFO ] 📈 Evaluated. Results: {'test_loss': 0.881875216960907, 'test_acc': 0.7250000238418579, 'test_precision': 0.7747064828872681, 'test_recall': 0.7203541398048401, 'test_f1': 0.7232202291488647, 'communication_cost': 0}
[ 2026-03-06 14:16:04 | node_1 | INFO ] 🚂 Round 1: Client training...
[ 2026-03-06 14:16:04 | node | INFO ] 🧩 Model added for round 1 (1/4) from ['node_2']
[ 2026-03-06 14:16:04 | node_4 | INFO ] 📈 Evaluated. Results: {'test_loss': 0.8185350298881531, 'test_acc': 0.75, 'test_precision': 0.8170436024665833, 'test_recall': 0.7488247752189636, 'test_f1': 0.7603701949119568, 'communication_cost': 0}
[ 2026-03-06 14:16:04 | node_4 | INFO ] 🚂 Round 1: Client training...
[ 2026-03-06 14:16:04 | node_3 | INFO ] 🔬 Evaluating...
[ 2026-03-06 14:16:04 | node_3 | INFO ] 📈 Evaluated. Results: {'test_loss': 0.8595036864280701, 'test_acc': 0.7149999737739563, 'test_precision': 0.7385765314102173, 'test_recall': 0.717078685760498, 'test_f1': 0.710645854473114, 'communication_cost': 0}
[ 2026-03-06 14:16:04 | node_3 | INFO ] 🚂 Round 1: Client training...
[ 2026-03-06 14:16:04 | node | INFO ] 🧩 Model added for round 1 (2/4) from ['node_1']
[ 2026-03-06 14:16:04 | node | INFO ] 🧩 Model added for round 1 (3/4) from ['node_4']
[ 2026-03-06 14:16:04 | node | INFO ] 🧩 Model added for round 1 (4/4) from ['node_3']
[ 2026-03-06 14:16:05 | node | INFO ] 🔬 Evaluating...
[ 2026-03-06 14:16:05 | node | INFO ] 📈 Evaluated. Results: {'test_loss': 0.3835827112197876, 'test_acc': 0.8899999856948853, 'test_precision': 0.9037116169929504, 'test_recall': 0.8834230303764343, 'test_f1': 0.8857386708259583, 'communication_cost': 3764136}
[ 2026-03-06 14:16:05 | node | INFO ] ⏳ Round 2: Server waiting for 4 updates.
[ 2026-03-06 14:16:05 | node_2 | INFO ] 🔬 Evaluating...
[ 2026-03-06 14:16:05 | node_2 | INFO ] 📈 Evaluated. Results: {'test_loss': 0.3725651800632477, 'test_acc': 0.8999999761581421, 'test_precision': 0.8843749165534973, 'test_recall': 0.9143548607826233, 'test_f1': 0.890342116355896, 'communication_cost': 0}
[ 2026-03-06 14:16:05 | node_2 | INFO ] 🚂 Round 2: Client training...
[ 2026-03-06 14:16:05 | node_1 | INFO ] 🔬 Evaluating...
[ 2026-03-06 14:16:05 | node_4 | INFO ] 🔬 Evaluating...
[ 2026-03-06 14:16:05 | node_1 | INFO ] 📈 Evaluated. Results: {'test_loss': 0.37353137135505676, 'test_acc': 0.8849999904632568, 'test_precision': 0.8809264898300171, 'test_recall': 0.8838008046150208, 'test_f1': 0.8745661973953247, 'communication_cost': 0}
[ 2026-03-06 14:16:05 | node_1 | INFO ] 🚂 Round 2: Client training...
[ 2026-03-06 14:16:05 | node | INFO ] 🧩 Model added for round 2 (1/4) from ['node_2']
[ 2026-03-06 14:16:05 | node_4 | INFO ] 📈 Evaluated. Results: {'test_loss': 0.4173623025417328, 'test_acc': 0.8949999809265137, 'test_precision': 0.8962043523788452, 'test_recall': 0.8990312218666077, 'test_f1': 0.8917930722236633, 'communication_cost': 0}
[ 2026-03-06 14:16:05 | node_4 | INFO ] 🚂 Round 2: Client training...
[ 2026-03-06 14:16:05 | node_3 | INFO ] 🔬 Evaluating...
[ 2026-03-06 14:16:05 | node_3 | INFO ] 📈 Evaluated. Results: {'test_loss': 0.5698628425598145, 'test_acc': 0.8550000190734863, 'test_precision': 0.8480342030525208, 'test_recall': 0.8490850925445557, 'test_f1': 0.8426892161369324, 'communication_cost': 0}
[ 2026-03-06 14:16:05 | node_3 | INFO ] 🚂 Round 2: Client training...
[ 2026-03-06 14:16:06 | node | INFO ] 🧩 Model added for round 2 (2/4) from ['node_4']
[ 2026-03-06 14:16:06 | node | INFO ] 🧩 Model added for round 2 (3/4) from ['node_1']
[ 2026-03-06 14:16:06 | node | INFO ] 🧩 Model added for round 2 (4/4) from ['node_3']
[ 2026-03-06 14:16:06 | node | INFO ] 🔬 Evaluating...
[ 2026-03-06 14:16:06 | node | INFO ] 📈 Evaluated. Results: {'test_loss': 0.2675120234489441, 'test_acc': 0.9100000262260437, 'test_precision': 0.920555591583252, 'test_recall': 0.9065248370170593, 'test_f1': 0.90645432472229, 'communication_cost': 3764136}
[ 2026-03-06 14:16:06 | node | INFO ] ⏳ Round 3: Server waiting for 4 updates.
[ 2026-03-06 14:16:06 | node_3 | INFO ] 🔬 Evaluating...
[ 2026-03-06 14:16:06 | node_3 | INFO ] 📈 Evaluated. Results: {'test_loss': 0.4147087335586548, 'test_acc': 0.8799999952316284, 'test_precision': 0.882667064666748, 'test_recall': 0.8711926341056824, 'test_f1': 0.868344247341156, 'communication_cost': 0}
[ 2026-03-06 14:16:06 | node_3 | INFO ] 🚂 Round 3: Client training...
[ 2026-03-06 14:16:06 | node | INFO ] 🧩 Model added for round 3 (1/4) from ['node_3']
[ 2026-03-06 14:16:06 | node_2 | INFO ] 🔬 Evaluating...
[ 2026-03-06 14:16:06 | node_2 | INFO ] 📈 Evaluated. Results: {'test_loss': 0.26046860218048096, 'test_acc': 0.9150000214576721, 'test_precision': 0.9036537408828735, 'test_recall': 0.9268449544906616, 'test_f1': 0.9107939004898071, 'communication_cost': 0}
[ 2026-03-06 14:16:06 | node_2 | INFO ] 🚂 Round 3: Client training...
[ 2026-03-06 14:16:07 | node_4 | INFO ] 🔬 Evaluating...
[ 2026-03-06 14:16:07 | node_1 | INFO ] 🔬 Evaluating...
[ 2026-03-06 14:16:07 | node | INFO ] 🧩 Model added for round 3 (2/4) from ['node_2']
[ 2026-03-06 14:16:07 | node_4 | INFO ] 📈 Evaluated. Results: {'test_loss': 0.337116539478302, 'test_acc': 0.9150000214576721, 'test_precision': 0.9186253547668457, 'test_recall': 0.9203073978424072, 'test_f1': 0.9149438738822937, 'communication_cost': 0}
[ 2026-03-06 14:16:07 | node_4 | INFO ] 🚂 Round 3: Client training...
[ 2026-03-06 14:16:07 | node_1 | INFO ] 📈 Evaluated. Results: {'test_loss': 0.29423633217811584, 'test_acc': 0.8949999809265137, 'test_precision': 0.8988611698150635, 'test_recall': 0.8977851271629333, 'test_f1': 0.8886038064956665, 'communication_cost': 0}
[ 2026-03-06 14:16:07 | node_1 | INFO ] 🚂 Round 3: Client training...
[ 2026-03-06 14:16:07 | node | INFO ] 🧩 Model added for round 3 (3/4) from ['node_4']
[ 2026-03-06 14:16:07 | node | INFO ] 🧩 Model added for round 3 (4/4) from ['node_1']
[ 2026-03-06 14:16:07 | node | INFO ] 🔬 Evaluating...
[ 2026-03-06 14:16:07 | node | INFO ] 📈 Evaluated. Results: {'test_loss': 0.3544839918613434, 'test_acc': 0.9100000262260437, 'test_precision': 0.9110807776451111, 'test_recall': 0.9109428524971008, 'test_f1': 0.9069908261299133, 'communication_cost': 3764136}
[ 2026-03-06 14:16:07 | node | INFO ] ⏳ Round 4: Server waiting for 4 updates.
[ 2026-03-06 14:16:07 | node_4 | INFO ] 🔬 Evaluating...
[ 2026-03-06 14:16:07 | node_1 | INFO ] 🔬 Evaluating...
[ 2026-03-06 14:16:07 | node_4 | INFO ] 📈 Evaluated. Results: {'test_loss': 0.2713375985622406, 'test_acc': 0.925000011920929, 'test_precision': 0.9239538311958313, 'test_recall': 0.9297476410865784, 'test_f1': 0.9228208661079407, 'communication_cost': 0}
[ 2026-03-06 14:16:07 | node_4 | INFO ] 🚂 Round 4: Client training...
[ 2026-03-06 14:16:07 | node_1 | INFO ] 📈 Evaluated. Results: {'test_loss': 0.25168004631996155, 'test_acc': 0.9350000023841858, 'test_precision': 0.9326077103614807, 'test_recall': 0.9365177154541016, 'test_f1': 0.928752601146698, 'communication_cost': 0}
[ 2026-03-06 14:16:07 | node_1 | INFO ] 🚂 Round 4: Client training...
[ 2026-03-06 14:16:07 | node_3 | INFO ] 🔬 Evaluating...
[ 2026-03-06 14:16:07 | node_3 | INFO ] 📈 Evaluated. Results: {'test_loss': 0.34520745277404785, 'test_acc': 0.8899999856948853, 'test_precision': 0.8973718881607056, 'test_recall': 0.8969519734382629, 'test_f1': 0.8824465870857239, 'communication_cost': 0}
[ 2026-03-06 14:16:07 | node_3 | INFO ] 🚂 Round 4: Client training...
[ 2026-03-06 14:16:07 | node | INFO ] 🧩 Model added for round 4 (1/4) from ['node_4']
[ 2026-03-06 14:16:07 | node | INFO ] 🧩 Model added for round 4 (2/4) from ['node_1']
[ 2026-03-06 14:16:08 | node | INFO ] 🧩 Model added for round 4 (3/4) from ['node_3']
[ 2026-03-06 14:16:08 | node_2 | INFO ] 🔬 Evaluating...
[ 2026-03-06 14:16:08 | node_2 | INFO ] 📈 Evaluated. Results: {'test_loss': 0.27445632219314575, 'test_acc': 0.9449999928474426, 'test_precision': 0.9307406544685364, 'test_recall': 0.9494541883468628, 'test_f1': 0.9371041655540466, 'communication_cost': 0}
[ 2026-03-06 14:16:08 | node_2 | INFO ] 🚂 Round 4: Client training...
[ 2026-03-06 14:16:08 | node | INFO ] 🧩 Model added for round 4 (4/4) from ['node_2']
[ 2026-03-06 14:16:08 | node | INFO ] 🔬 Evaluating...
[ 2026-03-06 14:16:08 | node | INFO ] 📈 Evaluated. Results: {'test_loss': 0.3369233012199402, 'test_acc': 0.9350000023841858, 'test_precision': 0.9346763491630554, 'test_recall': 0.9330590963363647, 'test_f1': 0.9303735494613647, 'communication_cost': 3764136}
[ 2026-03-06 14:16:08 | node | INFO ] ⏳ Round 5: Server waiting for 4 updates.
[ 2026-03-06 14:16:08 | node_2 | INFO ] 🔬 Evaluating...
[ 2026-03-06 14:16:08 | node_2 | INFO ] 📈 Evaluated. Results: {'test_loss': 0.3309304416179657, 'test_acc': 0.9200000166893005, 'test_precision': 0.9144420027732849, 'test_recall': 0.9357683658599854, 'test_f1': 0.9205496311187744, 'communication_cost': 0}
[ 2026-03-06 14:16:08 | node_2 | INFO ] 🚂 Round 5: Client training...
[ 2026-03-06 14:16:08 | node_4 | INFO ] 🔬 Evaluating...
[ 2026-03-06 14:16:08 | node_1 | INFO ] 🔬 Evaluating...
[ 2026-03-06 14:16:09 | node_1 | INFO ] 📈 Evaluated. Results: {'test_loss': 0.20821630954742432, 'test_acc': 0.9399999976158142, 'test_precision': 0.9451040029525757, 'test_recall': 0.9377055168151855, 'test_f1': 0.9388035535812378, 'communication_cost': 0}
[ 2026-03-06 14:16:09 | node_1 | INFO ] 🚂 Round 5: Client training...
[ 2026-03-06 14:16:09 | node_4 | INFO ] 📈 Evaluated. Results: {'test_loss': 0.34809836745262146, 'test_acc': 0.9150000214576721, 'test_precision': 0.9136554002761841, 'test_recall': 0.9173125624656677, 'test_f1': 0.9110084772109985, 'communication_cost': 0}
[ 2026-03-06 14:16:09 | node_4 | INFO ] 🚂 Round 5: Client training...
[ 2026-03-06 14:16:09 | node | INFO ] 🧩 Model added for round 5 (1/4) from ['node_2']
[ 2026-03-06 14:16:09 | node_3 | INFO ] 🔬 Evaluating...
[ 2026-03-06 14:16:09 | node_3 | INFO ] 📈 Evaluated. Results: {'test_loss': 0.3294259309768677, 'test_acc': 0.9200000166893005, 'test_precision': 0.9259028434753418, 'test_recall': 0.9110029339790344, 'test_f1': 0.9153242707252502, 'communication_cost': 0}
[ 2026-03-06 14:16:09 | node_3 | INFO ] 🚂 Round 5: Client training...
[ 2026-03-06 14:16:09 | node | INFO ] 🧩 Model added for round 5 (2/4) from ['node_1']
[ 2026-03-06 14:16:09 | node | INFO ] 🧩 Model added for round 5 (3/4) from ['node_4']
[ 2026-03-06 14:16:09 | node | INFO ] 🧩 Model added for round 5 (4/4) from ['node_3']
[ 2026-03-06 14:16:09 | node | INFO ] 🔬 Evaluating...
[ 2026-03-06 14:16:09 | node | INFO ] 📈 Evaluated. Results: {'test_loss': 0.2792067229747772, 'test_acc': 0.9350000023841858, 'test_precision': 0.9297959208488464, 'test_recall': 0.9305863976478577, 'test_f1': 0.9278870224952698, 'communication_cost': 3764136}
[ 2026-03-06 14:16:09 | node | INFO ] 🏁 Training Finished.
[ 2026-03-06 14:16:10 | None | INFO ] 🏁 All nodes finished training. Finalizing...
[ 2026-03-06 14:16:12 | node | INFO ] Stopping node...
[ 2026-03-06 14:16:12 | ActorPool | INFO ] Shutting down pool with 1 idle actors.
[ 2026-03-06 14:16:12 | node | INFO ] 🛑 Stopping gossiper...
[ 2026-03-06 14:16:12 | node | INFO ] InMemoryServer stopped at node
[ 2026-03-06 14:16:12 | node_1 | INFO ] Stopping node...
[ 2026-03-06 14:16:12 | ActorPool | INFO ] Shutting down pool with 1 idle actors.
[ 2026-03-06 14:16:12 | node_1 | INFO ] 🛑 Stopping gossiper...
[ 2026-03-06 14:16:12 | node_1 | INFO ] InMemoryServer stopped at node_1
[ 2026-03-06 14:16:12 | node_2 | INFO ] Stopping node...
[ 2026-03-06 14:16:12 | ActorPool | INFO ] Shutting down pool with 1 idle actors.
[ 2026-03-06 14:16:12 | node_2 | INFO ] 🛑 Stopping gossiper...
[ 2026-03-06 14:16:12 | node_2 | INFO ] InMemoryServer stopped at node_2
[ 2026-03-06 14:16:12 | node_3 | INFO ] Stopping node...
[ 2026-03-06 14:16:12 | ActorPool | INFO ] Shutting down pool with 1 idle actors.
[ 2026-03-06 14:16:12 | node_3 | INFO ] 🛑 Stopping gossiper...
[ 2026-03-06 14:16:12 | node_3 | INFO ] InMemoryServer stopped at node_3
[ 2026-03-06 14:16:12 | node_4 | INFO ] Stopping node...
[ 2026-03-06 14:16:12 | ActorPool | INFO ] Shutting down pool with 1 idle actors.
[ 2026-03-06 14:16:12 | node_4 | INFO ] 🛑 Stopping gossiper...
[ 2026-03-06 14:16:12 | node_4 | INFO ] InMemoryServer stopped at node_4
[ 2026-03-06 14:16:12 | None | INFO ] 🌙 Shutting down Ray cluster...
